*******************************************************************************
16.10.2025 09:20:42 - Start cpacs_interface
16.10.2025 09:20:42 - [MODULE RUNTIMEINFO] - cpacs_interface
16.10.2025 09:20:42 -    [CONSOLE  ] - [ON]
16.10.2025 09:20:42 -    [LOG      ] - [ON]
16.10.2025 09:20:42 -    [PLOT     ] - [OFF]
16.10.2025 09:20:42 -       [COPY  ] - [ON]
16.10.2025 09:20:42 -       [DELETE] - [ON]
16.10.2025 09:20:42 -    [REPORT   ] - [OFF]
16.10.2025 09:20:42 -    [TEX      ] - [OFF]
16.10.2025 09:20:42 -    [INFOFILES] - [OFF]
16.10.2025 09:20:42 -    [GNUPLOT]
16.10.2025 09:20:42 -       [PATH    ] - C:/Programs/UNICADOworkflow/gnuplot
16.10.2025 09:20:42 -       [FILENAME] - 
16.10.2025 09:20:42 -    [INKSCAPE]
16.10.2025 09:20:42 -       [PATH    ] - C:/Programs/UNICADOworkflow/inkscape
16.10.2025 09:20:42 -       [FILENAME] - 
16.10.2025 09:20:42 -    [LOGFILE]
16.10.2025 09:20:42 -       [PATH    ] - C:/Programs/UNICADOworkflow/workingDirectoryRCE/UNICADOworkflow_2025-10-16_09-20-18_13
16.10.2025 09:20:42 -       [FILENAME] - cpacs_interface.log
16.10.2025 09:20:42 -    [IO/ACXML]
16.10.2025 09:20:42 -       [PATH    ] - C:/Programs/UNICADOworkflow/workingDirectoryRCE/UNICADOworkflow_2025-10-16_09-20-18_13/UNICADO-SMR-01
16.10.2025 09:20:42 -       [FILENAME] - UNICADO-SMR-01.xml
16.10.2025 09:20:42 -    [MODCONFIG]
16.10.2025 09:20:42 -       [PATH    ] - ../workingDirectoryRCE/UNICADOworkflow_2025-10-16_09-20-18_13
16.10.2025 09:20:42 -       [FILENAME] - cpacs_interface_conf.xml
16.10.2025 09:20:42 - Checking directory... [REPORT]
16.10.2025 09:20:42 - Checking directory... [TEX]
16.10.2025 09:20:42 - Checking directory... [LOGFILES]
16.10.2025 09:20:42 - Initialize C++ object for the UNICADO XML
16.10.2025 09:20:42 - Initialize C++ object for CPACS
16.10.2025 09:20:42 - Run conversion: UNICADO -> CPACS
16.10.2025 09:20:42 - ###############################################
16.10.2025 09:20:42 - Target aircraft: UNICADO-SMR-01
16.10.2025 09:20:42 - -----------------------------------------------
16.10.2025 09:20:42 - Read UNICADO Design Specifications
16.10.2025 09:20:42 - WARNING: Node to read not existing ... enabled
16.10.2025 09:20:42 - -----------------------------------------------
16.10.2025 09:20:42 - Read UNICADO Accommodation
16.10.2025 09:20:42 - -----------------------------------------------
16.10.2025 09:20:42 - Read UNICADO Masses and Loadings
16.10.2025 09:20:42 - -----------------------------------------------
16.10.2025 09:20:42 - Read UNICADO Propulsion
16.10.2025 09:20:42 - -----------------------------------------------
16.10.2025 09:20:42 - Read UNICADO Geometry
16.10.2025 09:20:42 - -----------------------------------------------
16.10.2025 09:20:42 - Read UNICADO Systems
16.10.2025 09:20:42 - -----------------------------------------------
16.10.2025 09:20:42 - Read UNICADO Aerodynamics
16.10.2025 09:20:42 - -----------------------------------------------
16.10.2025 09:20:42 - Read UNICADO StabilityAndControlCharacteristics
16.10.2025 09:20:42 - -----------------------------------------------
16.10.2025 09:20:42 - Read UNICADO Missions and Trajectory
16.10.2025 09:20:42 - -----------------------------------------------
16.10.2025 09:20:42 - Read UNICADO Requirements
16.10.2025 09:20:42 - Convert Design Specifications to CPACS
16.10.2025 09:20:42 - Convert Accommodation to CPACS
16.10.2025 09:20:42 - Convert Masses and Loadings to CPACS
16.10.2025 09:20:42 - WARNING: Cpacs mass element: mMiscellaneous not found.
16.10.2025 09:20:42 - WARNING: Cpacs mass element: mMiscellaneous not found.
16.10.2025 09:20:42 - Convert Geometry to CPACS
16.10.2025 09:20:42 - Convert geometry of Fuselage
16.10.2025 09:20:42 - Convert geometry of main_wing
16.10.2025 09:20:42 - Convert geometry of vertical_stabiliser
16.10.2025 09:20:42 - Convert geometry of horizontal_stabiliser
16.10.2025 09:20:42 - Convert geometry of Nacelles
16.10.2025 09:20:42 - Convert geometry of Landing Gears
16.10.2025 09:20:42 - Convert Systems to CPACS
16.10.2025 09:20:42 - Convert Aerodynamics to CPACS
16.10.2025 09:20:42 - Convert StabilityAndControlCharacteristics to CPACS
16.10.2025 09:20:42 - Convert Missions and Trajectory to CPACS
16.10.2025 09:20:42 - Convert Monetary Values to CPACS
16.10.2025 09:20:42 - Convert Ecological Values to CPACS
16.10.2025 09:20:42 - Convert Requirements to CPACS
16.10.2025 09:20:42 - Convert Propulsion to CPACS
16.10.2025 09:20:43 - WARNING: Unicado mass element: EngineControls not found
16.10.2025 09:20:43 - WARNING: Unicado mass element: EngineControls not found
16.10.2025 09:20:43 - ###############################################
16.10.2025 09:20:43 - -----------------------------------------------
16.10.2025 09:20:43 - Write <cpacs/header> ...
16.10.2025 09:20:43 - Create new header...
16.10.2025 09:20:43 - Write <cpacs/vehicles> ...
16.10.2025 09:20:43 - Write <cpacs/vehicles/aircraft/> ...
16.10.2025 09:20:43 - WARNING: Cannot delete model from tree.
16.10.2025 09:20:43 - Write <cpacs/vehicles/aircraft/model/fuselage> ...
16.10.2025 09:20:43 - Write <cpacs/vehicles/aircraft/model/wings> ...
16.10.2025 09:20:43 - Write <cpacs/vehicles/aircraft/model/nacelles> ...
16.10.2025 09:20:43 - Write <cpacs/vehicles/aircraft/model/engines> ...
16.10.2025 09:20:43 - Write <cpacs/vehicles/aircraft/model/landingGears> ...
16.10.2025 09:20:43 - Write <cpacs/vehicles/aircraft/model/systems> ...
16.10.2025 09:20:43 - Write <cpacs/vehicles/aircraft/model/analysis> ...
16.10.2025 09:20:43 - Write <cpacs/vehicles/aircraft/model/analysis/massBreakdown> ...
16.10.2025 09:20:43 - Write <cpacs/vehicles/engines> ...
16.10.2025 09:20:43 - Write <cpacs/vehicles/profiles> ...
16.10.2025 09:20:43 - Write <cpacs/vehicles/profiles/fuselageProfiles>...
16.10.2025 09:20:43 - Write <cpacs/vehicles/profiles/wingAirfoils>...
16.10.2025 09:20:43 - Write <cpacs/vehicles/profiles/fuselageProfiles>...
16.10.2025 09:20:43 - Write <cpacs/vehicles/profiles/wingAirfoils>...
16.10.2025 09:20:43 - Write <cpacs/vehicles/materials> ...
16.10.2025 09:20:43 - deleteEmptyTrees
16.10.2025 09:20:43 - Finish cpacs_interface
*******************************************************************************
16.10.2025 09:21:21 - Start cpacs_interface
16.10.2025 09:21:21 - [MODULE RUNTIMEINFO] - cpacs_interface
16.10.2025 09:21:21 -    [CONSOLE  ] - [ON]
16.10.2025 09:21:21 -    [LOG      ] - [ON]
16.10.2025 09:21:21 -    [PLOT     ] - [OFF]
16.10.2025 09:21:21 -       [COPY  ] - [ON]
16.10.2025 09:21:21 -       [DELETE] - [ON]
16.10.2025 09:21:21 -    [REPORT   ] - [OFF]
16.10.2025 09:21:21 -    [TEX      ] - [OFF]
16.10.2025 09:21:21 -    [INFOFILES] - [OFF]
16.10.2025 09:21:21 -    [GNUPLOT]
16.10.2025 09:21:21 -       [PATH    ] - C:/Programs/UNICADOworkflow/gnuplot
16.10.2025 09:21:21 -       [FILENAME] - 
16.10.2025 09:21:21 -    [INKSCAPE]
16.10.2025 09:21:21 -       [PATH    ] - C:/Programs/UNICADOworkflow/inkscape
16.10.2025 09:21:21 -       [FILENAME] - 
16.10.2025 09:21:21 -    [LOGFILE]
16.10.2025 09:21:21 -       [PATH    ] - C:/Programs/UNICADOworkflow/workingDirectoryRCE/UNICADOworkflow_2025-10-16_09-20-18_13
16.10.2025 09:21:21 -       [FILENAME] - cpacs_interface.log
16.10.2025 09:21:21 -    [IO/ACXML]
16.10.2025 09:21:21 -       [PATH    ] - C:/Programs/UNICADOworkflow/workingDirectoryRCE/UNICADOworkflow_2025-10-16_09-20-18_13/UNICADO-SMR-01
16.10.2025 09:21:21 -       [FILENAME] - UNICADO-SMR-01.xml
16.10.2025 09:21:21 -    [MODCONFIG]
16.10.2025 09:21:21 -       [PATH    ] - ../workingDirectoryRCE/UNICADOworkflow_2025-10-16_09-20-18_13
16.10.2025 09:21:21 -       [FILENAME] - cpacs_interface_conf.xml
16.10.2025 09:21:21 - Checking directory... [REPORT]
16.10.2025 09:21:21 - Checking directory... [TEX]
16.10.2025 09:21:21 - Checking directory... [LOGFILES]
16.10.2025 09:21:21 - Initialize C++ object for the UNICADO XML
16.10.2025 09:21:21 - Initialize C++ object for CPACS
16.10.2025 09:21:21 - Run conversion: UNICADO -> CPACS
16.10.2025 09:21:21 - ###############################################
16.10.2025 09:21:21 - Target aircraft: UNICADO-SMR-01
16.10.2025 09:21:21 - -----------------------------------------------
16.10.2025 09:21:21 - Read UNICADO Design Specifications
16.10.2025 09:21:21 - WARNING: Node to read not existing ... enabled
16.10.2025 09:21:21 - -----------------------------------------------
16.10.2025 09:21:21 - Read UNICADO Accommodation
16.10.2025 09:21:21 - -----------------------------------------------
16.10.2025 09:21:21 - Read UNICADO Masses and Loadings
16.10.2025 09:21:21 - -----------------------------------------------
16.10.2025 09:21:21 - Read UNICADO Propulsion
16.10.2025 09:21:21 - -----------------------------------------------
16.10.2025 09:21:21 - Read UNICADO Geometry
16.10.2025 09:21:21 - -----------------------------------------------
16.10.2025 09:21:21 - Read UNICADO Systems
16.10.2025 09:21:21 - -----------------------------------------------
16.10.2025 09:21:21 - Read UNICADO Aerodynamics
16.10.2025 09:21:21 - -----------------------------------------------
16.10.2025 09:21:21 - Read UNICADO StabilityAndControlCharacteristics
16.10.2025 09:21:21 - -----------------------------------------------
16.10.2025 09:21:21 - Read UNICADO Missions and Trajectory
16.10.2025 09:21:21 - -----------------------------------------------
16.10.2025 09:21:21 - Read UNICADO Requirements
16.10.2025 09:21:21 - Convert Design Specifications to CPACS
16.10.2025 09:21:21 - Convert Accommodation to CPACS
16.10.2025 09:21:21 - Convert Masses and Loadings to CPACS
16.10.2025 09:21:21 - WARNING: Cpacs mass element: mMiscellaneous not found.
16.10.2025 09:21:21 - WARNING: Cpacs mass element: mMiscellaneous not found.
16.10.2025 09:21:21 - Convert Geometry to CPACS
16.10.2025 09:21:21 - Convert geometry of Fuselage
16.10.2025 09:21:21 - Convert geometry of main_wing
16.10.2025 09:21:21 - Convert geometry of vertical_stabiliser
16.10.2025 09:21:21 - Convert geometry of horizontal_stabiliser
16.10.2025 09:21:21 - Convert geometry of Nacelles
16.10.2025 09:21:21 - Convert geometry of Landing Gears
16.10.2025 09:21:21 - Convert Systems to CPACS
16.10.2025 09:21:21 - Convert Aerodynamics to CPACS
16.10.2025 09:21:21 - Convert StabilityAndControlCharacteristics to CPACS
16.10.2025 09:21:21 - Convert Missions and Trajectory to CPACS
16.10.2025 09:21:21 - Convert Monetary Values to CPACS
16.10.2025 09:21:21 - Convert Ecological Values to CPACS
16.10.2025 09:21:21 - Convert Requirements to CPACS
16.10.2025 09:21:21 - Convert Propulsion to CPACS
16.10.2025 09:21:21 - WARNING: Unicado mass element: EngineControls not found
16.10.2025 09:21:21 - WARNING: Unicado mass element: EngineControls not found
16.10.2025 09:21:21 - ###############################################
16.10.2025 09:21:21 - -----------------------------------------------
16.10.2025 09:21:21 - Write <cpacs/header> ...
16.10.2025 09:21:21 - Create new header...
16.10.2025 09:21:21 - Write <cpacs/vehicles> ...
16.10.2025 09:21:21 - Write <cpacs/vehicles/aircraft/> ...
16.10.2025 09:21:21 - WARNING: Cannot delete model from tree.
16.10.2025 09:21:21 - Write <cpacs/vehicles/aircraft/model/fuselage> ...
16.10.2025 09:21:21 - Write <cpacs/vehicles/aircraft/model/wings> ...
16.10.2025 09:21:21 - Write <cpacs/vehicles/aircraft/model/nacelles> ...
16.10.2025 09:21:21 - Write <cpacs/vehicles/aircraft/model/engines> ...
16.10.2025 09:21:21 - Write <cpacs/vehicles/aircraft/model/landingGears> ...
16.10.2025 09:21:21 - Write <cpacs/vehicles/aircraft/model/systems> ...
16.10.2025 09:21:21 - Write <cpacs/vehicles/aircraft/model/analysis> ...
16.10.2025 09:21:21 - Write <cpacs/vehicles/aircraft/model/analysis/massBreakdown> ...
16.10.2025 09:21:21 - Write <cpacs/vehicles/engines> ...
16.10.2025 09:21:21 - Write <cpacs/vehicles/profiles> ...
16.10.2025 09:21:21 - Write <cpacs/vehicles/profiles/fuselageProfiles>...
16.10.2025 09:21:21 - Write <cpacs/vehicles/profiles/wingAirfoils>...
16.10.2025 09:21:21 - Write <cpacs/vehicles/profiles/fuselageProfiles>...
16.10.2025 09:21:21 - Write <cpacs/vehicles/profiles/wingAirfoils>...
16.10.2025 09:21:21 - Write <cpacs/vehicles/materials> ...
16.10.2025 09:21:21 - deleteEmptyTrees
16.10.2025 09:21:21 - Finish cpacs_interface
*******************************************************************************
16.10.2025 09:21:53 - Start cpacs_interface
16.10.2025 09:21:53 - [MODULE RUNTIMEINFO] - cpacs_interface
16.10.2025 09:21:53 -    [CONSOLE  ] - [ON]
16.10.2025 09:21:53 -    [LOG      ] - [ON]
16.10.2025 09:21:53 -    [PLOT     ] - [OFF]
16.10.2025 09:21:53 -       [COPY  ] - [ON]
16.10.2025 09:21:53 -       [DELETE] - [ON]
16.10.2025 09:21:53 -    [REPORT   ] - [OFF]
16.10.2025 09:21:53 -    [TEX      ] - [OFF]
16.10.2025 09:21:53 -    [INFOFILES] - [OFF]
16.10.2025 09:21:53 -    [GNUPLOT]
16.10.2025 09:21:53 -       [PATH    ] - C:/Programs/UNICADOworkflow/gnuplot
16.10.2025 09:21:53 -       [FILENAME] - 
16.10.2025 09:21:53 -    [INKSCAPE]
16.10.2025 09:21:53 -       [PATH    ] - C:/Programs/UNICADOworkflow/inkscape
16.10.2025 09:21:53 -       [FILENAME] - 
16.10.2025 09:21:53 -    [LOGFILE]
16.10.2025 09:21:53 -       [PATH    ] - C:/Programs/UNICADOworkflow/workingDirectoryRCE/UNICADOworkflow_2025-10-16_09-20-18_13
16.10.2025 09:21:53 -       [FILENAME] - cpacs_interface.log
16.10.2025 09:21:53 -    [IO/ACXML]
16.10.2025 09:21:53 -       [PATH    ] - C:/Programs/UNICADOworkflow/workingDirectoryRCE/UNICADOworkflow_2025-10-16_09-20-18_13/UNICADO-SMR-01
16.10.2025 09:21:53 -       [FILENAME] - UNICADO-SMR-01.xml
16.10.2025 09:21:53 -    [MODCONFIG]
16.10.2025 09:21:53 -       [PATH    ] - ../workingDirectoryRCE/UNICADOworkflow_2025-10-16_09-20-18_13
16.10.2025 09:21:53 -       [FILENAME] - cpacs_interface_conf.xml
16.10.2025 09:21:53 - Checking directory... [REPORT]
16.10.2025 09:21:53 - Checking directory... [TEX]
16.10.2025 09:21:53 - Checking directory... [LOGFILES]
16.10.2025 09:21:53 - Initialize C++ object for the UNICADO XML
16.10.2025 09:21:53 - Initialize C++ object for CPACS
16.10.2025 09:21:53 - Run conversion: UNICADO -> CPACS
16.10.2025 09:21:53 - ###############################################
16.10.2025 09:21:53 - Target aircraft: UNICADO-SMR-01
16.10.2025 09:21:53 - -----------------------------------------------
16.10.2025 09:21:53 - Read UNICADO Design Specifications
16.10.2025 09:21:53 - WARNING: Node to read not existing ... enabled
16.10.2025 09:21:53 - -----------------------------------------------
16.10.2025 09:21:53 - Read UNICADO Accommodation
16.10.2025 09:21:53 - -----------------------------------------------
16.10.2025 09:21:53 - Read UNICADO Masses and Loadings
16.10.2025 09:21:53 - -----------------------------------------------
16.10.2025 09:21:53 - Read UNICADO Propulsion
16.10.2025 09:21:53 - -----------------------------------------------
16.10.2025 09:21:53 - Read UNICADO Geometry
16.10.2025 09:21:53 - -----------------------------------------------
16.10.2025 09:21:53 - Read UNICADO Systems
16.10.2025 09:21:53 - -----------------------------------------------
16.10.2025 09:21:53 - Read UNICADO Aerodynamics
16.10.2025 09:21:53 - -----------------------------------------------
16.10.2025 09:21:53 - Read UNICADO StabilityAndControlCharacteristics
16.10.2025 09:21:53 - -----------------------------------------------
16.10.2025 09:21:53 - Read UNICADO Missions and Trajectory
16.10.2025 09:21:53 - -----------------------------------------------
16.10.2025 09:21:53 - Read UNICADO Requirements
16.10.2025 09:21:53 - Convert Design Specifications to CPACS
16.10.2025 09:21:53 - Convert Accommodation to CPACS
16.10.2025 09:21:53 - Convert Masses and Loadings to CPACS
16.10.2025 09:21:53 - WARNING: Cpacs mass element: mMiscellaneous not found.
16.10.2025 09:21:53 - WARNING: Cpacs mass element: mMiscellaneous not found.
16.10.2025 09:21:53 - Convert Geometry to CPACS
16.10.2025 09:21:53 - Convert geometry of Fuselage
16.10.2025 09:21:53 - Convert geometry of main_wing
16.10.2025 09:21:53 - Convert geometry of vertical_stabiliser
16.10.2025 09:21:53 - Convert geometry of horizontal_stabiliser
16.10.2025 09:21:53 - Convert geometry of Nacelles
16.10.2025 09:21:53 - Convert geometry of Landing Gears
16.10.2025 09:21:53 - Convert Systems to CPACS
16.10.2025 09:21:53 - Convert Aerodynamics to CPACS
16.10.2025 09:21:53 - Convert StabilityAndControlCharacteristics to CPACS
16.10.2025 09:21:53 - Convert Missions and Trajectory to CPACS
16.10.2025 09:21:53 - Convert Monetary Values to CPACS
16.10.2025 09:21:53 - Convert Ecological Values to CPACS
16.10.2025 09:21:53 - Convert Requirements to CPACS
16.10.2025 09:21:53 - Convert Propulsion to CPACS
16.10.2025 09:21:53 - WARNING: Unicado mass element: EngineControls not found
16.10.2025 09:21:53 - WARNING: Unicado mass element: EngineControls not found
16.10.2025 09:21:53 - ###############################################
16.10.2025 09:21:53 - -----------------------------------------------
16.10.2025 09:21:53 - Write <cpacs/header> ...
16.10.2025 09:21:53 - Create new header...
16.10.2025 09:21:53 - Write <cpacs/vehicles> ...
16.10.2025 09:21:53 - Write <cpacs/vehicles/aircraft/> ...
16.10.2025 09:21:53 - WARNING: Cannot delete model from tree.
16.10.2025 09:21:53 - Write <cpacs/vehicles/aircraft/model/fuselage> ...
16.10.2025 09:21:53 - Write <cpacs/vehicles/aircraft/model/wings> ...
16.10.2025 09:21:53 - Write <cpacs/vehicles/aircraft/model/nacelles> ...
16.10.2025 09:21:53 - Write <cpacs/vehicles/aircraft/model/engines> ...
16.10.2025 09:21:53 - Write <cpacs/vehicles/aircraft/model/landingGears> ...
16.10.2025 09:21:53 - Write <cpacs/vehicles/aircraft/model/systems> ...
16.10.2025 09:21:53 - Write <cpacs/vehicles/aircraft/model/analysis> ...
16.10.2025 09:21:53 - Write <cpacs/vehicles/aircraft/model/analysis/massBreakdown> ...
16.10.2025 09:21:53 - Write <cpacs/vehicles/engines> ...
16.10.2025 09:21:53 - Write <cpacs/vehicles/profiles> ...
16.10.2025 09:21:53 - Write <cpacs/vehicles/profiles/fuselageProfiles>...
16.10.2025 09:21:53 - Write <cpacs/vehicles/profiles/wingAirfoils>...
16.10.2025 09:21:53 - Write <cpacs/vehicles/profiles/fuselageProfiles>...
16.10.2025 09:21:53 - Write <cpacs/vehicles/profiles/wingAirfoils>...
16.10.2025 09:21:53 - Write <cpacs/vehicles/materials> ...
16.10.2025 09:21:53 - deleteEmptyTrees
16.10.2025 09:21:53 - Finish cpacs_interface
*******************************************************************************
16.10.2025 09:22:32 - Start cpacs_interface
16.10.2025 09:22:32 - [MODULE RUNTIMEINFO] - cpacs_interface
16.10.2025 09:22:32 -    [CONSOLE  ] - [ON]
16.10.2025 09:22:32 -    [LOG      ] - [ON]
16.10.2025 09:22:32 -    [PLOT     ] - [OFF]
16.10.2025 09:22:32 -       [COPY  ] - [ON]
16.10.2025 09:22:32 -       [DELETE] - [ON]
16.10.2025 09:22:32 -    [REPORT   ] - [OFF]
16.10.2025 09:22:32 -    [TEX      ] - [OFF]
16.10.2025 09:22:32 -    [INFOFILES] - [OFF]
16.10.2025 09:22:32 -    [GNUPLOT]
16.10.2025 09:22:32 -       [PATH    ] - C:/Programs/UNICADOworkflow/gnuplot
16.10.2025 09:22:32 -       [FILENAME] - 
16.10.2025 09:22:32 -    [INKSCAPE]
16.10.2025 09:22:32 -       [PATH    ] - C:/Programs/UNICADOworkflow/inkscape
16.10.2025 09:22:32 -       [FILENAME] - 
16.10.2025 09:22:32 -    [LOGFILE]
16.10.2025 09:22:32 -       [PATH    ] - C:/Programs/UNICADOworkflow/workingDirectoryRCE/UNICADOworkflow_2025-10-16_09-20-18_13
16.10.2025 09:22:32 -       [FILENAME] - cpacs_interface.log
16.10.2025 09:22:32 -    [IO/ACXML]
16.10.2025 09:22:32 -       [PATH    ] - C:/Programs/UNICADOworkflow/workingDirectoryRCE/UNICADOworkflow_2025-10-16_09-20-18_13/UNICADO-SMR-01
16.10.2025 09:22:32 -       [FILENAME] - UNICADO-SMR-01.xml
16.10.2025 09:22:32 -    [MODCONFIG]
16.10.2025 09:22:32 -       [PATH    ] - ../workingDirectoryRCE/UNICADOworkflow_2025-10-16_09-20-18_13
16.10.2025 09:22:32 -       [FILENAME] - cpacs_interface_conf.xml
16.10.2025 09:22:32 - Checking directory... [REPORT]
16.10.2025 09:22:32 - Checking directory... [TEX]
16.10.2025 09:22:32 - Checking directory... [LOGFILES]
16.10.2025 09:22:32 - Initialize C++ object for the UNICADO XML
16.10.2025 09:22:32 - Initialize C++ object for CPACS
16.10.2025 09:22:32 - Run conversion: UNICADO -> CPACS
16.10.2025 09:22:32 - ###############################################
16.10.2025 09:22:32 - Target aircraft: UNICADO-SMR-01
16.10.2025 09:22:32 - -----------------------------------------------
16.10.2025 09:22:32 - Read UNICADO Design Specifications
16.10.2025 09:22:32 - WARNING: Node to read not existing ... enabled
16.10.2025 09:22:32 - -----------------------------------------------
16.10.2025 09:22:32 - Read UNICADO Accommodation
16.10.2025 09:22:32 - -----------------------------------------------
16.10.2025 09:22:32 - Read UNICADO Masses and Loadings
16.10.2025 09:22:32 - -----------------------------------------------
16.10.2025 09:22:32 - Read UNICADO Propulsion
16.10.2025 09:22:32 - -----------------------------------------------
16.10.2025 09:22:32 - Read UNICADO Geometry
16.10.2025 09:22:32 - -----------------------------------------------
16.10.2025 09:22:32 - Read UNICADO Systems
16.10.2025 09:22:32 - -----------------------------------------------
16.10.2025 09:22:32 - Read UNICADO Aerodynamics
16.10.2025 09:22:32 - -----------------------------------------------
16.10.2025 09:22:32 - Read UNICADO StabilityAndControlCharacteristics
16.10.2025 09:22:32 - -----------------------------------------------
16.10.2025 09:22:32 - Read UNICADO Missions and Trajectory
16.10.2025 09:22:32 - -----------------------------------------------
16.10.2025 09:22:32 - Read UNICADO Requirements
16.10.2025 09:22:32 - Convert Design Specifications to CPACS
16.10.2025 09:22:32 - Convert Accommodation to CPACS
16.10.2025 09:22:32 - Convert Masses and Loadings to CPACS
16.10.2025 09:22:32 - WARNING: Cpacs mass element: mMiscellaneous not found.
16.10.2025 09:22:32 - WARNING: Cpacs mass element: mMiscellaneous not found.
16.10.2025 09:22:32 - Convert Geometry to CPACS
16.10.2025 09:22:32 - Convert geometry of Fuselage
16.10.2025 09:22:32 - Convert geometry of main_wing
16.10.2025 09:22:32 - Convert geometry of vertical_stabiliser
16.10.2025 09:22:32 - Convert geometry of horizontal_stabiliser
16.10.2025 09:22:32 - Convert geometry of Nacelles
16.10.2025 09:22:32 - Convert geometry of Landing Gears
16.10.2025 09:22:32 - Convert Systems to CPACS
16.10.2025 09:22:32 - Convert Aerodynamics to CPACS
16.10.2025 09:22:32 - Convert StabilityAndControlCharacteristics to CPACS
16.10.2025 09:22:32 - Convert Missions and Trajectory to CPACS
16.10.2025 09:22:32 - Convert Monetary Values to CPACS
16.10.2025 09:22:32 - Convert Ecological Values to CPACS
16.10.2025 09:22:32 - Convert Requirements to CPACS
16.10.2025 09:22:32 - Convert Propulsion to CPACS
16.10.2025 09:22:33 - WARNING: Unicado mass element: EngineControls not found
16.10.2025 09:22:33 - WARNING: Unicado mass element: EngineControls not found
16.10.2025 09:22:33 - ###############################################
16.10.2025 09:22:33 - -----------------------------------------------
16.10.2025 09:22:33 - Write <cpacs/header> ...
16.10.2025 09:22:33 - Create new header...
16.10.2025 09:22:33 - Write <cpacs/vehicles> ...
16.10.2025 09:22:33 - Write <cpacs/vehicles/aircraft/> ...
16.10.2025 09:22:33 - WARNING: Cannot delete model from tree.
16.10.2025 09:22:33 - Write <cpacs/vehicles/aircraft/model/fuselage> ...
16.10.2025 09:22:33 - Write <cpacs/vehicles/aircraft/model/wings> ...
16.10.2025 09:22:33 - Write <cpacs/vehicles/aircraft/model/nacelles> ...
16.10.2025 09:22:33 - Write <cpacs/vehicles/aircraft/model/engines> ...
16.10.2025 09:22:33 - Write <cpacs/vehicles/aircraft/model/landingGears> ...
16.10.2025 09:22:33 - Write <cpacs/vehicles/aircraft/model/systems> ...
16.10.2025 09:22:33 - Write <cpacs/vehicles/aircraft/model/analysis> ...
16.10.2025 09:22:33 - Write <cpacs/vehicles/aircraft/model/analysis/massBreakdown> ...
16.10.2025 09:22:33 - Write <cpacs/vehicles/engines> ...
16.10.2025 09:22:33 - Write <cpacs/vehicles/profiles> ...
16.10.2025 09:22:33 - Write <cpacs/vehicles/profiles/fuselageProfiles>...
16.10.2025 09:22:33 - Write <cpacs/vehicles/profiles/wingAirfoils>...
16.10.2025 09:22:33 - Write <cpacs/vehicles/profiles/fuselageProfiles>...
16.10.2025 09:22:33 - Write <cpacs/vehicles/profiles/wingAirfoils>...
16.10.2025 09:22:33 - Write <cpacs/vehicles/materials> ...
16.10.2025 09:22:33 - deleteEmptyTrees
16.10.2025 09:22:33 - Finish cpacs_interface
*******************************************************************************
16.10.2025 09:23:42 - Start cpacs_interface
16.10.2025 09:23:42 - [MODULE RUNTIMEINFO] - cpacs_interface
16.10.2025 09:23:42 -    [CONSOLE  ] - [ON]
16.10.2025 09:23:42 -    [LOG      ] - [ON]
16.10.2025 09:23:42 -    [PLOT     ] - [OFF]
16.10.2025 09:23:42 -       [COPY  ] - [ON]
16.10.2025 09:23:42 -       [DELETE] - [ON]
16.10.2025 09:23:42 -    [REPORT   ] - [OFF]
16.10.2025 09:23:42 -    [TEX      ] - [OFF]
16.10.2025 09:23:42 -    [INFOFILES] - [OFF]
16.10.2025 09:23:42 -    [GNUPLOT]
16.10.2025 09:23:42 -       [PATH    ] - C:/Programs/UNICADOworkflow/gnuplot
16.10.2025 09:23:42 -       [FILENAME] - 
16.10.2025 09:23:42 -    [INKSCAPE]
16.10.2025 09:23:42 -       [PATH    ] - C:/Programs/UNICADOworkflow/inkscape
16.10.2025 09:23:42 -       [FILENAME] - 
16.10.2025 09:23:42 -    [LOGFILE]
16.10.2025 09:23:42 -       [PATH    ] - C:/Programs/UNICADOworkflow/workingDirectoryRCE/UNICADOworkflow_2025-10-16_09-20-18_13
16.10.2025 09:23:42 -       [FILENAME] - cpacs_interface.log
16.10.2025 09:23:42 -    [IO/ACXML]
16.10.2025 09:23:42 -       [PATH    ] - C:/Programs/UNICADOworkflow/workingDirectoryRCE/UNICADOworkflow_2025-10-16_09-20-18_13/UNICADO-SMR-01
16.10.2025 09:23:42 -       [FILENAME] - UNICADO-SMR-01.xml
16.10.2025 09:23:42 -    [MODCONFIG]
16.10.2025 09:23:42 -       [PATH    ] - ../workingDirectoryRCE/UNICADOworkflow_2025-10-16_09-20-18_13
16.10.2025 09:23:42 -       [FILENAME] - cpacs_interface_conf.xml
16.10.2025 09:23:42 - Checking directory... [REPORT]
16.10.2025 09:23:42 - Checking directory... [TEX]
16.10.2025 09:23:42 - Checking directory... [LOGFILES]
16.10.2025 09:23:42 - Initialize C++ object for the UNICADO XML
16.10.2025 09:23:42 - Initialize C++ object for CPACS
16.10.2025 09:23:42 - Run conversion: UNICADO -> CPACS
16.10.2025 09:23:42 - ###############################################
16.10.2025 09:23:42 - Target aircraft: UNICADO-SMR-01
16.10.2025 09:23:42 - -----------------------------------------------
16.10.2025 09:23:42 - Read UNICADO Design Specifications
16.10.2025 09:23:42 - WARNING: Node to read not existing ... enabled
16.10.2025 09:23:42 - -----------------------------------------------
16.10.2025 09:23:42 - Read UNICADO Accommodation
16.10.2025 09:23:42 - -----------------------------------------------
16.10.2025 09:23:42 - Read UNICADO Masses and Loadings
16.10.2025 09:23:42 - -----------------------------------------------
16.10.2025 09:23:42 - Read UNICADO Propulsion
16.10.2025 09:23:42 - -----------------------------------------------
16.10.2025 09:23:42 - Read UNICADO Geometry
16.10.2025 09:23:42 - -----------------------------------------------
16.10.2025 09:23:42 - Read UNICADO Systems
16.10.2025 09:23:42 - -----------------------------------------------
16.10.2025 09:23:42 - Read UNICADO Aerodynamics
16.10.2025 09:23:42 - -----------------------------------------------
16.10.2025 09:23:42 - Read UNICADO StabilityAndControlCharacteristics
16.10.2025 09:23:42 - -----------------------------------------------
16.10.2025 09:23:42 - Read UNICADO Missions and Trajectory
16.10.2025 09:23:42 - -----------------------------------------------
16.10.2025 09:23:42 - Read UNICADO Requirements
16.10.2025 09:23:42 - Convert Design Specifications to CPACS
16.10.2025 09:23:42 - Convert Accommodation to CPACS
16.10.2025 09:23:42 - Convert Masses and Loadings to CPACS
16.10.2025 09:23:42 - WARNING: Cpacs mass element: mMiscellaneous not found.
16.10.2025 09:23:42 - WARNING: Cpacs mass element: mMiscellaneous not found.
16.10.2025 09:23:42 - Convert Geometry to CPACS
16.10.2025 09:23:42 - Convert geometry of Fuselage
16.10.2025 09:23:42 - Convert geometry of main_wing
16.10.2025 09:23:42 - Convert geometry of vertical_stabiliser
16.10.2025 09:23:42 - Convert geometry of horizontal_stabiliser
16.10.2025 09:23:42 - Convert geometry of Nacelles
16.10.2025 09:23:42 - Convert geometry of Landing Gears
16.10.2025 09:23:42 - Convert Systems to CPACS
16.10.2025 09:23:42 - Convert Aerodynamics to CPACS
16.10.2025 09:23:42 - Convert StabilityAndControlCharacteristics to CPACS
16.10.2025 09:23:42 - Convert Missions and Trajectory to CPACS
16.10.2025 09:23:42 - Convert Monetary Values to CPACS
16.10.2025 09:23:42 - Convert Ecological Values to CPACS
16.10.2025 09:23:42 - Convert Requirements to CPACS
16.10.2025 09:23:42 - Convert Propulsion to CPACS
16.10.2025 09:23:43 - WARNING: Unicado mass element: EngineControls not found
16.10.2025 09:23:43 - WARNING: Unicado mass element: EngineControls not found
16.10.2025 09:23:43 - ###############################################
16.10.2025 09:23:43 - -----------------------------------------------
16.10.2025 09:23:43 - Write <cpacs/header> ...
16.10.2025 09:23:43 - Create new header...
16.10.2025 09:23:43 - Write <cpacs/vehicles> ...
16.10.2025 09:23:43 - Write <cpacs/vehicles/aircraft/> ...
16.10.2025 09:23:43 - WARNING: Cannot delete model from tree.
16.10.2025 09:23:43 - Write <cpacs/vehicles/aircraft/model/fuselage> ...
16.10.2025 09:23:43 - Write <cpacs/vehicles/aircraft/model/wings> ...
16.10.2025 09:23:43 - Write <cpacs/vehicles/aircraft/model/nacelles> ...
16.10.2025 09:23:43 - Write <cpacs/vehicles/aircraft/model/engines> ...
16.10.2025 09:23:43 - Write <cpacs/vehicles/aircraft/model/landingGears> ...
16.10.2025 09:23:43 - Write <cpacs/vehicles/aircraft/model/systems> ...
16.10.2025 09:23:43 - Write <cpacs/vehicles/aircraft/model/analysis> ...
16.10.2025 09:23:43 - Write <cpacs/vehicles/aircraft/model/analysis/massBreakdown> ...
16.10.2025 09:23:43 - Write <cpacs/vehicles/engines> ...
16.10.2025 09:23:43 - Write <cpacs/vehicles/profiles> ...
16.10.2025 09:23:43 - Write <cpacs/vehicles/profiles/fuselageProfiles>...
16.10.2025 09:23:43 - Write <cpacs/vehicles/profiles/wingAirfoils>...
16.10.2025 09:23:43 - Write <cpacs/vehicles/profiles/fuselageProfiles>...
16.10.2025 09:23:43 - Write <cpacs/vehicles/profiles/wingAirfoils>...
16.10.2025 09:23:43 - Write <cpacs/vehicles/materials> ...
16.10.2025 09:23:43 - deleteEmptyTrees
16.10.2025 09:23:43 - Finish cpacs_interface
*******************************************************************************
16.10.2025 09:24:53 - Start cpacs_interface
16.10.2025 09:24:53 - [MODULE RUNTIMEINFO] - cpacs_interface
16.10.2025 09:24:53 -    [CONSOLE  ] - [ON]
16.10.2025 09:24:53 -    [LOG      ] - [ON]
16.10.2025 09:24:53 -    [PLOT     ] - [OFF]
16.10.2025 09:24:53 -       [COPY  ] - [ON]
16.10.2025 09:24:53 -       [DELETE] - [ON]
16.10.2025 09:24:53 -    [REPORT   ] - [OFF]
16.10.2025 09:24:53 -    [TEX      ] - [OFF]
16.10.2025 09:24:53 -    [INFOFILES] - [OFF]
16.10.2025 09:24:53 -    [GNUPLOT]
16.10.2025 09:24:53 -       [PATH    ] - C:/Programs/UNICADOworkflow/gnuplot
16.10.2025 09:24:53 -       [FILENAME] - 
16.10.2025 09:24:53 -    [INKSCAPE]
16.10.2025 09:24:53 -       [PATH    ] - C:/Programs/UNICADOworkflow/inkscape
16.10.2025 09:24:53 -       [FILENAME] - 
16.10.2025 09:24:53 -    [LOGFILE]
16.10.2025 09:24:53 -       [PATH    ] - C:/Programs/UNICADOworkflow/workingDirectoryRCE/UNICADOworkflow_2025-10-16_09-20-18_13
16.10.2025 09:24:53 -       [FILENAME] - cpacs_interface.log
16.10.2025 09:24:53 -    [IO/ACXML]
16.10.2025 09:24:53 -       [PATH    ] - C:/Programs/UNICADOworkflow/workingDirectoryRCE/UNICADOworkflow_2025-10-16_09-20-18_13/UNICADO-SMR-01
16.10.2025 09:24:53 -       [FILENAME] - UNICADO-SMR-01.xml
16.10.2025 09:24:53 -    [MODCONFIG]
16.10.2025 09:24:53 -       [PATH    ] - ../workingDirectoryRCE/UNICADOworkflow_2025-10-16_09-20-18_13
16.10.2025 09:24:53 -       [FILENAME] - cpacs_interface_conf.xml
16.10.2025 09:24:53 - Checking directory... [REPORT]
16.10.2025 09:24:53 - Checking directory... [TEX]
16.10.2025 09:24:53 - Checking directory... [LOGFILES]
16.10.2025 09:24:53 - Initialize C++ object for the UNICADO XML
16.10.2025 09:24:53 - Initialize C++ object for CPACS
16.10.2025 09:24:53 - Run conversion: UNICADO -> CPACS
16.10.2025 09:24:53 - ###############################################
16.10.2025 09:24:53 - Target aircraft: UNICADO-SMR-01
16.10.2025 09:24:53 - -----------------------------------------------
16.10.2025 09:24:53 - Read UNICADO Design Specifications
16.10.2025 09:24:53 - WARNING: Node to read not existing ... enabled
16.10.2025 09:24:53 - -----------------------------------------------
16.10.2025 09:24:53 - Read UNICADO Accommodation
16.10.2025 09:24:53 - -----------------------------------------------
16.10.2025 09:24:53 - Read UNICADO Masses and Loadings
16.10.2025 09:24:53 - -----------------------------------------------
16.10.2025 09:24:53 - Read UNICADO Propulsion
16.10.2025 09:24:53 - -----------------------------------------------
16.10.2025 09:24:53 - Read UNICADO Geometry
16.10.2025 09:24:53 - -----------------------------------------------
16.10.2025 09:24:53 - Read UNICADO Systems
16.10.2025 09:24:53 - -----------------------------------------------
16.10.2025 09:24:53 - Read UNICADO Aerodynamics
16.10.2025 09:24:53 - -----------------------------------------------
16.10.2025 09:24:53 - Read UNICADO StabilityAndControlCharacteristics
16.10.2025 09:24:53 - -----------------------------------------------
16.10.2025 09:24:53 - Read UNICADO Missions and Trajectory
16.10.2025 09:24:53 - -----------------------------------------------
16.10.2025 09:24:53 - Read UNICADO Requirements
16.10.2025 09:24:53 - Convert Design Specifications to CPACS
16.10.2025 09:24:53 - Convert Accommodation to CPACS
16.10.2025 09:24:53 - Convert Masses and Loadings to CPACS
16.10.2025 09:24:53 - WARNING: Cpacs mass element: mMiscellaneous not found.
16.10.2025 09:24:53 - WARNING: Cpacs mass element: mMiscellaneous not found.
16.10.2025 09:24:53 - Convert Geometry to CPACS
16.10.2025 09:24:53 - Convert geometry of Fuselage
16.10.2025 09:24:53 - Convert geometry of main_wing
16.10.2025 09:24:53 - Convert geometry of vertical_stabiliser
16.10.2025 09:24:53 - Convert geometry of horizontal_stabiliser
16.10.2025 09:24:53 - Convert geometry of Nacelles
16.10.2025 09:24:53 - Convert geometry of Landing Gears
16.10.2025 09:24:53 - Convert Systems to CPACS
16.10.2025 09:24:53 - Convert Aerodynamics to CPACS
16.10.2025 09:24:53 - Convert StabilityAndControlCharacteristics to CPACS
16.10.2025 09:24:53 - Convert Missions and Trajectory to CPACS
16.10.2025 09:24:53 - Convert Monetary Values to CPACS
16.10.2025 09:24:53 - Convert Ecological Values to CPACS
16.10.2025 09:24:53 - Convert Requirements to CPACS
16.10.2025 09:24:53 - Convert Propulsion to CPACS
16.10.2025 09:24:53 - WARNING: Unicado mass element: EngineControls not found
16.10.2025 09:24:53 - WARNING: Unicado mass element: EngineControls not found
16.10.2025 09:24:53 - ###############################################
16.10.2025 09:24:53 - -----------------------------------------------
16.10.2025 09:24:53 - Write <cpacs/header> ...
16.10.2025 09:24:53 - Create new header...
16.10.2025 09:24:53 - Write <cpacs/vehicles> ...
16.10.2025 09:24:53 - Write <cpacs/vehicles/aircraft/> ...
16.10.2025 09:24:53 - WARNING: Cannot delete model from tree.
16.10.2025 09:24:53 - Write <cpacs/vehicles/aircraft/model/fuselage> ...
16.10.2025 09:24:54 - Write <cpacs/vehicles/aircraft/model/wings> ...
16.10.2025 09:24:54 - Write <cpacs/vehicles/aircraft/model/nacelles> ...
16.10.2025 09:24:54 - Write <cpacs/vehicles/aircraft/model/engines> ...
16.10.2025 09:24:54 - Write <cpacs/vehicles/aircraft/model/landingGears> ...
16.10.2025 09:24:54 - Write <cpacs/vehicles/aircraft/model/systems> ...
16.10.2025 09:24:54 - Write <cpacs/vehicles/aircraft/model/analysis> ...
16.10.2025 09:24:54 - Write <cpacs/vehicles/aircraft/model/analysis/massBreakdown> ...
16.10.2025 09:24:54 - Write <cpacs/vehicles/engines> ...
16.10.2025 09:24:54 - Write <cpacs/vehicles/profiles> ...
16.10.2025 09:24:54 - Write <cpacs/vehicles/profiles/fuselageProfiles>...
16.10.2025 09:24:54 - Write <cpacs/vehicles/profiles/wingAirfoils>...
16.10.2025 09:24:54 - Write <cpacs/vehicles/profiles/fuselageProfiles>...
16.10.2025 09:24:54 - Write <cpacs/vehicles/profiles/wingAirfoils>...
16.10.2025 09:24:54 - Write <cpacs/vehicles/materials> ...
16.10.2025 09:24:54 - deleteEmptyTrees
16.10.2025 09:24:54 - Finish cpacs_interface
*******************************************************************************
16.10.2025 09:26:00 - Start cpacs_interface
16.10.2025 09:26:00 - [MODULE RUNTIMEINFO] - cpacs_interface
16.10.2025 09:26:00 -    [CONSOLE  ] - [ON]
16.10.2025 09:26:00 -    [LOG      ] - [ON]
16.10.2025 09:26:00 -    [PLOT     ] - [ON]
16.10.2025 09:26:00 -       [COPY  ] - [ON]
16.10.2025 09:26:00 -       [DELETE] - [ON]
16.10.2025 09:26:00 -    [REPORT   ] - [ON]
16.10.2025 09:26:00 -    [TEX      ] - [ON]
16.10.2025 09:26:00 -    [INFOFILES] - [OFF]
16.10.2025 09:26:00 -    [GNUPLOT]
16.10.2025 09:26:00 -       [PATH    ] - C:/Programs/UNICADOworkflow/gnuplot
16.10.2025 09:26:00 -       [FILENAME] - 
16.10.2025 09:26:00 -    [INKSCAPE]
16.10.2025 09:26:00 -       [PATH    ] - C:/Programs/UNICADOworkflow/inkscape
16.10.2025 09:26:00 -       [FILENAME] - 
16.10.2025 09:26:00 -    [LOGFILE]
16.10.2025 09:26:00 -       [PATH    ] - C:/Programs/UNICADOworkflow/workingDirectoryRCE/UNICADOworkflow_2025-10-16_09-20-18_13
16.10.2025 09:26:00 -       [FILENAME] - cpacs_interface.log
16.10.2025 09:26:00 -    [IO/ACXML]
16.10.2025 09:26:00 -       [PATH    ] - C:/Programs/UNICADOworkflow/workingDirectoryRCE/UNICADOworkflow_2025-10-16_09-20-18_13/UNICADO-SMR-01
16.10.2025 09:26:00 -       [FILENAME] - UNICADO-SMR-01.xml
16.10.2025 09:26:00 -    [MODCONFIG]
16.10.2025 09:26:00 -       [PATH    ] - ../workingDirectoryRCE/UNICADOworkflow_2025-10-16_09-20-18_13
16.10.2025 09:26:00 -       [FILENAME] - cpacs_interface_conf.xml
16.10.2025 09:26:00 - Checking directory... [REPORT]
16.10.2025 09:26:00 - Checking directory... [TEX]
16.10.2025 09:26:00 - Checking directory... [HTML]
16.10.2025 09:26:00 - Checking directory... [PLOT]
16.10.2025 09:26:00 - Checking directory... [CSVFILES]
16.10.2025 09:26:00 - Checking directory... [CSVFILESTOOL]
16.10.2025 09:26:00 - Creating directory... [CSVFILESTOOL]
16.10.2025 09:26:00 - Checking directory... [PLOTFILES]
16.10.2025 09:26:00 - Checking directory... [PLOTFILESTOOL]
16.10.2025 09:26:00 - Creating directory... [PLOTFILESTOOL]
16.10.2025 09:26:00 - Checking directory... [LOGFILES]
16.10.2025 09:26:00 - Initialize C++ object for the UNICADO XML
16.10.2025 09:26:00 - Initialize C++ object for CPACS
16.10.2025 09:26:00 - Run conversion: UNICADO -> CPACS
16.10.2025 09:26:00 - ###############################################
16.10.2025 09:26:00 - Target aircraft: UNICADO-SMR-01
16.10.2025 09:26:00 - -----------------------------------------------
16.10.2025 09:26:00 - Read UNICADO Design Specifications
16.10.2025 09:26:00 - WARNING: Node to read not existing ... enabled
16.10.2025 09:26:00 - -----------------------------------------------
16.10.2025 09:26:00 - Read UNICADO Accommodation
16.10.2025 09:26:00 - -----------------------------------------------
16.10.2025 09:26:00 - Read UNICADO Masses and Loadings
16.10.2025 09:26:00 - -----------------------------------------------
16.10.2025 09:26:00 - Read UNICADO Propulsion
16.10.2025 09:26:00 - -----------------------------------------------
16.10.2025 09:26:00 - Read UNICADO Geometry
16.10.2025 09:26:00 - -----------------------------------------------
16.10.2025 09:26:00 - Read UNICADO Systems
16.10.2025 09:26:00 - -----------------------------------------------
16.10.2025 09:26:00 - Read UNICADO Aerodynamics
16.10.2025 09:26:00 - -----------------------------------------------
16.10.2025 09:26:00 - Read UNICADO StabilityAndControlCharacteristics
16.10.2025 09:26:00 - -----------------------------------------------
16.10.2025 09:26:00 - Read UNICADO Missions and Trajectory
16.10.2025 09:26:00 - -----------------------------------------------
16.10.2025 09:26:00 - Read UNICADO Requirements
16.10.2025 09:26:00 - Convert Design Specifications to CPACS
16.10.2025 09:26:00 - Convert Accommodation to CPACS
16.10.2025 09:26:00 - Convert Masses and Loadings to CPACS
16.10.2025 09:26:00 - WARNING: Cpacs mass element: mMiscellaneous not found.
16.10.2025 09:26:00 - WARNING: Cpacs mass element: mMiscellaneous not found.
16.10.2025 09:26:00 - Convert Geometry to CPACS
16.10.2025 09:26:00 - Convert geometry of Fuselage
16.10.2025 09:26:00 - Convert geometry of main_wing
16.10.2025 09:26:00 - Convert geometry of vertical_stabiliser
16.10.2025 09:26:00 - Convert geometry of horizontal_stabiliser
16.10.2025 09:26:00 - Convert geometry of Nacelles
16.10.2025 09:26:00 - Convert geometry of Landing Gears
16.10.2025 09:26:00 - Convert Systems to CPACS
16.10.2025 09:26:00 - Convert Aerodynamics to CPACS
16.10.2025 09:26:00 - Convert StabilityAndControlCharacteristics to CPACS
16.10.2025 09:26:00 - Convert Missions and Trajectory to CPACS
16.10.2025 09:26:00 - Convert Monetary Values to CPACS
16.10.2025 09:26:00 - Convert Ecological Values to CPACS
16.10.2025 09:26:00 - Convert Requirements to CPACS
16.10.2025 09:26:00 - Convert Propulsion to CPACS
16.10.2025 09:26:00 - WARNING: Unicado mass element: EngineControls not found
16.10.2025 09:26:00 - WARNING: Unicado mass element: EngineControls not found
16.10.2025 09:26:00 - ###############################################
16.10.2025 09:26:00 - -----------------------------------------------
16.10.2025 09:26:00 - Write <cpacs/header> ...
16.10.2025 09:26:00 - Create new header...
16.10.2025 09:26:00 - Write <cpacs/vehicles> ...
16.10.2025 09:26:00 - Write <cpacs/vehicles/aircraft/> ...
16.10.2025 09:26:00 - WARNING: Cannot delete model from tree.
16.10.2025 09:26:00 - Write <cpacs/vehicles/aircraft/model/fuselage> ...
16.10.2025 09:26:01 - Write <cpacs/vehicles/aircraft/model/wings> ...
16.10.2025 09:26:01 - Write <cpacs/vehicles/aircraft/model/nacelles> ...
16.10.2025 09:26:01 - Write <cpacs/vehicles/aircraft/model/engines> ...
16.10.2025 09:26:01 - Write <cpacs/vehicles/aircraft/model/landingGears> ...
16.10.2025 09:26:01 - Write <cpacs/vehicles/aircraft/model/systems> ...
16.10.2025 09:26:01 - Write <cpacs/vehicles/aircraft/model/analysis> ...
16.10.2025 09:26:01 - Write <cpacs/vehicles/aircraft/model/analysis/massBreakdown> ...
16.10.2025 09:26:01 - Write <cpacs/vehicles/engines> ...
16.10.2025 09:26:01 - Write <cpacs/vehicles/profiles> ...
16.10.2025 09:26:01 - Write <cpacs/vehicles/profiles/fuselageProfiles>...
16.10.2025 09:26:01 - Write <cpacs/vehicles/profiles/wingAirfoils>...
16.10.2025 09:26:01 - Write <cpacs/vehicles/profiles/fuselageProfiles>...
16.10.2025 09:26:01 - Write <cpacs/vehicles/profiles/wingAirfoils>...
16.10.2025 09:26:01 - Write <cpacs/vehicles/materials> ...
16.10.2025 09:26:01 - deleteEmptyTrees
16.10.2025 09:26:01 - Finish cpacs_interface
*******************************************************************************
16.10.2025 09:27:34 - Start cpacs_interface
16.10.2025 09:27:35 - [MODULE RUNTIMEINFO] - cpacs_interface
16.10.2025 09:27:35 -    [CONSOLE  ] - [ON]
16.10.2025 09:27:35 -    [LOG      ] - [ON]
16.10.2025 09:27:35 -    [PLOT     ] - [ON]
16.10.2025 09:27:35 -       [COPY  ] - [ON]
16.10.2025 09:27:35 -       [DELETE] - [ON]
16.10.2025 09:27:35 -    [REPORT   ] - [ON]
16.10.2025 09:27:35 -    [TEX      ] - [ON]
16.10.2025 09:27:35 -    [INFOFILES] - [OFF]
16.10.2025 09:27:35 -    [GNUPLOT]
16.10.2025 09:27:35 -       [PATH    ] - C:/Programs/UNICADOworkflow/gnuplot
16.10.2025 09:27:35 -       [FILENAME] - 
16.10.2025 09:27:35 -    [INKSCAPE]
16.10.2025 09:27:35 -       [PATH    ] - C:/Programs/UNICADOworkflow/inkscape
16.10.2025 09:27:35 -       [FILENAME] - 
16.10.2025 09:27:35 -    [LOGFILE]
16.10.2025 09:27:35 -       [PATH    ] - C:/Programs/UNICADOworkflow/workingDirectoryRCE/UNICADOworkflow_2025-10-16_09-20-18_13
16.10.2025 09:27:35 -       [FILENAME] - cpacs_interface.log
16.10.2025 09:27:35 -    [IO/ACXML]
16.10.2025 09:27:35 -       [PATH    ] - C:/Programs/UNICADOworkflow/workingDirectoryRCE/UNICADOworkflow_2025-10-16_09-20-18_13/UNICADO-SMR-01
16.10.2025 09:27:35 -       [FILENAME] - UNICADO-SMR-01.xml
16.10.2025 09:27:35 -    [MODCONFIG]
16.10.2025 09:27:35 -       [PATH    ] - ../workingDirectoryRCE/UNICADOworkflow_2025-10-16_09-20-18_13
16.10.2025 09:27:35 -       [FILENAME] - cpacs_interface_conf.xml
16.10.2025 09:27:35 - Checking directory... [REPORT]
16.10.2025 09:27:35 - Checking directory... [TEX]
16.10.2025 09:27:35 - Checking directory... [HTML]
16.10.2025 09:27:35 - Checking directory... [PLOT]
16.10.2025 09:27:35 - Checking directory... [CSVFILES]
16.10.2025 09:27:35 - Checking directory... [CSVFILESTOOL]
16.10.2025 09:27:35 - Creating directory... [CSVFILESTOOL]
16.10.2025 09:27:35 - Checking directory... [PLOTFILES]
16.10.2025 09:27:35 - Checking directory... [PLOTFILESTOOL]
16.10.2025 09:27:35 - Creating directory... [PLOTFILESTOOL]
16.10.2025 09:27:35 - Checking directory... [LOGFILES]
16.10.2025 09:27:35 - Initialize C++ object for the UNICADO XML
16.10.2025 09:27:35 - Initialize C++ object for CPACS
16.10.2025 09:27:35 - Run conversion: UNICADO -> CPACS
16.10.2025 09:27:35 - ###############################################
16.10.2025 09:27:35 - Target aircraft: UNICADO-SMR-01
16.10.2025 09:27:35 - -----------------------------------------------
16.10.2025 09:27:35 - Read UNICADO Design Specifications
16.10.2025 09:27:35 - WARNING: Node to read not existing ... enabled
16.10.2025 09:27:35 - -----------------------------------------------
16.10.2025 09:27:35 - Read UNICADO Accommodation
16.10.2025 09:27:35 - -----------------------------------------------
16.10.2025 09:27:35 - Read UNICADO Masses and Loadings
16.10.2025 09:27:35 - -----------------------------------------------
16.10.2025 09:27:35 - Read UNICADO Propulsion
16.10.2025 09:27:35 - -----------------------------------------------
16.10.2025 09:27:35 - Read UNICADO Geometry
16.10.2025 09:27:35 - -----------------------------------------------
16.10.2025 09:27:35 - Read UNICADO Systems
16.10.2025 09:27:35 - -----------------------------------------------
16.10.2025 09:27:35 - Read UNICADO Aerodynamics
16.10.2025 09:27:35 - -----------------------------------------------
16.10.2025 09:27:35 - Read UNICADO StabilityAndControlCharacteristics
16.10.2025 09:27:35 - -----------------------------------------------
16.10.2025 09:27:35 - Read UNICADO Missions and Trajectory
16.10.2025 09:27:35 - -----------------------------------------------
16.10.2025 09:27:35 - Read UNICADO Requirements
16.10.2025 09:27:35 - Convert Design Specifications to CPACS
16.10.2025 09:27:35 - Convert Accommodation to CPACS
16.10.2025 09:27:35 - Convert Masses and Loadings to CPACS
16.10.2025 09:27:35 - WARNING: Cpacs mass element: mMiscellaneous not found.
16.10.2025 09:27:35 - WARNING: Cpacs mass element: mMiscellaneous not found.
16.10.2025 09:27:35 - Convert Geometry to CPACS
16.10.2025 09:27:35 - Convert geometry of Fuselage
16.10.2025 09:27:35 - Convert geometry of main_wing
16.10.2025 09:27:35 - Convert geometry of vertical_stabiliser
16.10.2025 09:27:35 - Convert geometry of horizontal_stabiliser
16.10.2025 09:27:35 - Convert geometry of Nacelles
16.10.2025 09:27:35 - Convert geometry of Landing Gears
16.10.2025 09:27:35 - Convert Systems to CPACS
16.10.2025 09:27:35 - Convert Aerodynamics to CPACS
16.10.2025 09:27:35 - Convert StabilityAndControlCharacteristics to CPACS
16.10.2025 09:27:35 - Convert Missions and Trajectory to CPACS
16.10.2025 09:27:35 - Convert Monetary Values to CPACS
16.10.2025 09:27:35 - Convert Ecological Values to CPACS
16.10.2025 09:27:35 - Convert Requirements to CPACS
16.10.2025 09:27:35 - Convert Propulsion to CPACS
16.10.2025 09:27:35 - WARNING: Unicado mass element: EngineControls not found
16.10.2025 09:27:35 - WARNING: Unicado mass element: EngineControls not found
16.10.2025 09:27:35 - ###############################################
16.10.2025 09:27:35 - -----------------------------------------------
16.10.2025 09:27:35 - Write <cpacs/header> ...
16.10.2025 09:27:35 - Create new header...
16.10.2025 09:27:35 - Write <cpacs/vehicles> ...
16.10.2025 09:27:35 - Write <cpacs/vehicles/aircraft/> ...
16.10.2025 09:27:35 - WARNING: Cannot delete model from tree.
16.10.2025 09:27:35 - Write <cpacs/vehicles/aircraft/model/fuselage> ...
16.10.2025 09:27:35 - Write <cpacs/vehicles/aircraft/model/wings> ...
16.10.2025 09:27:35 - Write <cpacs/vehicles/aircraft/model/nacelles> ...
16.10.2025 09:27:36 - Write <cpacs/vehicles/aircraft/model/engines> ...
16.10.2025 09:27:36 - Write <cpacs/vehicles/aircraft/model/landingGears> ...
16.10.2025 09:27:36 - Write <cpacs/vehicles/aircraft/model/systems> ...
16.10.2025 09:27:36 - Write <cpacs/vehicles/aircraft/model/analysis> ...
16.10.2025 09:27:36 - Write <cpacs/vehicles/aircraft/model/analysis/massBreakdown> ...
16.10.2025 09:27:36 - Write <cpacs/vehicles/engines> ...
16.10.2025 09:27:36 - Write <cpacs/vehicles/profiles> ...
16.10.2025 09:27:36 - Write <cpacs/vehicles/profiles/fuselageProfiles>...
16.10.2025 09:27:36 - Write <cpacs/vehicles/profiles/wingAirfoils>...
16.10.2025 09:27:36 - Write <cpacs/vehicles/profiles/fuselageProfiles>...
16.10.2025 09:27:36 - Write <cpacs/vehicles/profiles/wingAirfoils>...
16.10.2025 09:27:36 - Write <cpacs/vehicles/materials> ...
16.10.2025 09:27:36 - deleteEmptyTrees
16.10.2025 09:27:36 - Finish cpacs_interface
*******************************************************************************
16.10.2025 09:30:14 - Start cpacs_interface
16.10.2025 09:30:14 - [MODULE RUNTIMEINFO] - cpacs_interface
16.10.2025 09:30:14 -    [CONSOLE  ] - [ON]
16.10.2025 09:30:14 -    [LOG      ] - [ON]
16.10.2025 09:30:14 -    [PLOT     ] - [ON]
16.10.2025 09:30:14 -       [COPY  ] - [ON]
16.10.2025 09:30:14 -       [DELETE] - [ON]
16.10.2025 09:30:14 -    [REPORT   ] - [ON]
16.10.2025 09:30:14 -    [TEX      ] - [ON]
16.10.2025 09:30:14 -    [INFOFILES] - [OFF]
16.10.2025 09:30:14 -    [GNUPLOT]
16.10.2025 09:30:14 -       [PATH    ] - C:/Programs/UNICADOworkflow/gnuplot
16.10.2025 09:30:14 -       [FILENAME] - 
16.10.2025 09:30:14 -    [INKSCAPE]
16.10.2025 09:30:14 -       [PATH    ] - C:/Programs/UNICADOworkflow/inkscape
16.10.2025 09:30:14 -       [FILENAME] - 
16.10.2025 09:30:14 -    [LOGFILE]
16.10.2025 09:30:14 -       [PATH    ] - C:/Programs/UNICADOworkflow/workingDirectoryRCE/UNICADOworkflow_2025-10-16_09-20-18_13
16.10.2025 09:30:14 -       [FILENAME] - cpacs_interface.log
16.10.2025 09:30:14 -    [IO/ACXML]
16.10.2025 09:30:14 -       [PATH    ] - C:/Programs/UNICADOworkflow/workingDirectoryRCE/UNICADOworkflow_2025-10-16_09-20-18_13/UNICADO-SMR-01
16.10.2025 09:30:14 -       [FILENAME] - UNICADO-SMR-01.xml
16.10.2025 09:30:14 -    [MODCONFIG]
16.10.2025 09:30:14 -       [PATH    ] - ../workingDirectoryRCE/UNICADOworkflow_2025-10-16_09-20-18_13
16.10.2025 09:30:14 -       [FILENAME] - cpacs_interface_conf.xml
16.10.2025 09:30:14 - Checking directory... [REPORT]
16.10.2025 09:30:14 - Checking directory... [TEX]
16.10.2025 09:30:14 - Checking directory... [HTML]
16.10.2025 09:30:14 - Checking directory... [PLOT]
16.10.2025 09:30:14 - Checking directory... [CSVFILES]
16.10.2025 09:30:14 - Checking directory... [CSVFILESTOOL]
16.10.2025 09:30:14 - Creating directory... [CSVFILESTOOL]
16.10.2025 09:30:14 - Checking directory... [PLOTFILES]
16.10.2025 09:30:14 - Checking directory... [PLOTFILESTOOL]
16.10.2025 09:30:14 - Creating directory... [PLOTFILESTOOL]
16.10.2025 09:30:14 - Checking directory... [LOGFILES]
16.10.2025 09:30:14 - Initialize C++ object for the UNICADO XML
16.10.2025 09:30:14 - Initialize C++ object for CPACS
16.10.2025 09:30:14 - Run conversion: UNICADO -> CPACS
16.10.2025 09:30:14 - ###############################################
16.10.2025 09:30:14 - Target aircraft: UNICADO-SMR-01
16.10.2025 09:30:14 - -----------------------------------------------
16.10.2025 09:30:14 - Read UNICADO Design Specifications
16.10.2025 09:30:14 - WARNING: Node to read not existing ... enabled
16.10.2025 09:30:14 - -----------------------------------------------
16.10.2025 09:30:14 - Read UNICADO Accommodation
16.10.2025 09:30:14 - -----------------------------------------------
16.10.2025 09:30:14 - Read UNICADO Masses and Loadings
16.10.2025 09:30:14 - -----------------------------------------------
16.10.2025 09:30:14 - Read UNICADO Propulsion
16.10.2025 09:30:14 - -----------------------------------------------
16.10.2025 09:30:14 - Read UNICADO Geometry
16.10.2025 09:30:14 - -----------------------------------------------
16.10.2025 09:30:14 - Read UNICADO Systems
16.10.2025 09:30:14 - -----------------------------------------------
16.10.2025 09:30:14 - Read UNICADO Aerodynamics
16.10.2025 09:30:14 - -----------------------------------------------
16.10.2025 09:30:14 - Read UNICADO StabilityAndControlCharacteristics
16.10.2025 09:30:14 - -----------------------------------------------
16.10.2025 09:30:14 - Read UNICADO Missions and Trajectory
16.10.2025 09:30:14 - -----------------------------------------------
16.10.2025 09:30:14 - Read UNICADO Requirements
16.10.2025 09:30:14 - Convert Design Specifications to CPACS
16.10.2025 09:30:14 - Convert Accommodation to CPACS
16.10.2025 09:30:14 - Convert Masses and Loadings to CPACS
16.10.2025 09:30:14 - WARNING: Cpacs mass element: mMiscellaneous not found.
16.10.2025 09:30:14 - WARNING: Cpacs mass element: mMiscellaneous not found.
16.10.2025 09:30:14 - Convert Geometry to CPACS
16.10.2025 09:30:14 - Convert geometry of Fuselage
16.10.2025 09:30:14 - Convert geometry of main_wing
16.10.2025 09:30:14 - Convert geometry of vertical_stabiliser
16.10.2025 09:30:14 - Convert geometry of horizontal_stabiliser
16.10.2025 09:30:14 - Convert geometry of Nacelles
16.10.2025 09:30:14 - Convert geometry of Landing Gears
16.10.2025 09:30:14 - Convert Systems to CPACS
16.10.2025 09:30:14 - Convert Aerodynamics to CPACS
16.10.2025 09:30:14 - Convert StabilityAndControlCharacteristics to CPACS
16.10.2025 09:30:14 - Convert Missions and Trajectory to CPACS
16.10.2025 09:30:14 - Convert Monetary Values to CPACS
16.10.2025 09:30:14 - Convert Ecological Values to CPACS
16.10.2025 09:30:14 - Convert Requirements to CPACS
16.10.2025 09:30:14 - Convert Propulsion to CPACS
16.10.2025 09:30:15 - WARNING: Unicado mass element: EngineControls not found
16.10.2025 09:30:15 - WARNING: Unicado mass element: EngineControls not found
16.10.2025 09:30:15 - ###############################################
16.10.2025 09:30:15 - -----------------------------------------------
16.10.2025 09:30:15 - Write <cpacs/header> ...
16.10.2025 09:30:15 - Create new header...
16.10.2025 09:30:15 - Write <cpacs/vehicles> ...
16.10.2025 09:30:15 - Write <cpacs/vehicles/aircraft/> ...
16.10.2025 09:30:15 - WARNING: Cannot delete model from tree.
16.10.2025 09:30:15 - Write <cpacs/vehicles/aircraft/model/fuselage> ...
16.10.2025 09:30:15 - Write <cpacs/vehicles/aircraft/model/wings> ...
16.10.2025 09:30:15 - Write <cpacs/vehicles/aircraft/model/nacelles> ...
16.10.2025 09:30:15 - Write <cpacs/vehicles/aircraft/model/engines> ...
16.10.2025 09:30:15 - Write <cpacs/vehicles/aircraft/model/landingGears> ...
16.10.2025 09:30:15 - Write <cpacs/vehicles/aircraft/model/systems> ...
16.10.2025 09:30:15 - Write <cpacs/vehicles/aircraft/model/analysis> ...
16.10.2025 09:30:15 - Write <cpacs/vehicles/aircraft/model/analysis/massBreakdown> ...
16.10.2025 09:30:15 - Write <cpacs/vehicles/engines> ...
16.10.2025 09:30:15 - Write <cpacs/vehicles/profiles> ...
16.10.2025 09:30:15 - Write <cpacs/vehicles/profiles/fuselageProfiles>...
16.10.2025 09:30:15 - Write <cpacs/vehicles/profiles/wingAirfoils>...
16.10.2025 09:30:15 - Write <cpacs/vehicles/profiles/fuselageProfiles>...
16.10.2025 09:30:15 - Write <cpacs/vehicles/profiles/wingAirfoils>...
16.10.2025 09:30:15 - Write <cpacs/vehicles/materials> ...
16.10.2025 09:30:15 - deleteEmptyTrees
16.10.2025 09:30:15 - Finish cpacs_interface
