*******************************************************************************
16.10.2025 09:20:21 - Start create_mission_xml
16.10.2025 09:20:21 - [MODULE RUNTIMEINFO] - create_mission_xml
16.10.2025 09:20:21 -    [CONSOLE  ] - [ON]
16.10.2025 09:20:21 -    [LOG      ] - [ON]
16.10.2025 09:20:21 -    [PLOT     ] - [OFF]
16.10.2025 09:20:21 -       [COPY  ] - [ON]
16.10.2025 09:20:21 -       [DELETE] - [ON]
16.10.2025 09:20:21 -    [REPORT   ] - [OFF]
16.10.2025 09:20:21 -    [TEX      ] - [OFF]
16.10.2025 09:20:21 -    [INFOFILES] - [OFF]
16.10.2025 09:20:21 -    [GNUPLOT]
16.10.2025 09:20:21 -       [PATH    ] - C:/Programs/UNICADOworkflow/gnuplot
16.10.2025 09:20:21 -       [FILENAME] - 
16.10.2025 09:20:21 -    [INKSCAPE]
16.10.2025 09:20:21 -       [PATH    ] - C:/Programs/UNICADOworkflow/inkscape
16.10.2025 09:20:21 -       [FILENAME] - 
16.10.2025 09:20:21 -    [LOGFILE]
16.10.2025 09:20:21 -       [PATH    ] - C:/Programs/UNICADOworkflow/workingDirectoryRCE/UNICADOworkflow_2025-10-16_09-20-18_13
16.10.2025 09:20:21 -       [FILENAME] - create_mission_xml.log
16.10.2025 09:20:21 -    [IO/ACXML]
16.10.2025 09:20:21 -       [PATH    ] - C:/Programs/UNICADOworkflow/workingDirectoryRCE/UNICADOworkflow_2025-10-16_09-20-18_13/UNICADO-SMR-01
16.10.2025 09:20:21 -       [FILENAME] - UNICADO-SMR-01.xml
16.10.2025 09:20:21 -    [MODCONFIG]
16.10.2025 09:20:21 -       [PATH    ] - ../workingDirectoryRCE/UNICADOworkflow_2025-10-16_09-20-18_13
16.10.2025 09:20:21 -       [FILENAME] - create_mission_xml_conf.xml
16.10.2025 09:20:21 - Checking directory... [REPORT]
16.10.2025 09:20:21 - Checking directory... [TEX]
16.10.2025 09:20:21 - Checking directory... [LOGFILES]
16.10.2025 09:20:21 - ***************** Gathered input *****************
16.10.2025 09:20:21 - * Mission type:            design_mission
16.10.2025 09:20:21 - * Range                    = 2450 NM
16.10.2025 09:20:21 - * Payload                  = 19300 kg
16.10.2025 09:20:21 - * Cruise Mach number       = 0.78
16.10.2025 09:20:21 - * Initial cruise altitude  = 330 FL
16.10.2025 09:20:21 - * Climb speed under FL100  = 128.611 m/s
16.10.2025 09:20:21 - * Climb speed above FL100  = 154.333 m/s
16.10.2025 09:20:21 - * Climb Mach number        = 0.76
16.10.2025 09:20:21 - **************************************************
16.10.2025 09:20:21 - Create design_mission.xml...
16.10.2025 09:20:21 - Create directory for mission data output in project folder: C:/Programs/UNICADOworkflow/workingDirectoryRCE/UNICADOworkflow_2025-10-16_09-20-18_13/UNICADO-SMR-01/mission_data
16.10.2025 09:20:21 - Finish create_mission_xml
*******************************************************************************
16.10.2025 09:20:42 - Start create_mission_xml
16.10.2025 09:20:42 - [MODULE RUNTIMEINFO] - create_mission_xml
16.10.2025 09:20:42 -    [CONSOLE  ] - [ON]
16.10.2025 09:20:42 -    [LOG      ] - [ON]
16.10.2025 09:20:42 -    [PLOT     ] - [OFF]
16.10.2025 09:20:42 -       [COPY  ] - [ON]
16.10.2025 09:20:42 -       [DELETE] - [ON]
16.10.2025 09:20:42 -    [REPORT   ] - [OFF]
16.10.2025 09:20:42 -    [TEX      ] - [OFF]
16.10.2025 09:20:42 -    [INFOFILES] - [OFF]
16.10.2025 09:20:42 -    [GNUPLOT]
16.10.2025 09:20:42 -       [PATH    ] - C:/Programs/UNICADOworkflow/gnuplot
16.10.2025 09:20:42 -       [FILENAME] - 
16.10.2025 09:20:42 -    [INKSCAPE]
16.10.2025 09:20:42 -       [PATH    ] - C:/Programs/UNICADOworkflow/inkscape
16.10.2025 09:20:42 -       [FILENAME] - 
16.10.2025 09:20:42 -    [LOGFILE]
16.10.2025 09:20:42 -       [PATH    ] - C:/Programs/UNICADOworkflow/workingDirectoryRCE/UNICADOworkflow_2025-10-16_09-20-18_13
16.10.2025 09:20:42 -       [FILENAME] - create_mission_xml.log
16.10.2025 09:20:42 -    [IO/ACXML]
16.10.2025 09:20:42 -       [PATH    ] - C:/Programs/UNICADOworkflow/workingDirectoryRCE/UNICADOworkflow_2025-10-16_09-20-18_13/UNICADO-SMR-01
16.10.2025 09:20:42 -       [FILENAME] - UNICADO-SMR-01.xml
16.10.2025 09:20:42 -    [MODCONFIG]
16.10.2025 09:20:42 -       [PATH    ] - ../workingDirectoryRCE/UNICADOworkflow_2025-10-16_09-20-18_13
16.10.2025 09:20:42 -       [FILENAME] - create_mission_xml_conf.xml
16.10.2025 09:20:42 - Checking directory... [REPORT]
16.10.2025 09:20:42 - Checking directory... [TEX]
16.10.2025 09:20:42 - Checking directory... [LOGFILES]
16.10.2025 09:20:42 - ***************** Gathered input *****************
16.10.2025 09:20:42 - * Mission type:            design_mission
16.10.2025 09:20:42 - * Range                    = 2450 NM
16.10.2025 09:20:42 - * Payload                  = 19300 kg
16.10.2025 09:20:42 - * Cruise Mach number       = 0.78
16.10.2025 09:20:42 - * Initial cruise altitude  = 330 FL
16.10.2025 09:20:42 - * Climb speed under FL100  = 128.611 m/s
16.10.2025 09:20:42 - * Climb speed above FL100  = 154.333 m/s
16.10.2025 09:20:42 - * Climb Mach number        = 0.76
16.10.2025 09:20:42 - **************************************************
16.10.2025 09:20:42 - Create design_mission.xml...
16.10.2025 09:20:43 - Finish create_mission_xml
*******************************************************************************
16.10.2025 09:21:21 - Start create_mission_xml
16.10.2025 09:21:21 - [MODULE RUNTIMEINFO] - create_mission_xml
16.10.2025 09:21:21 -    [CONSOLE  ] - [ON]
16.10.2025 09:21:21 -    [LOG      ] - [ON]
16.10.2025 09:21:21 -    [PLOT     ] - [OFF]
16.10.2025 09:21:21 -       [COPY  ] - [ON]
16.10.2025 09:21:21 -       [DELETE] - [ON]
16.10.2025 09:21:21 -    [REPORT   ] - [OFF]
16.10.2025 09:21:21 -    [TEX      ] - [OFF]
16.10.2025 09:21:21 -    [INFOFILES] - [OFF]
16.10.2025 09:21:21 -    [GNUPLOT]
16.10.2025 09:21:21 -       [PATH    ] - C:/Programs/UNICADOworkflow/gnuplot
16.10.2025 09:21:21 -       [FILENAME] - 
16.10.2025 09:21:21 -    [INKSCAPE]
16.10.2025 09:21:21 -       [PATH    ] - C:/Programs/UNICADOworkflow/inkscape
16.10.2025 09:21:21 -       [FILENAME] - 
16.10.2025 09:21:21 -    [LOGFILE]
16.10.2025 09:21:21 -       [PATH    ] - C:/Programs/UNICADOworkflow/workingDirectoryRCE/UNICADOworkflow_2025-10-16_09-20-18_13
16.10.2025 09:21:21 -       [FILENAME] - create_mission_xml.log
16.10.2025 09:21:21 -    [IO/ACXML]
16.10.2025 09:21:21 -       [PATH    ] - C:/Programs/UNICADOworkflow/workingDirectoryRCE/UNICADOworkflow_2025-10-16_09-20-18_13/UNICADO-SMR-01
16.10.2025 09:21:21 -       [FILENAME] - UNICADO-SMR-01.xml
16.10.2025 09:21:21 -    [MODCONFIG]
16.10.2025 09:21:21 -       [PATH    ] - ../workingDirectoryRCE/UNICADOworkflow_2025-10-16_09-20-18_13
16.10.2025 09:21:21 -       [FILENAME] - create_mission_xml_conf.xml
16.10.2025 09:21:21 - Checking directory... [REPORT]
16.10.2025 09:21:21 - Checking directory... [TEX]
16.10.2025 09:21:21 - Checking directory... [LOGFILES]
16.10.2025 09:21:21 - ***************** Gathered input *****************
16.10.2025 09:21:21 - * Mission type:            design_mission
16.10.2025 09:21:21 - * Range                    = 2450 NM
16.10.2025 09:21:21 - * Payload                  = 19300 kg
16.10.2025 09:21:21 - * Cruise Mach number       = 0.78
16.10.2025 09:21:21 - * Initial cruise altitude  = 330 FL
16.10.2025 09:21:21 - * Climb speed under FL100  = 128.611 m/s
16.10.2025 09:21:21 - * Climb speed above FL100  = 154.333 m/s
16.10.2025 09:21:21 - * Climb Mach number        = 0.76
16.10.2025 09:21:21 - **************************************************
16.10.2025 09:21:21 - Create design_mission.xml...
16.10.2025 09:21:21 - Finish create_mission_xml
*******************************************************************************
16.10.2025 09:21:53 - Start create_mission_xml
16.10.2025 09:21:53 - [MODULE RUNTIMEINFO] - create_mission_xml
16.10.2025 09:21:53 -    [CONSOLE  ] - [ON]
16.10.2025 09:21:53 -    [LOG      ] - [ON]
16.10.2025 09:21:53 -    [PLOT     ] - [OFF]
16.10.2025 09:21:53 -       [COPY  ] - [ON]
16.10.2025 09:21:53 -       [DELETE] - [ON]
16.10.2025 09:21:53 -    [REPORT   ] - [OFF]
16.10.2025 09:21:53 -    [TEX      ] - [OFF]
16.10.2025 09:21:53 -    [INFOFILES] - [OFF]
16.10.2025 09:21:53 -    [GNUPLOT]
16.10.2025 09:21:53 -       [PATH    ] - C:/Programs/UNICADOworkflow/gnuplot
16.10.2025 09:21:53 -       [FILENAME] - 
16.10.2025 09:21:53 -    [INKSCAPE]
16.10.2025 09:21:53 -       [PATH    ] - C:/Programs/UNICADOworkflow/inkscape
16.10.2025 09:21:53 -       [FILENAME] - 
16.10.2025 09:21:53 -    [LOGFILE]
16.10.2025 09:21:53 -       [PATH    ] - C:/Programs/UNICADOworkflow/workingDirectoryRCE/UNICADOworkflow_2025-10-16_09-20-18_13
16.10.2025 09:21:53 -       [FILENAME] - create_mission_xml.log
16.10.2025 09:21:53 -    [IO/ACXML]
16.10.2025 09:21:53 -       [PATH    ] - C:/Programs/UNICADOworkflow/workingDirectoryRCE/UNICADOworkflow_2025-10-16_09-20-18_13/UNICADO-SMR-01
16.10.2025 09:21:53 -       [FILENAME] - UNICADO-SMR-01.xml
16.10.2025 09:21:53 -    [MODCONFIG]
16.10.2025 09:21:53 -       [PATH    ] - ../workingDirectoryRCE/UNICADOworkflow_2025-10-16_09-20-18_13
16.10.2025 09:21:53 -       [FILENAME] - create_mission_xml_conf.xml
16.10.2025 09:21:53 - Checking directory... [REPORT]
16.10.2025 09:21:53 - Checking directory... [TEX]
16.10.2025 09:21:53 - Checking directory... [LOGFILES]
16.10.2025 09:21:53 - ***************** Gathered input *****************
16.10.2025 09:21:53 - * Mission type:            design_mission
16.10.2025 09:21:53 - * Range                    = 2450 NM
16.10.2025 09:21:53 - * Payload                  = 19300 kg
16.10.2025 09:21:53 - * Cruise Mach number       = 0.78
16.10.2025 09:21:53 - * Initial cruise altitude  = 330 FL
16.10.2025 09:21:53 - * Climb speed under FL100  = 128.611 m/s
16.10.2025 09:21:53 - * Climb speed above FL100  = 154.333 m/s
16.10.2025 09:21:53 - * Climb Mach number        = 0.76
16.10.2025 09:21:53 - **************************************************
16.10.2025 09:21:53 - Create design_mission.xml...
16.10.2025 09:21:53 - Finish create_mission_xml
*******************************************************************************
16.10.2025 09:22:32 - Start create_mission_xml
16.10.2025 09:22:32 - [MODULE RUNTIMEINFO] - create_mission_xml
16.10.2025 09:22:32 -    [CONSOLE  ] - [ON]
16.10.2025 09:22:32 -    [LOG      ] - [ON]
16.10.2025 09:22:32 -    [PLOT     ] - [OFF]
16.10.2025 09:22:32 -       [COPY  ] - [ON]
16.10.2025 09:22:32 -       [DELETE] - [ON]
16.10.2025 09:22:32 -    [REPORT   ] - [OFF]
16.10.2025 09:22:32 -    [TEX      ] - [OFF]
16.10.2025 09:22:32 -    [INFOFILES] - [OFF]
16.10.2025 09:22:32 -    [GNUPLOT]
16.10.2025 09:22:32 -       [PATH    ] - C:/Programs/UNICADOworkflow/gnuplot
16.10.2025 09:22:32 -       [FILENAME] - 
16.10.2025 09:22:32 -    [INKSCAPE]
16.10.2025 09:22:32 -       [PATH    ] - C:/Programs/UNICADOworkflow/inkscape
16.10.2025 09:22:32 -       [FILENAME] - 
16.10.2025 09:22:32 -    [LOGFILE]
16.10.2025 09:22:32 -       [PATH    ] - C:/Programs/UNICADOworkflow/workingDirectoryRCE/UNICADOworkflow_2025-10-16_09-20-18_13
16.10.2025 09:22:32 -       [FILENAME] - create_mission_xml.log
16.10.2025 09:22:32 -    [IO/ACXML]
16.10.2025 09:22:32 -       [PATH    ] - C:/Programs/UNICADOworkflow/workingDirectoryRCE/UNICADOworkflow_2025-10-16_09-20-18_13/UNICADO-SMR-01
16.10.2025 09:22:32 -       [FILENAME] - UNICADO-SMR-01.xml
16.10.2025 09:22:32 -    [MODCONFIG]
16.10.2025 09:22:32 -       [PATH    ] - ../workingDirectoryRCE/UNICADOworkflow_2025-10-16_09-20-18_13
16.10.2025 09:22:32 -       [FILENAME] - create_mission_xml_conf.xml
16.10.2025 09:22:32 - Checking directory... [REPORT]
16.10.2025 09:22:32 - Checking directory... [TEX]
16.10.2025 09:22:32 - Checking directory... [LOGFILES]
16.10.2025 09:22:32 - ***************** Gathered input *****************
16.10.2025 09:22:32 - * Mission type:            design_mission
16.10.2025 09:22:32 - * Range                    = 2450 NM
16.10.2025 09:22:32 - * Payload                  = 19300 kg
16.10.2025 09:22:32 - * Cruise Mach number       = 0.78
16.10.2025 09:22:32 - * Initial cruise altitude  = 330 FL
16.10.2025 09:22:32 - * Climb speed under FL100  = 128.611 m/s
16.10.2025 09:22:32 - * Climb speed above FL100  = 154.333 m/s
16.10.2025 09:22:32 - * Climb Mach number        = 0.76
16.10.2025 09:22:32 - **************************************************
16.10.2025 09:22:32 - Create design_mission.xml...
16.10.2025 09:22:32 - Finish create_mission_xml
*******************************************************************************
16.10.2025 09:23:42 - Start create_mission_xml
16.10.2025 09:23:42 - [MODULE RUNTIMEINFO] - create_mission_xml
16.10.2025 09:23:42 -    [CONSOLE  ] - [ON]
16.10.2025 09:23:42 -    [LOG      ] - [ON]
16.10.2025 09:23:42 -    [PLOT     ] - [OFF]
16.10.2025 09:23:42 -       [COPY  ] - [ON]
16.10.2025 09:23:42 -       [DELETE] - [ON]
16.10.2025 09:23:42 -    [REPORT   ] - [OFF]
16.10.2025 09:23:42 -    [TEX      ] - [OFF]
16.10.2025 09:23:42 -    [INFOFILES] - [OFF]
16.10.2025 09:23:42 -    [GNUPLOT]
16.10.2025 09:23:42 -       [PATH    ] - C:/Programs/UNICADOworkflow/gnuplot
16.10.2025 09:23:42 -       [FILENAME] - 
16.10.2025 09:23:42 -    [INKSCAPE]
16.10.2025 09:23:42 -       [PATH    ] - C:/Programs/UNICADOworkflow/inkscape
16.10.2025 09:23:42 -       [FILENAME] - 
16.10.2025 09:23:42 -    [LOGFILE]
16.10.2025 09:23:42 -       [PATH    ] - C:/Programs/UNICADOworkflow/workingDirectoryRCE/UNICADOworkflow_2025-10-16_09-20-18_13
16.10.2025 09:23:42 -       [FILENAME] - create_mission_xml.log
16.10.2025 09:23:42 -    [IO/ACXML]
16.10.2025 09:23:42 -       [PATH    ] - C:/Programs/UNICADOworkflow/workingDirectoryRCE/UNICADOworkflow_2025-10-16_09-20-18_13/UNICADO-SMR-01
16.10.2025 09:23:42 -       [FILENAME] - UNICADO-SMR-01.xml
16.10.2025 09:23:42 -    [MODCONFIG]
16.10.2025 09:23:42 -       [PATH    ] - ../workingDirectoryRCE/UNICADOworkflow_2025-10-16_09-20-18_13
16.10.2025 09:23:42 -       [FILENAME] - create_mission_xml_conf.xml
16.10.2025 09:23:42 - Checking directory... [REPORT]
16.10.2025 09:23:42 - Checking directory... [TEX]
16.10.2025 09:23:42 - Checking directory... [LOGFILES]
16.10.2025 09:23:42 - ***************** Gathered input *****************
16.10.2025 09:23:42 - * Mission type:            design_mission
16.10.2025 09:23:42 - * Range                    = 2450 NM
16.10.2025 09:23:42 - * Payload                  = 19300 kg
16.10.2025 09:23:42 - * Cruise Mach number       = 0.78
16.10.2025 09:23:42 - * Initial cruise altitude  = 330 FL
16.10.2025 09:23:42 - * Climb speed under FL100  = 128.611 m/s
16.10.2025 09:23:42 - * Climb speed above FL100  = 154.333 m/s
16.10.2025 09:23:42 - * Climb Mach number        = 0.76
16.10.2025 09:23:42 - **************************************************
16.10.2025 09:23:42 - Create design_mission.xml...
16.10.2025 09:23:42 - Finish create_mission_xml
*******************************************************************************
16.10.2025 09:24:53 - Start create_mission_xml
16.10.2025 09:24:53 - [MODULE RUNTIMEINFO] - create_mission_xml
16.10.2025 09:24:53 -    [CONSOLE  ] - [ON]
16.10.2025 09:24:53 -    [LOG      ] - [ON]
16.10.2025 09:24:53 -    [PLOT     ] - [OFF]
16.10.2025 09:24:53 -       [COPY  ] - [ON]
16.10.2025 09:24:53 -       [DELETE] - [ON]
16.10.2025 09:24:53 -    [REPORT   ] - [OFF]
16.10.2025 09:24:53 -    [TEX      ] - [OFF]
16.10.2025 09:24:53 -    [INFOFILES] - [OFF]
16.10.2025 09:24:53 -    [GNUPLOT]
16.10.2025 09:24:53 -       [PATH    ] - C:/Programs/UNICADOworkflow/gnuplot
16.10.2025 09:24:53 -       [FILENAME] - 
16.10.2025 09:24:53 -    [INKSCAPE]
16.10.2025 09:24:53 -       [PATH    ] - C:/Programs/UNICADOworkflow/inkscape
16.10.2025 09:24:53 -       [FILENAME] - 
16.10.2025 09:24:53 -    [LOGFILE]
16.10.2025 09:24:53 -       [PATH    ] - C:/Programs/UNICADOworkflow/workingDirectoryRCE/UNICADOworkflow_2025-10-16_09-20-18_13
16.10.2025 09:24:53 -       [FILENAME] - create_mission_xml.log
16.10.2025 09:24:53 -    [IO/ACXML]
16.10.2025 09:24:53 -       [PATH    ] - C:/Programs/UNICADOworkflow/workingDirectoryRCE/UNICADOworkflow_2025-10-16_09-20-18_13/UNICADO-SMR-01
16.10.2025 09:24:53 -       [FILENAME] - UNICADO-SMR-01.xml
16.10.2025 09:24:53 -    [MODCONFIG]
16.10.2025 09:24:53 -       [PATH    ] - ../workingDirectoryRCE/UNICADOworkflow_2025-10-16_09-20-18_13
16.10.2025 09:24:53 -       [FILENAME] - create_mission_xml_conf.xml
16.10.2025 09:24:53 - Checking directory... [REPORT]
16.10.2025 09:24:53 - Checking directory... [TEX]
16.10.2025 09:24:53 - Checking directory... [LOGFILES]
16.10.2025 09:24:53 - ***************** Gathered input *****************
16.10.2025 09:24:53 - * Mission type:            design_mission
16.10.2025 09:24:53 - * Range                    = 2450 NM
16.10.2025 09:24:53 - * Payload                  = 19300 kg
16.10.2025 09:24:53 - * Cruise Mach number       = 0.78
16.10.2025 09:24:53 - * Initial cruise altitude  = 330 FL
16.10.2025 09:24:53 - * Climb speed under FL100  = 128.611 m/s
16.10.2025 09:24:53 - * Climb speed above FL100  = 154.333 m/s
16.10.2025 09:24:53 - * Climb Mach number        = 0.76
16.10.2025 09:24:53 - **************************************************
16.10.2025 09:24:53 - Create design_mission.xml...
16.10.2025 09:24:53 - Finish create_mission_xml
*******************************************************************************
16.10.2025 09:26:00 - Start create_mission_xml
16.10.2025 09:26:00 - [MODULE RUNTIMEINFO] - create_mission_xml
16.10.2025 09:26:00 -    [CONSOLE  ] - [ON]
16.10.2025 09:26:00 -    [LOG      ] - [ON]
16.10.2025 09:26:00 -    [PLOT     ] - [ON]
16.10.2025 09:26:00 -       [COPY  ] - [ON]
16.10.2025 09:26:00 -       [DELETE] - [ON]
16.10.2025 09:26:00 -    [REPORT   ] - [ON]
16.10.2025 09:26:00 -    [TEX      ] - [ON]
16.10.2025 09:26:00 -    [INFOFILES] - [OFF]
16.10.2025 09:26:00 -    [GNUPLOT]
16.10.2025 09:26:00 -       [PATH    ] - C:/Programs/UNICADOworkflow/gnuplot
16.10.2025 09:26:00 -       [FILENAME] - 
16.10.2025 09:26:00 -    [INKSCAPE]
16.10.2025 09:26:00 -       [PATH    ] - C:/Programs/UNICADOworkflow/inkscape
16.10.2025 09:26:00 -       [FILENAME] - 
16.10.2025 09:26:00 -    [LOGFILE]
16.10.2025 09:26:00 -       [PATH    ] - C:/Programs/UNICADOworkflow/workingDirectoryRCE/UNICADOworkflow_2025-10-16_09-20-18_13
16.10.2025 09:26:00 -       [FILENAME] - create_mission_xml.log
16.10.2025 09:26:00 -    [IO/ACXML]
16.10.2025 09:26:00 -       [PATH    ] - C:/Programs/UNICADOworkflow/workingDirectoryRCE/UNICADOworkflow_2025-10-16_09-20-18_13/UNICADO-SMR-01
16.10.2025 09:26:00 -       [FILENAME] - UNICADO-SMR-01.xml
16.10.2025 09:26:00 -    [MODCONFIG]
16.10.2025 09:26:00 -       [PATH    ] - ../workingDirectoryRCE/UNICADOworkflow_2025-10-16_09-20-18_13
16.10.2025 09:26:00 -       [FILENAME] - create_mission_xml_conf.xml
16.10.2025 09:26:00 - Checking directory... [REPORT]
16.10.2025 09:26:00 - Checking directory... [TEX]
16.10.2025 09:26:00 - Checking directory... [HTML]
16.10.2025 09:26:00 - Checking directory... [PLOT]
16.10.2025 09:26:00 - Checking directory... [CSVFILES]
16.10.2025 09:26:00 - Checking directory... [CSVFILESTOOL]
16.10.2025 09:26:00 - Creating directory... [CSVFILESTOOL]
16.10.2025 09:26:00 - Checking directory... [PLOTFILES]
16.10.2025 09:26:00 - Checking directory... [PLOTFILESTOOL]
16.10.2025 09:26:00 - Creating directory... [PLOTFILESTOOL]
16.10.2025 09:26:00 - Checking directory... [LOGFILES]
16.10.2025 09:26:00 - ***************** Gathered input *****************
16.10.2025 09:26:00 - * Mission type:            design_mission
16.10.2025 09:26:00 - * Range                    = 2450 NM
16.10.2025 09:26:00 - * Payload                  = 19300 kg
16.10.2025 09:26:00 - * Cruise Mach number       = 0.78
16.10.2025 09:26:00 - * Initial cruise altitude  = 330 FL
16.10.2025 09:26:00 - * Climb speed under FL100  = 128.611 m/s
16.10.2025 09:26:00 - * Climb speed above FL100  = 154.333 m/s
16.10.2025 09:26:00 - * Climb Mach number        = 0.76
16.10.2025 09:26:00 - **************************************************
16.10.2025 09:26:00 - Create design_mission.xml...
16.10.2025 09:26:00 - Finish create_mission_xml
*******************************************************************************
16.10.2025 09:27:36 - Start create_mission_xml
16.10.2025 09:27:36 - [MODULE RUNTIMEINFO] - create_mission_xml
16.10.2025 09:27:36 -    [CONSOLE  ] - [ON]
16.10.2025 09:27:36 -    [LOG      ] - [ON]
16.10.2025 09:27:36 -    [PLOT     ] - [OFF]
16.10.2025 09:27:36 -       [COPY  ] - [ON]
16.10.2025 09:27:36 -       [DELETE] - [ON]
16.10.2025 09:27:36 -    [REPORT   ] - [OFF]
16.10.2025 09:27:36 -    [TEX      ] - [OFF]
16.10.2025 09:27:36 -    [INFOFILES] - [OFF]
16.10.2025 09:27:36 -    [GNUPLOT]
16.10.2025 09:27:36 -       [PATH    ] - C:/Programs/UNICADOworkflow/gnuplot
16.10.2025 09:27:36 -       [FILENAME] - 
16.10.2025 09:27:36 -    [INKSCAPE]
16.10.2025 09:27:36 -       [PATH    ] - C:/Programs/UNICADOworkflow/inkscape
16.10.2025 09:27:36 -       [FILENAME] - 
16.10.2025 09:27:36 -    [LOGFILE]
16.10.2025 09:27:36 -       [PATH    ] - C:/Programs/UNICADOworkflow/workingDirectoryRCE/UNICADOworkflow_2025-10-16_09-20-18_13
16.10.2025 09:27:36 -       [FILENAME] - create_mission_xml.log
16.10.2025 09:27:36 -    [IO/ACXML]
16.10.2025 09:27:36 -       [PATH    ] - C:/Programs/UNICADOworkflow/workingDirectoryRCE/UNICADOworkflow_2025-10-16_09-20-18_13/UNICADO-SMR-01
16.10.2025 09:27:36 -       [FILENAME] - UNICADO-SMR-01.xml
16.10.2025 09:27:36 -    [MODCONFIG]
16.10.2025 09:27:36 -       [PATH    ] - ../workingDirectoryRCE/UNICADOworkflow_2025-10-16_09-20-18_13
16.10.2025 09:27:36 -       [FILENAME] - create_mission_xml_conf.xml
16.10.2025 09:27:36 - Checking directory... [REPORT]
16.10.2025 09:27:36 - Checking directory... [TEX]
16.10.2025 09:27:36 - Checking directory... [LOGFILES]
16.10.2025 09:27:36 - ***************** Gathered input *****************
16.10.2025 09:27:36 - * Mission type:            study_mission
16.10.2025 09:27:36 - * Range                    = 800 NM
16.10.2025 09:27:36 - * Payload                  = 14475 kg
16.10.2025 09:27:36 - * Cruise Mach number       = 0.78
16.10.2025 09:27:36 - * Initial cruise altitude  = 350 FL
16.10.2025 09:27:36 - * Climb speed under FL100  = 128.611 m/s
16.10.2025 09:27:36 - * Climb speed above FL100  = 154.333 m/s
16.10.2025 09:27:36 - * Climb Mach number        = 0.76
16.10.2025 09:27:36 - **************************************************
16.10.2025 09:27:36 - Create study_mission.xml...
16.10.2025 09:27:36 - Finish create_mission_xml
*******************************************************************************
16.10.2025 09:28:01 - Start create_mission_xml
16.10.2025 09:28:01 - [MODULE RUNTIMEINFO] - create_mission_xml
16.10.2025 09:28:01 -    [CONSOLE  ] - [ON]
16.10.2025 09:28:01 -    [LOG      ] - [ON]
16.10.2025 09:28:01 -    [PLOT     ] - [OFF]
16.10.2025 09:28:01 -       [COPY  ] - [ON]
16.10.2025 09:28:01 -       [DELETE] - [ON]
16.10.2025 09:28:01 -    [REPORT   ] - [OFF]
16.10.2025 09:28:01 -    [TEX      ] - [OFF]
16.10.2025 09:28:01 -    [INFOFILES] - [OFF]
16.10.2025 09:28:01 -    [GNUPLOT]
16.10.2025 09:28:01 -       [PATH    ] - C:/Programs/UNICADOworkflow/gnuplot
16.10.2025 09:28:01 -       [FILENAME] - 
16.10.2025 09:28:01 -    [INKSCAPE]
16.10.2025 09:28:01 -       [PATH    ] - C:/Programs/UNICADOworkflow/inkscape
16.10.2025 09:28:01 -       [FILENAME] - 
16.10.2025 09:28:01 -    [LOGFILE]
16.10.2025 09:28:01 -       [PATH    ] - C:/Programs/UNICADOworkflow/workingDirectoryRCE/UNICADOworkflow_2025-10-16_09-20-18_13
16.10.2025 09:28:01 -       [FILENAME] - create_mission_xml.log
16.10.2025 09:28:01 -    [IO/ACXML]
16.10.2025 09:28:01 -       [PATH    ] - C:/Programs/UNICADOworkflow/workingDirectoryRCE/UNICADOworkflow_2025-10-16_09-20-18_13/UNICADO-SMR-01
16.10.2025 09:28:01 -       [FILENAME] - UNICADO-SMR-01.xml
16.10.2025 09:28:01 -    [MODCONFIG]
16.10.2025 09:28:01 -       [PATH    ] - ../workingDirectoryRCE/UNICADOworkflow_2025-10-16_09-20-18_13
16.10.2025 09:28:01 -       [FILENAME] - create_mission_xml_conf.xml
16.10.2025 09:28:01 - Checking directory... [REPORT]
16.10.2025 09:28:01 - Checking directory... [TEX]
16.10.2025 09:28:01 - Checking directory... [LOGFILES]
16.10.2025 09:28:01 - ***************** Gathered input *****************
16.10.2025 09:28:01 - * Mission type:            study_mission
16.10.2025 09:28:01 - * Range                    = 800 NM
16.10.2025 09:28:01 - * Payload                  = 14475 kg
16.10.2025 09:28:01 - * Cruise Mach number       = 0.78
16.10.2025 09:28:01 - * Initial cruise altitude  = 350 FL
16.10.2025 09:28:01 - * Climb speed under FL100  = 128.611 m/s
16.10.2025 09:28:01 - * Climb speed above FL100  = 154.333 m/s
16.10.2025 09:28:01 - * Climb Mach number        = 0.76
16.10.2025 09:28:01 - **************************************************
16.10.2025 09:28:01 - Create study_mission.xml...
16.10.2025 09:28:01 - Finish create_mission_xml
*******************************************************************************
16.10.2025 09:28:24 - Start create_mission_xml
16.10.2025 09:28:24 - [MODULE RUNTIMEINFO] - create_mission_xml
16.10.2025 09:28:24 -    [CONSOLE  ] - [ON]
16.10.2025 09:28:24 -    [LOG      ] - [ON]
16.10.2025 09:28:24 -    [PLOT     ] - [ON]
16.10.2025 09:28:24 -       [COPY  ] - [ON]
16.10.2025 09:28:24 -       [DELETE] - [ON]
16.10.2025 09:28:24 -    [REPORT   ] - [ON]
16.10.2025 09:28:24 -    [TEX      ] - [ON]
16.10.2025 09:28:24 -    [INFOFILES] - [OFF]
16.10.2025 09:28:24 -    [GNUPLOT]
16.10.2025 09:28:24 -       [PATH    ] - C:/Programs/UNICADOworkflow/gnuplot
16.10.2025 09:28:24 -       [FILENAME] - 
16.10.2025 09:28:24 -    [INKSCAPE]
16.10.2025 09:28:24 -       [PATH    ] - C:/Programs/UNICADOworkflow/inkscape
16.10.2025 09:28:24 -       [FILENAME] - 
16.10.2025 09:28:24 -    [LOGFILE]
16.10.2025 09:28:24 -       [PATH    ] - C:/Programs/UNICADOworkflow/workingDirectoryRCE/UNICADOworkflow_2025-10-16_09-20-18_13
16.10.2025 09:28:24 -       [FILENAME] - create_mission_xml.log
16.10.2025 09:28:24 -    [IO/ACXML]
16.10.2025 09:28:24 -       [PATH    ] - C:/Programs/UNICADOworkflow/workingDirectoryRCE/UNICADOworkflow_2025-10-16_09-20-18_13/UNICADO-SMR-01
16.10.2025 09:28:24 -       [FILENAME] - UNICADO-SMR-01.xml
16.10.2025 09:28:24 -    [MODCONFIG]
16.10.2025 09:28:24 -       [PATH    ] - ../workingDirectoryRCE/UNICADOworkflow_2025-10-16_09-20-18_13
16.10.2025 09:28:24 -       [FILENAME] - create_mission_xml_conf.xml
16.10.2025 09:28:24 - Checking directory... [REPORT]
16.10.2025 09:28:24 - Checking directory... [TEX]
16.10.2025 09:28:24 - Checking directory... [HTML]
16.10.2025 09:28:24 - Checking directory... [PLOT]
16.10.2025 09:28:24 - Checking directory... [CSVFILES]
16.10.2025 09:28:24 - Checking directory... [CSVFILESTOOL]
16.10.2025 09:28:24 - Creating directory... [CSVFILESTOOL]
16.10.2025 09:28:24 - Checking directory... [PLOTFILES]
16.10.2025 09:28:24 - Checking directory... [PLOTFILESTOOL]
16.10.2025 09:28:24 - Creating directory... [PLOTFILESTOOL]
16.10.2025 09:28:24 - Checking directory... [LOGFILES]
16.10.2025 09:28:24 - ***************** Gathered input *****************
16.10.2025 09:28:24 - * Mission type:            study_mission
16.10.2025 09:28:24 - * Range                    = 800 NM
16.10.2025 09:28:24 - * Payload                  = 14475 kg
16.10.2025 09:28:24 - * Cruise Mach number       = 0.78
16.10.2025 09:28:24 - * Initial cruise altitude  = 350 FL
16.10.2025 09:28:24 - * Climb speed under FL100  = 128.611 m/s
16.10.2025 09:28:24 - * Climb speed above FL100  = 154.333 m/s
16.10.2025 09:28:24 - * Climb Mach number        = 0.76
16.10.2025 09:28:24 - **************************************************
16.10.2025 09:28:24 - Create study_mission.xml...
16.10.2025 09:28:24 - Finish create_mission_xml
*******************************************************************************
16.10.2025 09:29:02 - Start create_mission_xml
16.10.2025 09:29:02 - [MODULE RUNTIMEINFO] - create_mission_xml
16.10.2025 09:29:02 -    [CONSOLE  ] - [ON]
16.10.2025 09:29:02 -    [LOG      ] - [ON]
16.10.2025 09:29:02 -    [PLOT     ] - [ON]
16.10.2025 09:29:02 -       [COPY  ] - [ON]
16.10.2025 09:29:02 -       [DELETE] - [ON]
16.10.2025 09:29:02 -    [REPORT   ] - [ON]
16.10.2025 09:29:02 -    [TEX      ] - [ON]
16.10.2025 09:29:02 -    [INFOFILES] - [OFF]
16.10.2025 09:29:02 -    [GNUPLOT]
16.10.2025 09:29:02 -       [PATH    ] - C:/Programs/UNICADOworkflow/gnuplot
16.10.2025 09:29:02 -       [FILENAME] - 
16.10.2025 09:29:02 -    [INKSCAPE]
16.10.2025 09:29:02 -       [PATH    ] - C:/Programs/UNICADOworkflow/inkscape
16.10.2025 09:29:02 -       [FILENAME] - 
16.10.2025 09:29:02 -    [LOGFILE]
16.10.2025 09:29:02 -       [PATH    ] - C:/Programs/UNICADOworkflow/workingDirectoryRCE/UNICADOworkflow_2025-10-16_09-20-18_13
16.10.2025 09:29:02 -       [FILENAME] - create_mission_xml.log
16.10.2025 09:29:02 -    [IO/ACXML]
16.10.2025 09:29:02 -       [PATH    ] - C:/Programs/UNICADOworkflow/workingDirectoryRCE/UNICADOworkflow_2025-10-16_09-20-18_13/UNICADO-SMR-01
16.10.2025 09:29:02 -       [FILENAME] - UNICADO-SMR-01.xml
16.10.2025 09:29:02 -    [MODCONFIG]
16.10.2025 09:29:02 -       [PATH    ] - ../workingDirectoryRCE/UNICADOworkflow_2025-10-16_09-20-18_13
16.10.2025 09:29:02 -       [FILENAME] - create_mission_xml_conf.xml
16.10.2025 09:29:02 - Checking directory... [REPORT]
16.10.2025 09:29:02 - Checking directory... [TEX]
16.10.2025 09:29:02 - Checking directory... [HTML]
16.10.2025 09:29:02 - Checking directory... [PLOT]
16.10.2025 09:29:02 - Checking directory... [CSVFILES]
16.10.2025 09:29:02 - Checking directory... [CSVFILESTOOL]
16.10.2025 09:29:02 - Creating directory... [CSVFILESTOOL]
16.10.2025 09:29:02 - Checking directory... [PLOTFILES]
16.10.2025 09:29:02 - Checking directory... [PLOTFILESTOOL]
16.10.2025 09:29:02 - Creating directory... [PLOTFILESTOOL]
16.10.2025 09:29:02 - Checking directory... [LOGFILES]
16.10.2025 09:29:02 - ***************** Gathered input *****************
16.10.2025 09:29:02 - * Mission type:            requirements_mission
16.10.2025 09:29:02 - * Range                    = 2450 NM
16.10.2025 09:29:02 - * Payload                  = 19300 kg
16.10.2025 09:29:02 - * Cruise Mach number       = 0.78
16.10.2025 09:29:02 - * Initial cruise altitude  = 330 FL
16.10.2025 09:29:02 - * Climb speed under FL100  = 128.611 m/s
16.10.2025 09:29:02 - * Climb speed above FL100  = 154.333 m/s
16.10.2025 09:29:02 - * Climb Mach number        = 0.76
16.10.2025 09:29:02 - **************************************************
16.10.2025 09:29:02 - Create requirements_mission.xml...
16.10.2025 09:29:02 - Finish create_mission_xml
