*******************************************************************************
16.10.2025 09:20:19 - Start initial_sizing
16.10.2025 09:20:19 - [MODULE RUNTIMEINFO] - initial_sizing
16.10.2025 09:20:19 -    [CONSOLE  ] - [ON]
16.10.2025 09:20:19 -    [LOG      ] - [ON]
16.10.2025 09:20:19 -    [PLOT     ] - [ON]
16.10.2025 09:20:19 -       [COPY  ] - [ON]
16.10.2025 09:20:19 -       [DELETE] - [ON]
16.10.2025 09:20:19 -    [REPORT   ] - [ON]
16.10.2025 09:20:19 -    [TEX      ] - [ON]
16.10.2025 09:20:19 -    [INFOFILES] - [OFF]
16.10.2025 09:20:19 -    [GNUPLOT]
16.10.2025 09:20:19 -       [PATH    ] - C:/Programs/UNICADOworkflow/gnuplot
16.10.2025 09:20:19 -       [FILENAME] - 
16.10.2025 09:20:19 -    [INKSCAPE]
16.10.2025 09:20:19 -       [PATH    ] - C:/Programs/UNICADOworkflow/inkscape
16.10.2025 09:20:19 -       [FILENAME] - 
16.10.2025 09:20:19 -    [LOGFILE]
16.10.2025 09:20:19 -       [PATH    ] - C:/Programs/UNICADOworkflow/workingDirectoryRCE/UNICADOworkflow_2025-10-16_09-20-18_13
16.10.2025 09:20:19 -       [FILENAME] - initial_sizing.log
16.10.2025 09:20:19 -    [IO/ACXML]
16.10.2025 09:20:19 -       [PATH    ] - C:/Programs/UNICADOworkflow/workingDirectoryRCE/UNICADOworkflow_2025-10-16_09-20-18_13/UNICADO-SMR-01
16.10.2025 09:20:19 -       [FILENAME] - UNICADO-SMR-01.xml
16.10.2025 09:20:19 -    [MODCONFIG]
16.10.2025 09:20:19 -       [PATH    ] - ../workingDirectoryRCE/UNICADOworkflow_2025-10-16_09-20-18_13
16.10.2025 09:20:19 -       [FILENAME] - initial_sizing_conf.xml
16.10.2025 09:20:19 - Checking directory... [REPORT]
16.10.2025 09:20:19 - Creating directory... [REPORT]
16.10.2025 09:20:19 - Checking directory... [TEX]
16.10.2025 09:20:19 - Creating directory... [TEX]
16.10.2025 09:20:19 - Checking directory... [HTML]
16.10.2025 09:20:19 - Creating directory... [HTML]
16.10.2025 09:20:19 - Checking directory... [PLOT]
16.10.2025 09:20:19 - Creating directory... [PLOT]
16.10.2025 09:20:19 - Checking directory... [CSVFILES]
16.10.2025 09:20:19 - Creating directory... [CSVFILES]
16.10.2025 09:20:19 - Checking directory... [CSVFILESTOOL]
16.10.2025 09:20:19 - Creating directory... [CSVFILESTOOL]
16.10.2025 09:20:19 - Checking directory... [PLOTFILES]
16.10.2025 09:20:19 - Creating directory... [PLOTFILES]
16.10.2025 09:20:19 - Checking directory... [PLOTFILESTOOL]
16.10.2025 09:20:19 - Creating directory... [PLOTFILESTOOL]
16.10.2025 09:20:19 - Checking directory... [LOGFILES]
16.10.2025 09:20:19 - Creating directory... [LOGFILES]
16.10.2025 09:20:19 - Run initial sizing analytical strategy
16.10.2025 09:20:19 - Run - SizingMode
16.10.2025 09:20:19 - Start calculation ...
16.10.2025 09:20:19 - Calculating payload ...
16.10.2025 09:20:19 - Calculating fuel fraction ...
16.10.2025 09:20:19 - Calculating takeoff and empty mass ...
16.10.2025 09:20:19 - Finding the design point...
16.10.2025 09:20:19 - ... calculation finished!
16.10.2025 09:20:20 - Plots generated!
16.10.2025 09:20:20 - CSS code written to style.css successfully.
16.10.2025 09:20:20 - Finish initial_sizing
