*******************************************************************************
16.10.2025 09:29:23 - Start performance_assessment
16.10.2025 09:29:23 - WARNING: Node to read not existing ... /module_configuration_file/program_settings/performance_checks/flight_envelope_performance/overwrite_initial_values
16.10.2025 09:29:23 - Read aerodynamic data from file: C:/Programs/UNICADOworkflow/workingDirectoryRCE/UNICADOworkflow_2025-10-16_09-20-18_13/UNICADO-SMR-01/aero_data/SMR-01_design_trimmed_polar.xml
16.10.2025 09:29:23 - Reading the Mission: C:/Programs/UNICADOworkflow/workingDirectoryRCE/UNICADOworkflow_2025-10-16_09-20-18_13/UNICADO-SMR-01/mission_data/design_mission.xml
16.10.2025 09:29:23 - ... Mission successfully read!
16.10.2025 09:29:23 - WARNING: Node to read not existing ... energy_capacity_required_for_mission
16.10.2025 09:29:23 - WARNING: Node to read not existing ... energy_capacity_required_for_mission
16.10.2025 09:29:23 - WARNING: Node to read not existing ... energy_capacity_required_for_mission
16.10.2025 09:29:23 - WARNING: Node to read not existing ... energy_capacity_required_for_mission
16.10.2025 09:29:23 - WARNING: Node to read not existing ... energy_capacity_required_for_mission
16.10.2025 09:29:23 - WARNING: Node to read not existing ... /aircraft_exchange_file/assessment/performance/speed/dive_mach_number
16.10.2025 09:29:23 - WARNING: Node to read not existing ... /aircraft_exchange_file/assessment/performance/speed/dive_velocity
16.10.2025 09:29:23 - WARNING: Node to read not existing ... /aircraft_exchange_file/assessment/performance/range/range_max_payload_at_maximum_takeoff_mass
16.10.2025 09:29:23 - WARNING: Node to read not existing ... /aircraft_exchange_file/assessment/performance/range/range_max_fuel_at_maximum_takeoff_mass
16.10.2025 09:29:23 - WARNING: Node to read not existing ... /aircraft_exchange_file/assessment/performance/range/payload_maximum_fuel_at_maximum_takeoff_mass
16.10.2025 09:29:23 - WARNING: Node to read not existing ... /aircraft_exchange_file/assessment/performance/range/range_maximum_fuel_empty
16.10.2025 09:29:23 - [MODULE RUNTIMEINFO] - performance_assessment
16.10.2025 09:29:23 -    [CONSOLE  ] - [ON]
16.10.2025 09:29:23 -    [LOG      ] - [ON]
16.10.2025 09:29:23 -    [PLOT     ] - [ON]
16.10.2025 09:29:23 -       [COPY  ] - [ON]
16.10.2025 09:29:23 -       [DELETE] - [ON]
16.10.2025 09:29:23 -    [REPORT   ] - [ON]
16.10.2025 09:29:23 -    [TEX      ] - [ON]
16.10.2025 09:29:23 -    [INFOFILES] - [OFF]
16.10.2025 09:29:23 -    [GNUPLOT]
16.10.2025 09:29:23 -       [PATH    ] - C:/Programs/UNICADOworkflow/gnuplot
16.10.2025 09:29:23 -       [FILENAME] - 
16.10.2025 09:29:23 -    [INKSCAPE]
16.10.2025 09:29:23 -       [PATH    ] - C:/Programs/UNICADOworkflow/inkscape
16.10.2025 09:29:23 -       [FILENAME] - 
16.10.2025 09:29:23 -    [LOGFILE]
16.10.2025 09:29:23 -       [PATH    ] - C:/Programs/UNICADOworkflow/workingDirectoryRCE/UNICADOworkflow_2025-10-16_09-20-18_13
16.10.2025 09:29:23 -       [FILENAME] - performance_assessment.log
16.10.2025 09:29:23 -    [IO/ACXML]
16.10.2025 09:29:23 -       [PATH    ] - C:/Programs/UNICADOworkflow/workingDirectoryRCE/UNICADOworkflow_2025-10-16_09-20-18_13/UNICADO-SMR-01
16.10.2025 09:29:23 -       [FILENAME] - UNICADO-SMR-01.xml
16.10.2025 09:29:23 -    [MODCONFIG]
16.10.2025 09:29:23 -       [PATH    ] - ../workingDirectoryRCE/UNICADOworkflow_2025-10-16_09-20-18_13
16.10.2025 09:29:23 -       [FILENAME] - performance_assessment_conf.xml
16.10.2025 09:29:23 - Checking directory... [REPORT]
16.10.2025 09:29:23 - Checking directory... [TEX]
16.10.2025 09:29:23 - Checking directory... [HTML]
16.10.2025 09:29:23 - Checking directory... [PLOT]
16.10.2025 09:29:23 - Checking directory... [CSVFILES]
16.10.2025 09:29:23 - Checking directory... [CSVFILESTOOL]
16.10.2025 09:29:23 - Creating directory... [CSVFILESTOOL]
16.10.2025 09:29:23 - Checking directory... [PLOTFILES]
16.10.2025 09:29:23 - Checking directory... [PLOTFILESTOOL]
16.10.2025 09:29:23 - Creating directory... [PLOTFILESTOOL]
16.10.2025 09:29:23 - Checking directory... [LOGFILES]
16.10.2025 09:29:23 - WARNING: Node to read not existing ... /module_configuration_file/program_settings/fuel_planning/fidelity_level
16.10.2025 09:29:23 - WARNING: Node to read not existing ... /module_configuration_file/program_settings/mission/fidelity_level
16.10.2025 09:29:23 - WARNING: Node to read not existing ... /module_configuration_file/program_settings/performance_checks/engine_performance/fidelity_level
16.10.2025 09:29:23 - WARNING: Node to read not existing ... /module_configuration_file/program_settings/performance_checks/flight_envelope_performance/fidelity_level
16.10.2025 09:29:23 - WARNING: Node to read not existing ... /module_configuration_file/program_settings/performance_checks/vn_diagram/fidelity_level
16.10.2025 09:29:23 - WARNING: Node to read not existing ... /module_configuration_file/program_settings/performance_checks/sar_performance/fidelity_level
16.10.2025 09:29:23 -       ... Payload Range
16.10.2025 09:29:23 - calibrateFactor Breguet: 0.964772
16.10.2025 09:29:23 -   -> Ceiling Performance
16.10.2025 09:29:23 - WARNING: Ceiling_performance evaluation reached max altitude (13950 m) evaluable by the engine deck.
16.10.2025 09:29:23 - WARNING: Ceiling height results might be questionable for the considered A/C mass = 46406.1 kg.
16.10.2025 09:29:23 - WARNING: Ceiling_performance evaluation reached max altitude (13950 m) evaluable by the engine deck.
16.10.2025 09:29:23 - WARNING: Ceiling height results might be questionable for the considered A/C mass = 46406.1 kg.
16.10.2025 09:29:23 - WARNING: Ceiling_performance evaluation reached max altitude (13950 m) evaluable by the engine deck.
16.10.2025 09:29:23 - WARNING: Ceiling height results might be questionable for the considered A/C mass = 43039.3 kg.
16.10.2025 09:29:23 - WARNING: Ceiling_performance evaluation reached max altitude (13950 m) evaluable by the engine deck.
16.10.2025 09:29:23 - WARNING: Ceiling height results might be questionable for the considered A/C mass = 43039.3 kg.
16.10.2025 09:29:23 - ERROR: Performance too low, Max. Operating Altitude cannot be achieved!
16.10.2025 09:29:23 - ERROR: Max. Operating Altitude: 12192 m
16.10.2025 09:29:23 - ERROR: Service Ceiling at MTOM: 11150 m
16.10.2025 09:29:23 -   -> Flight Envelopes
16.10.2025 09:29:23 -   -> Takeoff Performance
16.10.2025 09:29:23 -       ... Calculation of TOFL_AEO
16.10.2025 09:29:23 -   -> Landing Performance
16.10.2025 09:29:23 - The required approach speed cannot be maintained.!
16.10.2025 09:29:23 - Req.  V_approach: 67.65 m/s
16.10.2025 09:29:23 - Calc. V_approach: 68.1071 m/s
16.10.2025 09:29:23 -   -> Generating output
16.10.2025 09:29:25 - CSS code written to style.css successfully.
16.10.2025 09:29:25 - Finish performance_assessment
