2025-10-16 09:20:23,815 - PRINT - Tank design started...
2025-10-16 09:20:23,984 - PRINT - Valid tank configuration found in acXML: wing_all_tanks
2025-10-16 09:20:23,986 - PRINT - Initial sizing loop! Energy demand is estimated (3.35 liters per PAX per 100 km).
2025-10-16 09:20:23,986 - PRINT - Wing tank design started...
2025-10-16 09:20:23,986 - PRINT - Vent tank (located near each wing tip) calculated.
2025-10-16 09:20:23,986 - PRINT - Inner left wing tank (tank_0) calculated. Volume (energy) available: 2,278.52 L (77,090.29 MJ)
2025-10-16 09:20:23,986 - PRINT - Outer left wing tank (tank_1) calculated. Volume (energy) available: 2,844.44 L (96,237.38 MJ)
2025-10-16 09:20:23,986 - PRINT - Inner right wing tank (tank_2) calculated. Volume (energy) available: 2,278.52 L (77,090.29 MJ)
2025-10-16 09:20:23,986 - PRINT - Outer right wing tank (tank_3) calculated. Volume (energy) available: 2,844.44 L (96,237.38 MJ)
2025-10-16 09:20:23,986 - PRINT - Wing center tank (tank_4) calculated. Volume (energy) available: 5,092.71 L (172,304.20 MJ)
2025-10-16 09:20:23,986 - PRINT - Wing tanks successfully calculated.
2025-10-16 09:20:23,986 - PRINT - Debug: The "calculate_tanks" function was successfully executed.
2025-10-16 09:20:23,986 - PRINT - Tank design completed.
2025-10-16 09:20:24,032 - WARNING - Warning: "plot_output" switch in module configuration file set to "False". No plots generated.
2025-10-16 09:20:24,032 - WARNING - Warning: "html_output" switch in module configuration file set to "False". No HTML report generated.
2025-10-16 09:20:24,033 - PRINT - XML report was generated, but no method-specific data was written.
2025-10-16 09:20:24,034 - WARNING - Warning: "tex_output" switch in module configuration file set to "False". No TeX report file generated.
2025-10-16 09:20:24,034 - PRINT - Tank design finished.
2025-10-16 09:20:44,941 - PRINT - Tank design started...
2025-10-16 09:20:45,118 - PRINT - Valid tank configuration found in acXML: wing_all_tanks
2025-10-16 09:20:45,120 - PRINT - Wing tank design started...
2025-10-16 09:20:45,120 - PRINT - Vent tank (located near each wing tip) calculated.
2025-10-16 09:20:45,120 - PRINT - Inner left wing tank (tank_0) calculated. Volume (energy) available: 3,338.76 L (112,961.80 MJ)
2025-10-16 09:20:45,120 - PRINT - Outer left wing tank (tank_1) calculated. Volume (energy) available: 3,749.53 L (126,859.81 MJ)
2025-10-16 09:20:45,120 - PRINT - Inner right wing tank (tank_2) calculated. Volume (energy) available: 3,338.76 L (112,961.80 MJ)
2025-10-16 09:20:45,120 - PRINT - Outer right wing tank (tank_3) calculated. Volume (energy) available: 3,749.53 L (126,859.81 MJ)
2025-10-16 09:20:45,120 - PRINT - Wing center tank (tank_4) calculated. Volume (energy) available: 6,377.32 L (215,766.91 MJ)
2025-10-16 09:20:45,121 - PRINT - Wing tanks successfully calculated.
2025-10-16 09:20:45,121 - PRINT - Debug: The "calculate_tanks" function was successfully executed.
2025-10-16 09:20:45,121 - PRINT - Tank design completed.
2025-10-16 09:20:45,470 - WARNING - Warning: "plot_output" switch in module configuration file set to "False". No plots generated.
2025-10-16 09:20:45,470 - WARNING - Warning: "html_output" switch in module configuration file set to "False". No HTML report generated.
2025-10-16 09:20:45,472 - PRINT - XML report was generated, but no method-specific data was written.
2025-10-16 09:20:45,472 - WARNING - Warning: "tex_output" switch in module configuration file set to "False". No TeX report file generated.
2025-10-16 09:20:45,472 - PRINT - Tank design finished.
2025-10-16 09:21:23,616 - PRINT - Tank design started...
2025-10-16 09:21:23,791 - PRINT - Valid tank configuration found in acXML: wing_all_tanks
2025-10-16 09:21:23,792 - PRINT - Wing tank design started...
2025-10-16 09:21:23,793 - PRINT - Vent tank (located near each wing tip) calculated.
2025-10-16 09:21:23,793 - PRINT - Inner left wing tank (tank_0) calculated. Volume (energy) available: 3,811.31 L (128,949.97 MJ)
2025-10-16 09:21:23,793 - PRINT - Outer left wing tank (tank_1) calculated. Volume (energy) available: 4,128.73 L (139,689.53 MJ)
2025-10-16 09:21:23,793 - PRINT - Inner right wing tank (tank_2) calculated. Volume (energy) available: 3,811.31 L (128,949.97 MJ)
2025-10-16 09:21:23,793 - PRINT - Outer right wing tank (tank_3) calculated. Volume (energy) available: 4,128.73 L (139,689.53 MJ)
2025-10-16 09:21:23,793 - PRINT - Wing center tank (tank_4) calculated. Volume (energy) available: 6,893.47 L (233,230.15 MJ)
2025-10-16 09:21:23,793 - PRINT - Wing tanks successfully calculated.
2025-10-16 09:21:23,793 - PRINT - Debug: The "calculate_tanks" function was successfully executed.
2025-10-16 09:21:23,793 - PRINT - Tank design completed.
2025-10-16 09:21:24,266 - WARNING - Warning: "plot_output" switch in module configuration file set to "False". No plots generated.
2025-10-16 09:21:24,266 - WARNING - Warning: "html_output" switch in module configuration file set to "False". No HTML report generated.
2025-10-16 09:21:24,267 - PRINT - XML report was generated, but no method-specific data was written.
2025-10-16 09:21:24,267 - WARNING - Warning: "tex_output" switch in module configuration file set to "False". No TeX report file generated.
2025-10-16 09:21:24,267 - PRINT - Tank design finished.
2025-10-16 09:21:55,712 - PRINT - Tank design started...
2025-10-16 09:21:55,878 - PRINT - Valid tank configuration found in acXML: wing_all_tanks
2025-10-16 09:21:55,880 - PRINT - Wing tank design started...
2025-10-16 09:21:55,880 - PRINT - Vent tank (located near each wing tip) calculated.
2025-10-16 09:21:55,880 - PRINT - Inner left wing tank (tank_0) calculated. Volume (energy) available: 4,023.40 L (136,125.77 MJ)
2025-10-16 09:21:55,880 - PRINT - Outer left wing tank (tank_1) calculated. Volume (energy) available: 4,300.71 L (145,508.23 MJ)
2025-10-16 09:21:55,880 - PRINT - Inner right wing tank (tank_2) calculated. Volume (energy) available: 4,023.40 L (136,125.77 MJ)
2025-10-16 09:21:55,880 - PRINT - Outer right wing tank (tank_3) calculated. Volume (energy) available: 4,300.71 L (145,508.23 MJ)
2025-10-16 09:21:55,880 - PRINT - Wing center tank (tank_4) calculated. Volume (energy) available: 7,122.38 L (240,974.93 MJ)
2025-10-16 09:21:55,881 - PRINT - Wing tanks successfully calculated.
2025-10-16 09:21:55,881 - PRINT - Debug: The "calculate_tanks" function was successfully executed.
2025-10-16 09:21:55,881 - PRINT - Tank design completed.
2025-10-16 09:21:56,357 - WARNING - Warning: "plot_output" switch in module configuration file set to "False". No plots generated.
2025-10-16 09:21:56,357 - WARNING - Warning: "html_output" switch in module configuration file set to "False". No HTML report generated.
2025-10-16 09:21:56,359 - PRINT - XML report was generated, but no method-specific data was written.
2025-10-16 09:21:56,359 - WARNING - Warning: "tex_output" switch in module configuration file set to "False". No TeX report file generated.
2025-10-16 09:21:56,359 - PRINT - Tank design finished.
2025-10-16 09:22:37,126 - PRINT - Tank design started...
2025-10-16 09:22:37,445 - PRINT - Valid tank configuration found in acXML: wing_all_tanks
2025-10-16 09:22:37,448 - PRINT - Wing tank design started...
2025-10-16 09:22:37,449 - PRINT - Vent tank (located near each wing tip) calculated.
2025-10-16 09:22:37,449 - PRINT - Inner left wing tank (tank_0) calculated. Volume (energy) available: 4,117.28 L (139,301.84 MJ)
2025-10-16 09:22:37,449 - PRINT - Outer left wing tank (tank_1) calculated. Volume (energy) available: 4,375.62 L (148,042.41 MJ)
2025-10-16 09:22:37,449 - PRINT - Inner right wing tank (tank_2) calculated. Volume (energy) available: 4,117.28 L (139,301.84 MJ)
2025-10-16 09:22:37,449 - PRINT - Outer right wing tank (tank_3) calculated. Volume (energy) available: 4,375.62 L (148,042.41 MJ)
2025-10-16 09:22:37,449 - PRINT - Wing center tank (tank_4) calculated. Volume (energy) available: 7,222.87 L (244,375.09 MJ)
2025-10-16 09:22:37,450 - PRINT - Wing tanks successfully calculated.
2025-10-16 09:22:37,450 - PRINT - Debug: The "calculate_tanks" function was successfully executed.
2025-10-16 09:22:37,450 - PRINT - Tank design completed.
2025-10-16 09:22:38,515 - WARNING - Warning: "plot_output" switch in module configuration file set to "False". No plots generated.
2025-10-16 09:22:38,515 - WARNING - Warning: "html_output" switch in module configuration file set to "False". No HTML report generated.
2025-10-16 09:22:38,517 - PRINT - XML report was generated, but no method-specific data was written.
2025-10-16 09:22:38,517 - WARNING - Warning: "tex_output" switch in module configuration file set to "False". No TeX report file generated.
2025-10-16 09:22:38,517 - PRINT - Tank design finished.
2025-10-16 09:23:47,511 - PRINT - Tank design started...
2025-10-16 09:23:47,843 - PRINT - Valid tank configuration found in acXML: wing_all_tanks
2025-10-16 09:23:47,846 - PRINT - Wing tank design started...
2025-10-16 09:23:47,847 - PRINT - Vent tank (located near each wing tip) calculated.
2025-10-16 09:23:47,847 - PRINT - Inner left wing tank (tank_0) calculated. Volume (energy) available: 4,154.41 L (140,558.15 MJ)
2025-10-16 09:23:47,848 - PRINT - Outer left wing tank (tank_1) calculated. Volume (energy) available: 4,412.45 L (149,288.65 MJ)
2025-10-16 09:23:47,848 - PRINT - Inner right wing tank (tank_2) calculated. Volume (energy) available: 4,154.41 L (140,558.15 MJ)
2025-10-16 09:23:47,848 - PRINT - Outer right wing tank (tank_3) calculated. Volume (energy) available: 4,412.45 L (149,288.65 MJ)
2025-10-16 09:23:47,848 - PRINT - Wing center tank (tank_4) calculated. Volume (energy) available: 7,266.85 L (245,862.93 MJ)
2025-10-16 09:23:47,848 - PRINT - Wing tanks successfully calculated.
2025-10-16 09:23:47,848 - PRINT - Debug: The "calculate_tanks" function was successfully executed.
2025-10-16 09:23:47,848 - PRINT - Tank design completed.
2025-10-16 09:23:48,776 - WARNING - Warning: "plot_output" switch in module configuration file set to "False". No plots generated.
2025-10-16 09:23:48,776 - WARNING - Warning: "html_output" switch in module configuration file set to "False". No HTML report generated.
2025-10-16 09:23:48,781 - PRINT - XML report was generated, but no method-specific data was written.
2025-10-16 09:23:48,781 - WARNING - Warning: "tex_output" switch in module configuration file set to "False". No TeX report file generated.
2025-10-16 09:23:48,781 - PRINT - Tank design finished.
2025-10-16 09:24:58,847 - PRINT - Tank design started...
2025-10-16 09:24:59,199 - PRINT - Valid tank configuration found in acXML: wing_all_tanks
2025-10-16 09:24:59,202 - PRINT - Wing tank design started...
2025-10-16 09:24:59,203 - PRINT - Vent tank (located near each wing tip) calculated.
2025-10-16 09:24:59,203 - PRINT - Inner left wing tank (tank_0) calculated. Volume (energy) available: 4,178.37 L (141,369.00 MJ)
2025-10-16 09:24:59,203 - PRINT - Outer left wing tank (tank_1) calculated. Volume (energy) available: 4,426.47 L (149,762.85 MJ)
2025-10-16 09:24:59,203 - PRINT - Inner right wing tank (tank_2) calculated. Volume (energy) available: 4,178.37 L (141,369.00 MJ)
2025-10-16 09:24:59,203 - PRINT - Outer right wing tank (tank_3) calculated. Volume (energy) available: 4,426.47 L (149,762.85 MJ)
2025-10-16 09:24:59,203 - PRINT - Wing center tank (tank_4) calculated. Volume (energy) available: 7,286.03 L (246,511.79 MJ)
2025-10-16 09:24:59,203 - PRINT - Wing tanks successfully calculated.
2025-10-16 09:24:59,204 - PRINT - Debug: The "calculate_tanks" function was successfully executed.
2025-10-16 09:24:59,204 - PRINT - Tank design completed.
2025-10-16 09:25:00,168 - WARNING - Warning: "plot_output" switch in module configuration file set to "False". No plots generated.
2025-10-16 09:25:00,168 - WARNING - Warning: "html_output" switch in module configuration file set to "False". No HTML report generated.
2025-10-16 09:25:00,172 - PRINT - XML report was generated, but no method-specific data was written.
2025-10-16 09:25:00,173 - WARNING - Warning: "tex_output" switch in module configuration file set to "False". No TeX report file generated.
2025-10-16 09:25:00,173 - PRINT - Tank design finished.
2025-10-16 09:26:15,272 - PRINT - Tank design started...
2025-10-16 09:26:15,589 - PRINT - Valid tank configuration found in acXML: wing_all_tanks
2025-10-16 09:26:15,593 - PRINT - Wing tank design started...
2025-10-16 09:26:15,593 - PRINT - Vent tank (located near each wing tip) calculated.
2025-10-16 09:26:15,593 - PRINT - Inner left wing tank (tank_0) calculated. Volume (energy) available: 4,178.37 L (141,369.00 MJ)
2025-10-16 09:26:15,593 - PRINT - Outer left wing tank (tank_1) calculated. Volume (energy) available: 4,426.47 L (149,762.85 MJ)
2025-10-16 09:26:15,594 - PRINT - Inner right wing tank (tank_2) calculated. Volume (energy) available: 4,178.37 L (141,369.00 MJ)
2025-10-16 09:26:15,594 - PRINT - Outer right wing tank (tank_3) calculated. Volume (energy) available: 4,426.47 L (149,762.85 MJ)
2025-10-16 09:26:15,594 - PRINT - Wing center tank (tank_4) calculated. Volume (energy) available: 7,286.03 L (246,511.79 MJ)
2025-10-16 09:26:15,594 - PRINT - Wing tanks successfully calculated.
2025-10-16 09:26:15,594 - PRINT - Debug: The "calculate_tanks" function was successfully executed.
2025-10-16 09:26:15,594 - PRINT - Tank design completed.
2025-10-16 09:26:16,611 - WARNING - Warning: No "method_plot" function in "methodplot.py" file implemented yet.
2025-10-16 09:26:16,611 - PRINT - HTML report is generated and saved...
2025-10-16 09:26:16,617 - PRINT - XML report was generated, but no method-specific data was written.
2025-10-16 09:26:16,617 - WARNING - Warning: No "method_tex_output" function in "methodtexoutput.py" file implemented yet.
2025-10-16 09:26:16,618 - PRINT - Tank design finished.
