********************************************* START OF UNICADO WORKFLOW ********************************************

************************************************** generate paths **************************************************
2025-10-16 09:20:18: Python scripts: C:/Programs/UNICADOworkflow/workingDirectoryRCE/UNICADOworkflow/src
2025-10-16 09:20:18: Aircraft Design Repository: C:/Users/schueltke/.rce/default/integration/tools/common/
2025-10-16 09:20:18: Install / Working Directory: C:/Programs/UNICADOworkflow/
2025-10-16 09:20:18: RCE Working Directory: C:/Programs/UNICADOworkflow/workingDirectoryRCE/
2025-10-16 09:20:18: Temporary workflow working directory: C:/Programs/UNICADOworkflow/workingDirectoryRCE/UNICADOworkflow_2025-10-16_09-20-18_13
************************************************ end generate paths ************************************************

******************************************** set configuration parameter ********************************************
2025-10-16 09:20:18: Current aircraft design project is UNICADO-SMR-01!
2025-10-16 09:20:18: Warning: The existing_component_geometries directory could not be found inside of the geometry_data folder of current project! 
                     The use_exisiting_geometry mode of the component sizing tools cannot be executed. Affected modules will raise an error.
2025-10-16 09:20:18: Copy project file to temporary working directory successfully done!
2025-10-16 09:20:18: Replacement of performance_assessment configuration file from clean_sheet_design folder successfully done!
2025-10-16 09:20:18: Replacement of report_generator configuration file from clean_sheet_design folder successfully done!
2025-10-16 09:20:18: Replacement of initial_sizing configuration file from clean_sheet_design folder successfully done!
2025-10-16 09:20:18: Replacement of liftingLine configuration file from clean_sheet_design folder successfully done!
2025-10-16 09:20:18: Replacement of aerodynamic_analysis configuration file from clean_sheet_design folder successfully done!
2025-10-16 09:20:18: Replacement of constraint_analysis configuration file from clean_sheet_design folder successfully done!
2025-10-16 09:20:18: Replacement of cpacs_interface configuration file from clean_sheet_design folder successfully done!
2025-10-16 09:20:18: Replacement of cpacs_interface configuration file from clean_sheet_design folder successfully done!
2025-10-16 09:20:18: Replacement of create_mission_xml configuration file from clean_sheet_design folder successfully done!
2025-10-16 09:20:18: Replacement of empennage_design configuration file from clean_sheet_design folder successfully done!
2025-10-16 09:20:18: Replacement of fuselage_design configuration file from clean_sheet_design folder successfully done!
2025-10-16 09:20:18: Replacement of landing_gear_design configuration file from clean_sheet_design folder successfully done!
2025-10-16 09:20:18: Replacement of mission_analysis configuration file from clean_sheet_design folder successfully done!
2025-10-16 09:20:18: Replacement of propulsion_design configuration file from clean_sheet_design folder successfully done!
2025-10-16 09:20:18: Replacement of systems_design configuration file from clean_sheet_design folder successfully done!
2025-10-16 09:20:18: Replacement of tank_design configuration file from clean_sheet_design folder successfully done!
2025-10-16 09:20:18: Replacement of weight_and_balance_analysis configuration file from clean_sheet_design folder successfully done!
2025-10-16 09:20:18: Replacement of wing_design configuration file from clean_sheet_design folder successfully done!
2025-10-16 09:20:18: Replacement of assessment_manager configuration file from clean_sheet_design folder successfully done!
2025-10-16 09:20:19: All configuration parameters for the aircraft design process successfully set!
****************************************** end set configuration parameter ******************************************

************************************************ check design logic ************************************************
2025-10-16 09:20:19: Clean sheet design will be performed!
2025-10-16 09:20:19: Sizing mode switch './program_settings/modes/design_mode/value' in the wing_design_conf.xml file is set to mode_0!
2025-10-16 09:20:19: Sizing mode switch './program_settings/modes/design_mode/value' in the empennage_design_conf.xml file is set to mode_0!
2025-10-16 09:20:19: Set mode switch in the create_mission_conf.xml to create design_mission!
2025-10-16 09:20:19: Set mode switch in the systems_design_conf.xml to design systems accordingly!
2025-10-16 09:20:19: Set mode switch in the weight_and_balance_analysis_conf.xml to design
2025-10-16 09:20:19: Set mode switch in the mission_analysis_conf.xml to fly the design_mission!
********************************************** end check design logic **********************************************

******************************************** reset Of important values ********************************************
****************************************** end reset Of important values ******************************************

****************************************** initialize design sizing loop ******************************************
2025-10-16 09:20:21: Auto-Trim is disabled!
**************************************** end initialize design sizing loop ****************************************

************************** Start Iteration: Maximum steps of iteration to perform = 30! ***************************


------------------------------ Current loop of iteration: 1 ---------
2025-10-16 09:20:42: * results:
2025-10-16 09:20:42:   Current m_take_off_max: 68179.2447; Res. m_take_off_max: 0.177622; Convergence: False
2025-10-16 09:20:42:   Current m_operating_empty: 36763.5292; Res. m_operating_empty: 0.330462; Convergence: False
2025-10-16 09:20:42:   Current x_center_of_gravity: 16.4997; Res. x_center_of_gravity: 1.0; Convergence: False
2025-10-16 09:20:42:   Current mission_energy: 528733290800.0; Res. mission_energy: 1.0; Convergence: False
2025-10-16 09:20:42: * Trim successful (current CM =0.0)!

------------------------------ Current loop of iteration: 2 ---------
2025-10-16 09:21:20: * results:
2025-10-16 09:21:20:   Current m_take_off_max: 72989.6109; Res. m_take_off_max: 0.065905; Convergence: False
2025-10-16 09:21:20:   Current m_operating_empty: 40467.9495; Res. m_operating_empty: 0.09154; Convergence: False
2025-10-16 09:21:20:   Current x_center_of_gravity: 16.327; Res. x_center_of_gravity: 0.010578; Convergence: False
2025-10-16 09:21:20:   Current mission_energy: 577810128000.0; Res. mission_energy: 0.084936; Convergence: False
2025-10-16 09:21:20: * Trim successful (current CM =0.0)!

------------------------------ Current loop of iteration: 3 ---------
2025-10-16 09:21:53: * results:
2025-10-16 09:21:53:   Current m_take_off_max: 75114.3246; Res. m_take_off_max: 0.028286; Convergence: False
2025-10-16 09:21:53:   Current m_operating_empty: 41937.337; Res. m_operating_empty: 0.035038; Convergence: False
2025-10-16 09:21:53:   Current x_center_of_gravity: 16.2123; Res. x_center_of_gravity: 0.007075; Convergence: False
2025-10-16 09:21:53:   Current mission_energy: 606614993900.0; Res. mission_energy: 0.047485; Convergence: False
2025-10-16 09:21:53: * Trim successful (current CM =0.0)!

------------------------------ Current loop of iteration: 4 ---------
2025-10-16 09:22:32: * results:
2025-10-16 09:22:32:   Current m_take_off_max: 76045.5555; Res. m_take_off_max: 0.012246; Convergence: False
2025-10-16 09:22:32:   Current m_operating_empty: 42580.5833; Res. m_operating_empty: 0.015107; Convergence: False
2025-10-16 09:22:32:   Current x_center_of_gravity: 16.1429; Res. x_center_of_gravity: 0.004299; Convergence: False
2025-10-16 09:22:32:   Current mission_energy: 619274608200.0; Res. mission_energy: 0.020443; Convergence: False
2025-10-16 09:22:32: * Trim successful (current CM =0.0)!

------------------------------ Current loop of iteration: 5 ---------
2025-10-16 09:23:42: * results:
2025-10-16 09:23:42:   Current m_take_off_max: 76452.7498; Res. m_take_off_max: 0.005326; Convergence: False
2025-10-16 09:23:42:   Current m_operating_empty: 42862.6729; Res. m_operating_empty: 0.006581; Convergence: False
2025-10-16 09:23:42:   Current x_center_of_gravity: 16.1032; Res. x_center_of_gravity: 0.002465; Convergence: True
2025-10-16 09:23:42:   Current mission_energy: 624775084300.0; Res. mission_energy: 0.008804; Convergence: False
2025-10-16 09:23:42: * Trim successful (current CM =0.0)!

------------------------------ Current loop of iteration: 6 ---------
2025-10-16 09:24:53: * results:
2025-10-16 09:24:53:   Current m_take_off_max: 76630.2732; Res. m_take_off_max: 0.002317; Convergence: True
2025-10-16 09:24:53:   Current m_operating_empty: 42985.7876; Res. m_operating_empty: 0.002864; Convergence: False
2025-10-16 09:24:53:   Current x_center_of_gravity: 16.0815; Res. x_center_of_gravity: 0.001349; Convergence: True
2025-10-16 09:24:53:   Current mission_energy: 627167524500.0; Res. mission_energy: 0.003815; Convergence: False
2025-10-16 09:24:53: * Trim successful (current CM =0.0)!

------------------------------ Current loop of iteration: 7 ---------
2025-10-16 09:25:59: * results:
2025-10-16 09:25:59:   Current m_take_off_max: 76707.4396; Res. m_take_off_max: 0.001006; Convergence: True
2025-10-16 09:25:59:   Current m_operating_empty: 43039.3224; Res. m_operating_empty: 0.001244; Convergence: True
2025-10-16 09:25:59:   Current x_center_of_gravity: 16.07; Res. x_center_of_gravity: 0.000716; Convergence: True
2025-10-16 09:25:59:   Current mission_energy: 628206727100.0; Res. mission_energy: 0.001654; Convergence: True
2025-10-16 09:25:59: * Trim successful (current CM =0.0)!
**************************** End of Iteration: Convergence reached after 7 iterations! *****************************

******************************************** activate plots and reports ********************************************
2025-10-16 09:26:00: Aircraft exchange file for output generation restored!
2025-10-16 09:26:00: All switches set to generate plots and reports!

2025-10-16 09:26:00: ---
2025-10-16 09:26:00:  Result of the trim:
2025-10-16 09:26:00:  Angle of incidence Tailplane: 0.0 deg
2025-10-16 09:26:00:  CM at optimal Cruise-CL: 0.0
2025-10-16 09:26:00: ---

2025-10-16 09:27:35: Generation of plots and reports of design sizing loop finished!
****************************************** end activate plots and reports ******************************************

**************************************** initialize mission study analysis ****************************************
2025-10-16 09:27:35: Aircraft exchange file for mission study loop restored!
2025-10-16 09:27:35: All switches set to perform mission study sizing loop!
*************************************** end initialize mission study analysis ***************************************

****************************************** Start Mission Study Iteration! ******************************************


------------------------------ Current loop of mission study: 1 ---------
* results:
2025-10-16 09:28:01:   Current mTOM_study: 63678.1389; Res. mTOM_study: 1.0; Convergence: False
2025-10-16 09:28:01:   Current missionRange_study: 1482600.989; Res. missionRange_study: 1.0; Convergence: False
2025-10-16 09:28:01:   Current initialCruiseFlightLevel_study: 10668.00002; Res. initialCruiseFlightLevel_study: 1.0; Convergence: False
2025-10-16 09:28:01:   Current mission_energy_study: 274601369300.0; Res. mission_energy_study: 1.0; Convergence: False


------------------------------ Current loop of mission study: 2 ---------
* results:
2025-10-16 09:28:24:   Current mTOM_study: 63678.77244; Res. mTOM_study: 1e-05; Convergence: True
2025-10-16 09:28:24:   Current missionRange_study: 1482600.975; Res. missionRange_study: 0.0; Convergence: True
2025-10-16 09:28:24:   Current initialCruiseFlightLevel_study: 10668.00002; Res. initialCruiseFlightLevel_study: 0.0; Convergence: True
2025-10-16 09:28:24:   Current mission_energy_study: 274628675000.0; Res. mission_energy_study: 9.9e-05; Convergence: True

********************* End of mission study iteration: Convergence reached after 1 iterations! **********************

*********************************** activate plots and reports for mission study ***********************************
2025-10-16 09:28:24: Aircraft exchange file for output generation restored!
2025-10-16 09:28:24: All switches set to generate plots and reports!
2025-10-16 09:29:02: Creation of plots and reports for study mission completed!
********************************* end activate plots and reports for study mission *********************************

**************************************** final operations of mission study ****************************************
2025-10-16 09:29:02: Important switches of the mission study reset to initial values!
************************************** end final operations of mission study **************************************

***************************************** check tlars and climb gradients *****************************************
2025-10-16 09:30:14: Requirement check successful for: TOFL_Design
2025-10-16 09:30:14: Requirement check successful for: TTC_Design
2025-10-16 09:30:14: Requirement check successful for: h_initialCruise_Design
2025-10-16 09:30:14: Requirement check successful for: M_initialCruise_Design
2025-10-16 09:30:14: Error: Requirement check failed for: V_ApproachSpeed_Design
2025-10-16 09:30:14: Requirement check successful for: LDN_Design
2025-10-16 09:30:14: Error: Requirement check failed for: h_maxOperating
2025-10-16 09:30:14: Requirement check successful for: h_maxOEI
2025-10-16 09:30:14: Requirement check successful for: SpanLimit
2025-10-16 09:30:14: Requirement check successful for: climbGradientSecondTOSegment
2025-10-16 09:30:14: Requirement check successful for: climbGradientFinalTOSegment
2025-10-16 09:30:14: Requirement check successful for: climbGradientApproachOEI
2025-10-16 09:30:14: Requirement check successful for: climbGradientApproachAEO
2025-10-16 09:30:14: WARNING: TLARs check failed with error code 604 due to failed requirement checks.
*************************************** end check tlars and climb gradients ***************************************

******************************************** post operations Of workflow ********************************************
2025-10-16 09:30:16: Log-file of aerodynamic_analysis successfully stored!
2025-10-16 09:30:16: Log-file of assessment_manager successfully stored!
2025-10-16 09:30:16: Log-file of cpacs_interface successfully stored!
2025-10-16 09:30:16: Log-file of create_mission_xml successfully stored!
2025-10-16 09:30:16: Log-file of empennage_design successfully stored!
2025-10-16 09:30:16: Log-file of fuselage_design successfully stored!
2025-10-16 09:30:16: Log-file of initial_sizing successfully stored!
2025-10-16 09:30:16: Log-file of landing_gear_design successfully stored!
2025-10-16 09:30:16: Log-file of mission_analysis successfully stored!
2025-10-16 09:30:16: Log-file of performance_assessment successfully stored!
2025-10-16 09:30:16: Log-file of propulsion_design successfully stored!
2025-10-16 09:30:16: Log-file of report_generator successfully stored!
2025-10-16 09:30:16: Log-file of systems_design successfully stored!
2025-10-16 09:30:16: Log-file of tank_design successfully stored!
2025-10-16 09:30:16: Log-file of unicado_workflow successfully stored!
2025-10-16 09:30:16: Log-file of weight_and_balance_analysis successfully stored!
2025-10-16 09:30:16: Log-file of wing_design successfully stored!
2025-10-16 09:30:17: Reporting files successfully stored!
2025-10-16 09:30:17: Final aircraft exchange files successfully stored!
2025-10-16 09:30:17: assessment.xml successfully stored!
2025-10-16 09:30:17: Aircraft-exchange files of each iteration step successfully stored!
2025-10-16 09:30:17: CPACS exchange-file successfully stored!
2025-10-16 09:30:17: Project polar xml-file successfully stored!
2025-10-16 09:30:17: Geometry files successfully stored!
2025-10-16 09:30:17: Mission files successfully stored!
2025-10-16 09:30:17: Engine PW1127G-JM has been successfully copied to results folder!
2025-10-16 09:30:17: Workflow results successfully stored!
2025-10-16 09:30:18: Directory for temporary results cleared!
2025-10-16 09:30:18: UNICADOworkflow configuration file has been successfully copied to results folder!
****************************************** end post operations of workflow ******************************************

********************************************** END OF UNICADO WORKFLOW **********************************************
