2025-10-16 09:20:25,216 - PRINT - Landing gear design started...
2025-10-16 09:20:25,259 - PRINT - Current run of landing gear iteration is: 1
2025-10-16 09:20:25,262 - WARNING - Attention: At least one nacelle mounted to the wing falls below the minimum required nacelle ground clearance.
2025-10-16 09:20:25,262 - PRINT - Repositioning and resizing of landing gear struts started!
2025-10-16 09:20:25,262 - PRINT - Repositioning and resizing of landing gear struts successfully finished!
2025-10-16 09:20:25,262 - PRINT - The resulting wing tip angle conforms the specified clearance angle of: 8.0 degrees!
2025-10-16 09:20:25,263 - PRINT - Total mass of landing gear is: 2204.12kg!
2025-10-16 09:20:25,263 - PRINT - ----- Nose gear results of current loop -----
2025-10-16 09:20:25,263 - PRINT - Nose gear x-position is: 5.0 meter behind reference point.
2025-10-16 09:20:25,263 - PRINT - Nose gear y-position is: 0.0 meter from reference center line.
2025-10-16 09:20:25,263 - PRINT - Nose gear z-position is: -1.6572 meter below reference center line.
2025-10-16 09:20:25,263 - PRINT - Number of nose gear struts is: 1.
2025-10-16 09:20:25,263 - PRINT - Nose gear strut length is: 1.612 meter.
2025-10-16 09:20:25,263 - PRINT - Number of nose gear axis per strut is: 1.
2025-10-16 09:20:25,263 - PRINT - Number of nose gear tires per strut is: 2.
2025-10-16 09:20:25,263 - PRINT - Nose gear tires design load is: 9893.5164 pound.
2025-10-16 09:20:25,263 - PRINT - Selected nose gear tire type is: APS01203.
2025-10-16 09:20:25,263 - PRINT - ----- Main gear results of current loop -----
2025-10-16 09:20:25,263 - PRINT - Outer main gear x-position is: 17.717 meter behind reference point.
2025-10-16 09:20:25,263 - PRINT - Outer main gear strut y-position is: 3.9932 meter from reference center line.
2025-10-16 09:20:25,263 - PRINT - Outer main gear strut z-position is: -0.8731 meter below reference center line.
2025-10-16 09:20:25,263 - PRINT - Number of outer main gear struts is: 2.
2025-10-16 09:20:25,263 - PRINT - Outer main gear strut length is: 2.3961 meter.
2025-10-16 09:20:25,263 - PRINT - Number of main gear axis per outer strut is: 1.
2025-10-16 09:20:25,263 - PRINT - Number of main gear tires per outer strut is: 2.
2025-10-16 09:20:25,263 - PRINT - Main gear tires design load is: 29633.036 pound.
2025-10-16 09:20:25,263 - PRINT - Selected main gear tire type is: APS01347-A.

2025-10-16 09:20:25,263 - PRINT - Current run of landing gear iteration is: 2
2025-10-16 09:20:25,264 - WARNING - Attention: At least one nacelle mounted to the wing falls below the minimum required nacelle ground clearance.
2025-10-16 09:20:25,264 - PRINT - Repositioning and resizing of landing gear struts started!
2025-10-16 09:20:25,264 - PRINT - Repositioning and resizing of landing gear struts successfully finished!
2025-10-16 09:20:25,264 - PRINT - The resulting wing tip angle conforms the specified clearance angle of: 8.0 degrees!
2025-10-16 09:20:25,264 - PRINT - Total mass of landing gear is: 2204.12kg!
2025-10-16 09:20:25,264 - PRINT - ----- Nose gear results of current loop -----
2025-10-16 09:20:25,264 - PRINT - Nose gear x-position is: 5.0 meter behind reference point.
2025-10-16 09:20:25,264 - PRINT - Nose gear y-position is: 0.0 meter from reference center line.
2025-10-16 09:20:25,264 - PRINT - Nose gear z-position is: -1.6572 meter below reference center line.
2025-10-16 09:20:25,264 - PRINT - Number of nose gear struts is: 1.
2025-10-16 09:20:25,264 - PRINT - Nose gear strut length is: 1.612 meter.
2025-10-16 09:20:25,264 - PRINT - Number of nose gear axis per strut is: 1.
2025-10-16 09:20:25,264 - PRINT - Number of nose gear tires per strut is: 2.
2025-10-16 09:20:25,264 - PRINT - Nose gear tires design load is: 9893.5164 pound.
2025-10-16 09:20:25,264 - PRINT - Selected nose gear tire type is: APS01203.
2025-10-16 09:20:25,264 - PRINT - ----- Main gear results of current loop -----
2025-10-16 09:20:25,264 - PRINT - Outer main gear x-position is: 16.3043 meter behind reference point.
2025-10-16 09:20:25,264 - PRINT - Outer main gear strut y-position is: 3.9932 meter from reference center line.
2025-10-16 09:20:25,264 - PRINT - Outer main gear strut z-position is: -0.8731 meter below reference center line.
2025-10-16 09:20:25,264 - PRINT - Number of outer main gear struts is: 2.
2025-10-16 09:20:25,264 - PRINT - Outer main gear strut length is: 2.3961 meter.
2025-10-16 09:20:25,264 - PRINT - Number of main gear axis per outer strut is: 1.
2025-10-16 09:20:25,264 - PRINT - Number of main gear tires per outer strut is: 2.
2025-10-16 09:20:25,264 - PRINT - Main gear tires design load is: 29633.036 pound.
2025-10-16 09:20:25,264 - PRINT - Selected main gear tire type is: APS01347-A.

2025-10-16 09:20:25,264 - PRINT - Current run of landing gear iteration is: 3
2025-10-16 09:20:25,265 - WARNING - Attention: At least one nacelle mounted to the wing falls below the minimum required nacelle ground clearance.
2025-10-16 09:20:25,265 - PRINT - Repositioning and resizing of landing gear struts started!
2025-10-16 09:20:25,265 - PRINT - Repositioning and resizing of landing gear struts successfully finished!
2025-10-16 09:20:25,265 - PRINT - The resulting wing tip angle conforms the specified clearance angle of: 8.0 degrees!
2025-10-16 09:20:25,265 - PRINT - Total mass of landing gear is: 2204.12kg!
2025-10-16 09:20:25,265 - PRINT - ----- Nose gear results of current loop -----
2025-10-16 09:20:25,265 - PRINT - Nose gear x-position is: 5.0 meter behind reference point.
2025-10-16 09:20:25,265 - PRINT - Nose gear y-position is: 0.0 meter from reference center line.
2025-10-16 09:20:25,265 - PRINT - Nose gear z-position is: -1.6572 meter below reference center line.
2025-10-16 09:20:25,265 - PRINT - Number of nose gear struts is: 1.
2025-10-16 09:20:25,265 - PRINT - Nose gear strut length is: 1.612 meter.
2025-10-16 09:20:25,265 - PRINT - Number of nose gear axis per strut is: 1.
2025-10-16 09:20:25,265 - PRINT - Number of nose gear tires per strut is: 2.
2025-10-16 09:20:25,265 - PRINT - Nose gear tires design load is: 11129.9105 pound.
2025-10-16 09:20:25,265 - PRINT - Selected nose gear tire type is: APS01203.
2025-10-16 09:20:25,265 - PRINT - ----- Main gear results of current loop -----
2025-10-16 09:20:25,266 - PRINT - Outer main gear x-position is: 16.4617 meter behind reference point.
2025-10-16 09:20:25,266 - PRINT - Outer main gear strut y-position is: 3.9932 meter from reference center line.
2025-10-16 09:20:25,266 - PRINT - Outer main gear strut z-position is: -0.8731 meter below reference center line.
2025-10-16 09:20:25,266 - PRINT - Number of outer main gear struts is: 2.
2025-10-16 09:20:25,266 - PRINT - Outer main gear strut length is: 2.3961 meter.
2025-10-16 09:20:25,266 - PRINT - Number of main gear axis per outer strut is: 1.
2025-10-16 09:20:25,266 - PRINT - Number of main gear tires per outer strut is: 2.
2025-10-16 09:20:25,266 - PRINT - Main gear tires design load is: 29130.318 pound.
2025-10-16 09:20:25,266 - PRINT - Selected main gear tire type is: APS01347-A.

2025-10-16 09:20:25,266 - PRINT - Current run of landing gear iteration is: 4
2025-10-16 09:20:25,266 - WARNING - Attention: At least one nacelle mounted to the wing falls below the minimum required nacelle ground clearance.
2025-10-16 09:20:25,267 - PRINT - Repositioning and resizing of landing gear struts started!
2025-10-16 09:20:25,267 - PRINT - Repositioning and resizing of landing gear struts successfully finished!
2025-10-16 09:20:25,267 - PRINT - The resulting wing tip angle conforms the specified clearance angle of: 8.0 degrees!
2025-10-16 09:20:25,267 - PRINT - Total mass of landing gear is: 2204.12kg!
2025-10-16 09:20:25,267 - PRINT - ----- Nose gear results of current loop -----
2025-10-16 09:20:25,267 - PRINT - Nose gear x-position is: 5.0 meter behind reference point.
2025-10-16 09:20:25,267 - PRINT - Nose gear y-position is: 0.0 meter from reference center line.
2025-10-16 09:20:25,267 - PRINT - Nose gear z-position is: -1.6572 meter below reference center line.
2025-10-16 09:20:25,267 - PRINT - Number of nose gear struts is: 1.
2025-10-16 09:20:25,267 - PRINT - Nose gear strut length is: 1.612 meter.
2025-10-16 09:20:25,267 - PRINT - Number of nose gear axis per strut is: 1.
2025-10-16 09:20:25,267 - PRINT - Number of nose gear tires per strut is: 2.
2025-10-16 09:20:25,267 - PRINT - Nose gear tires design load is: 10977.0669 pound.
2025-10-16 09:20:25,267 - PRINT - Selected nose gear tire type is: APS01203.
2025-10-16 09:20:25,267 - PRINT - ----- Main gear results of current loop -----
2025-10-16 09:20:25,267 - PRINT - Outer main gear x-position is: 16.4517 meter behind reference point.
2025-10-16 09:20:25,267 - PRINT - Outer main gear strut y-position is: 3.9932 meter from reference center line.
2025-10-16 09:20:25,267 - PRINT - Outer main gear strut z-position is: -0.8731 meter below reference center line.
2025-10-16 09:20:25,267 - PRINT - Number of outer main gear struts is: 2.
2025-10-16 09:20:25,267 - PRINT - Outer main gear strut length is: 2.3961 meter.
2025-10-16 09:20:25,267 - PRINT - Number of main gear axis per outer strut is: 1.
2025-10-16 09:20:25,267 - PRINT - Number of main gear tires per outer strut is: 2.
2025-10-16 09:20:25,267 - PRINT - Main gear tires design load is: 29192.464 pound.
2025-10-16 09:20:25,267 - PRINT - Selected main gear tire type is: APS01347-A.

2025-10-16 09:20:25,267 - PRINT - Landing gear design successful after 4 iterations!
2025-10-16 09:20:25,299 - PRINT - ACN for CBR =  3 (ultra-low) is: 33.8
2025-10-16 09:20:25,299 - PRINT - ACN for CBR =  6 (low) is:       29.2
2025-10-16 09:20:25,299 - PRINT - ACN for CBR = 10 (medium) is:    26.9
2025-10-16 09:20:25,299 - PRINT - ACN for CBR = 15 (high) is:      26.3
2025-10-16 09:20:25,686 - WARNING - Warning: "plot_output" switch in module configuration file set to "False". No plots generated.
2025-10-16 09:20:25,686 - WARNING - Warning: "html_output" switch in module configuration file set to "False". No HTML report generated.
2025-10-16 09:20:25,688 - PRINT - Method-specific data are written to 'landing_gear_design_results.xml'...
2025-10-16 09:20:25,690 - WARNING - Warning: "tex_output" switch in module configuration file set to "False". No TeX report file generated.
2025-10-16 09:20:25,690 - PRINT - Landing gear design finished.
2025-10-16 09:20:46,476 - PRINT - Landing gear design started...
2025-10-16 09:20:46,524 - PRINT - Current run of landing gear iteration is: 1
2025-10-16 09:20:46,526 - WARNING - Attention: At least one nacelle mounted to the wing falls below the minimum required nacelle ground clearance.
2025-10-16 09:20:46,526 - PRINT - Repositioning and resizing of landing gear struts started!
2025-10-16 09:20:46,526 - PRINT - Repositioning and resizing of landing gear struts successfully finished!
2025-10-16 09:20:46,526 - PRINT - The resulting wing tip angle conforms the specified clearance angle of: 8.0 degrees!
2025-10-16 09:20:46,526 - PRINT - Total mass of landing gear is: 2671.1803kg!
2025-10-16 09:20:46,526 - PRINT - ----- Nose gear results of current loop -----
2025-10-16 09:20:46,526 - PRINT - Nose gear x-position is: 5.05 meter behind reference point.
2025-10-16 09:20:46,526 - PRINT - Nose gear y-position is: 0.0 meter from reference center line.
2025-10-16 09:20:46,526 - PRINT - Nose gear z-position is: -1.6572 meter below reference center line.
2025-10-16 09:20:46,526 - PRINT - Number of nose gear struts is: 1.
2025-10-16 09:20:46,527 - PRINT - Nose gear strut length is: 1.86 meter.
2025-10-16 09:20:46,527 - PRINT - Number of nose gear axis per strut is: 1.
2025-10-16 09:20:46,527 - PRINT - Number of nose gear tires per strut is: 2.
2025-10-16 09:20:46,527 - PRINT - Nose gear tires design load is: 10650.156 pound.
2025-10-16 09:20:46,527 - PRINT - Selected nose gear tire type is: APS01203.
2025-10-16 09:20:46,527 - PRINT - ----- Main gear results of current loop -----
2025-10-16 09:20:46,527 - PRINT - Outer main gear x-position is: 17.8968 meter behind reference point.
2025-10-16 09:20:46,527 - PRINT - Outer main gear strut y-position is: 4.241 meter from reference center line.
2025-10-16 09:20:46,527 - PRINT - Outer main gear strut z-position is: -0.8733 meter below reference center line.
2025-10-16 09:20:46,527 - PRINT - Number of outer main gear struts is: 2.
2025-10-16 09:20:46,527 - PRINT - Outer main gear strut length is: 2.6439 meter.
2025-10-16 09:20:46,527 - PRINT - Number of main gear axis per outer strut is: 1.
2025-10-16 09:20:46,527 - PRINT - Number of main gear tires per outer strut is: 2.
2025-10-16 09:20:46,527 - PRINT - Main gear tires design load is: 37621.833 pound.
2025-10-16 09:20:46,527 - PRINT - Selected main gear tire type is: APS01347-A.

2025-10-16 09:20:46,527 - PRINT - Current run of landing gear iteration is: 2
2025-10-16 09:20:46,527 - WARNING - Attention: At least one nacelle mounted to the wing falls below the minimum required nacelle ground clearance.
2025-10-16 09:20:46,527 - PRINT - Repositioning and resizing of landing gear struts started!
2025-10-16 09:20:46,527 - PRINT - Repositioning and resizing of landing gear struts successfully finished!
2025-10-16 09:20:46,527 - PRINT - The resulting wing tip angle conforms the specified clearance angle of: 8.0 degrees!
2025-10-16 09:20:46,528 - PRINT - Total mass of landing gear is: 2671.1803kg!
2025-10-16 09:20:46,528 - PRINT - ----- Nose gear results of current loop -----
2025-10-16 09:20:46,528 - PRINT - Nose gear x-position is: 5.05 meter behind reference point.
2025-10-16 09:20:46,528 - PRINT - Nose gear y-position is: 0.0 meter from reference center line.
2025-10-16 09:20:46,528 - PRINT - Nose gear z-position is: -1.6572 meter below reference center line.
2025-10-16 09:20:46,528 - PRINT - Number of nose gear struts is: 1.
2025-10-16 09:20:46,528 - PRINT - Nose gear strut length is: 1.86 meter.
2025-10-16 09:20:46,528 - PRINT - Number of nose gear axis per strut is: 1.
2025-10-16 09:20:46,528 - PRINT - Number of nose gear tires per strut is: 2.
2025-10-16 09:20:46,528 - PRINT - Nose gear tires design load is: 10650.156 pound.
2025-10-16 09:20:46,528 - PRINT - Selected nose gear tire type is: APS01203.
2025-10-16 09:20:46,528 - PRINT - ----- Main gear results of current loop -----
2025-10-16 09:20:46,528 - PRINT - Outer main gear x-position is: 17.4535 meter behind reference point.
2025-10-16 09:20:46,528 - PRINT - Outer main gear strut y-position is: 4.241 meter from reference center line.
2025-10-16 09:20:46,528 - PRINT - Outer main gear strut z-position is: -0.8733 meter below reference center line.
2025-10-16 09:20:46,528 - PRINT - Number of outer main gear struts is: 2.
2025-10-16 09:20:46,528 - PRINT - Outer main gear strut length is: 2.6439 meter.
2025-10-16 09:20:46,528 - PRINT - Number of main gear axis per outer strut is: 1.
2025-10-16 09:20:46,528 - PRINT - Number of main gear tires per outer strut is: 2.
2025-10-16 09:20:46,528 - PRINT - Main gear tires design load is: 37621.833 pound.
2025-10-16 09:20:46,528 - PRINT - Selected main gear tire type is: APS01347-A.

2025-10-16 09:20:46,528 - PRINT - Current run of landing gear iteration is: 3
2025-10-16 09:20:46,528 - ERROR - Error: The maximum aft nose gear position is reached but the minimum allowed percentage of the nose gear load is lower than 6.0.
                                     Load estimation for landing gear design not possible. Initial run -> skip abort program!
2025-10-16 09:20:46,529 - WARNING - Attention: At least one nacelle mounted to the wing falls below the minimum required nacelle ground clearance.
2025-10-16 09:20:46,529 - PRINT - Repositioning and resizing of landing gear struts started!
2025-10-16 09:20:46,529 - PRINT - Repositioning and resizing of landing gear struts successfully finished!
2025-10-16 09:20:46,529 - PRINT - The resulting wing tip angle conforms the specified clearance angle of: 8.0 degrees!
2025-10-16 09:20:46,529 - PRINT - Total mass of landing gear is: 2671.1803kg!
2025-10-16 09:20:46,529 - PRINT - ----- Nose gear results of current loop -----
2025-10-16 09:20:46,529 - PRINT - Nose gear x-position is: 5.85 meter behind reference point.
2025-10-16 09:20:46,529 - PRINT - Nose gear y-position is: 0.0 meter from reference center line.
2025-10-16 09:20:46,529 - PRINT - Nose gear z-position is: -1.6572 meter below reference center line.
2025-10-16 09:20:46,529 - PRINT - Number of nose gear struts is: 1.
2025-10-16 09:20:46,529 - PRINT - Nose gear strut length is: 1.86 meter.
2025-10-16 09:20:46,529 - PRINT - Number of nose gear axis per strut is: 1.
2025-10-16 09:20:46,529 - PRINT - Number of nose gear tires per strut is: 2.
2025-10-16 09:20:46,529 - PRINT - Nose gear tires design load is: 9428.5751 pound.
2025-10-16 09:20:46,529 - PRINT - Selected nose gear tire type is: APS01203.
2025-10-16 09:20:46,529 - PRINT - ----- Main gear results of current loop -----
2025-10-16 09:20:46,529 - PRINT - Outer main gear x-position is: 17.5491 meter behind reference point.
2025-10-16 09:20:46,529 - PRINT - Outer main gear strut y-position is: 4.241 meter from reference center line.
2025-10-16 09:20:46,529 - PRINT - Outer main gear strut z-position is: -0.8733 meter below reference center line.
2025-10-16 09:20:46,529 - PRINT - Number of outer main gear struts is: 2.
2025-10-16 09:20:46,529 - PRINT - Outer main gear strut length is: 2.6439 meter.
2025-10-16 09:20:46,529 - PRINT - Number of main gear axis per outer strut is: 1.
2025-10-16 09:20:46,530 - PRINT - Number of main gear tires per outer strut is: 2.
2025-10-16 09:20:46,530 - PRINT - Main gear tires design load is: 38522.805 pound.
2025-10-16 09:20:46,530 - PRINT - Selected main gear tire type is: APS01347-A.

2025-10-16 09:20:46,530 - PRINT - Current run of landing gear iteration is: 4
2025-10-16 09:20:46,530 - ERROR - Error: The maximum aft nose gear position is reached but the minimum allowed percentage of the nose gear load is lower than 6.0.
                                     Load estimation for landing gear design not possible. Initial run -> skip abort program!
2025-10-16 09:20:46,530 - WARNING - Attention: At least one nacelle mounted to the wing falls below the minimum required nacelle ground clearance.
2025-10-16 09:20:46,530 - PRINT - Repositioning and resizing of landing gear struts started!
2025-10-16 09:20:46,530 - PRINT - Repositioning and resizing of landing gear struts successfully finished!
2025-10-16 09:20:46,531 - PRINT - The resulting wing tip angle conforms the specified clearance angle of: 8.0 degrees!
2025-10-16 09:20:46,531 - PRINT - Total mass of landing gear is: 2671.1803kg!
2025-10-16 09:20:46,531 - PRINT - ----- Nose gear results of current loop -----
2025-10-16 09:20:46,531 - PRINT - Nose gear x-position is: 6.75 meter behind reference point.
2025-10-16 09:20:46,531 - PRINT - Nose gear y-position is: 0.0 meter from reference center line.
2025-10-16 09:20:46,531 - PRINT - Nose gear z-position is: -1.6572 meter below reference center line.
2025-10-16 09:20:46,531 - PRINT - Number of nose gear struts is: 1.
2025-10-16 09:20:46,531 - PRINT - Nose gear strut length is: 1.86 meter.
2025-10-16 09:20:46,531 - PRINT - Number of nose gear axis per strut is: 1.
2025-10-16 09:20:46,531 - PRINT - Number of nose gear tires per strut is: 2.
2025-10-16 09:20:46,531 - PRINT - Nose gear tires design load is: 10178.8658 pound.
2025-10-16 09:20:46,531 - PRINT - Selected nose gear tire type is: APS01203.
2025-10-16 09:20:46,531 - PRINT - ----- Main gear results of current loop -----
2025-10-16 09:20:46,531 - PRINT - Outer main gear x-position is: 17.5433 meter behind reference point.
2025-10-16 09:20:46,531 - PRINT - Outer main gear strut y-position is: 4.241 meter from reference center line.
2025-10-16 09:20:46,531 - PRINT - Outer main gear strut z-position is: -0.8733 meter below reference center line.
2025-10-16 09:20:46,531 - PRINT - Number of outer main gear struts is: 2.
2025-10-16 09:20:46,531 - PRINT - Outer main gear strut length is: 2.6439 meter.
2025-10-16 09:20:46,531 - PRINT - Number of main gear axis per outer strut is: 1.
2025-10-16 09:20:46,531 - PRINT - Number of main gear tires per outer strut is: 2.
2025-10-16 09:20:46,531 - PRINT - Main gear tires design load is: 38353.828 pound.
2025-10-16 09:20:46,531 - PRINT - Selected main gear tire type is: APS01347-A.

2025-10-16 09:20:46,531 - PRINT - Current run of landing gear iteration is: 5
2025-10-16 09:20:46,532 - WARNING - Attention: At least one nacelle mounted to the wing falls below the minimum required nacelle ground clearance.
2025-10-16 09:20:46,532 - PRINT - Repositioning and resizing of landing gear struts started!
2025-10-16 09:20:46,532 - PRINT - Repositioning and resizing of landing gear struts successfully finished!
2025-10-16 09:20:46,532 - PRINT - The resulting wing tip angle conforms the specified clearance angle of: 8.0 degrees!
2025-10-16 09:20:46,532 - PRINT - Total mass of landing gear is: 2671.1803kg!
2025-10-16 09:20:46,532 - PRINT - ----- Nose gear results of current loop -----
2025-10-16 09:20:46,532 - PRINT - Nose gear x-position is: 6.8 meter behind reference point.
2025-10-16 09:20:46,532 - PRINT - Nose gear y-position is: 0.0 meter from reference center line.
2025-10-16 09:20:46,532 - PRINT - Nose gear z-position is: -1.6572 meter below reference center line.
2025-10-16 09:20:46,532 - PRINT - Number of nose gear struts is: 1.
2025-10-16 09:20:46,532 - PRINT - Nose gear strut length is: 1.86 meter.
2025-10-16 09:20:46,532 - PRINT - Number of nose gear axis per strut is: 1.
2025-10-16 09:20:46,532 - PRINT - Number of nose gear tires per strut is: 2.
2025-10-16 09:20:46,532 - PRINT - Nose gear tires design load is: 10228.6973 pound.
2025-10-16 09:20:46,532 - PRINT - Selected nose gear tire type is: APS01203.
2025-10-16 09:20:46,532 - PRINT - ----- Main gear results of current loop -----
2025-10-16 09:20:46,532 - PRINT - Outer main gear x-position is: 17.5437 meter behind reference point.
2025-10-16 09:20:46,532 - PRINT - Outer main gear strut y-position is: 4.241 meter from reference center line.
2025-10-16 09:20:46,532 - PRINT - Outer main gear strut z-position is: -0.8733 meter below reference center line.
2025-10-16 09:20:46,532 - PRINT - Number of outer main gear struts is: 2.
2025-10-16 09:20:46,532 - PRINT - Outer main gear strut length is: 2.6439 meter.
2025-10-16 09:20:46,532 - PRINT - Number of main gear axis per outer strut is: 1.
2025-10-16 09:20:46,532 - PRINT - Number of main gear tires per outer strut is: 2.
2025-10-16 09:20:46,532 - PRINT - Main gear tires design load is: 38341.027 pound.
2025-10-16 09:20:46,532 - PRINT - Selected main gear tire type is: APS01347-A.

2025-10-16 09:20:46,532 - PRINT - Current run of landing gear iteration is: 6
2025-10-16 09:20:46,533 - WARNING - Attention: At least one nacelle mounted to the wing falls below the minimum required nacelle ground clearance.
2025-10-16 09:20:46,533 - PRINT - Repositioning and resizing of landing gear struts started!
2025-10-16 09:20:46,533 - PRINT - Repositioning and resizing of landing gear struts successfully finished!
2025-10-16 09:20:46,533 - PRINT - The resulting wing tip angle conforms the specified clearance angle of: 8.0 degrees!
2025-10-16 09:20:46,533 - PRINT - Total mass of landing gear is: 2671.1803kg!
2025-10-16 09:20:46,533 - PRINT - ----- Nose gear results of current loop -----
2025-10-16 09:20:46,533 - PRINT - Nose gear x-position is: 6.8 meter behind reference point.
2025-10-16 09:20:46,533 - PRINT - Nose gear y-position is: 0.0 meter from reference center line.
2025-10-16 09:20:46,533 - PRINT - Nose gear z-position is: -1.6572 meter below reference center line.
2025-10-16 09:20:46,533 - PRINT - Number of nose gear struts is: 1.
2025-10-16 09:20:46,533 - PRINT - Nose gear strut length is: 1.86 meter.
2025-10-16 09:20:46,533 - PRINT - Number of nose gear axis per strut is: 1.
2025-10-16 09:20:46,533 - PRINT - Number of nose gear tires per strut is: 2.
2025-10-16 09:20:46,533 - PRINT - Nose gear tires design load is: 10228.6973 pound.
2025-10-16 09:20:46,533 - PRINT - Selected nose gear tire type is: APS01203.
2025-10-16 09:20:46,533 - PRINT - ----- Main gear results of current loop -----
2025-10-16 09:20:46,534 - PRINT - Outer main gear x-position is: 17.5436 meter behind reference point.
2025-10-16 09:20:46,534 - PRINT - Outer main gear strut y-position is: 4.241 meter from reference center line.
2025-10-16 09:20:46,534 - PRINT - Outer main gear strut z-position is: -0.8733 meter below reference center line.
2025-10-16 09:20:46,534 - PRINT - Number of outer main gear struts is: 2.
2025-10-16 09:20:46,534 - PRINT - Outer main gear strut length is: 2.6439 meter.
2025-10-16 09:20:46,534 - PRINT - Number of main gear axis per outer strut is: 1.
2025-10-16 09:20:46,534 - PRINT - Number of main gear tires per outer strut is: 2.
2025-10-16 09:20:46,534 - PRINT - Main gear tires design load is: 38341.027 pound.
2025-10-16 09:20:46,534 - PRINT - Selected main gear tire type is: APS01347-A.

2025-10-16 09:20:46,534 - PRINT - Landing gear design successful after 6 iterations!
2025-10-16 09:20:46,566 - PRINT - ACN for CBR =  3 (ultra-low) is: 46.7
2025-10-16 09:20:46,566 - PRINT - ACN for CBR =  6 (low) is:       40.9
2025-10-16 09:20:46,566 - PRINT - ACN for CBR = 10 (medium) is:    37.3
2025-10-16 09:20:46,566 - PRINT - ACN for CBR = 15 (high) is:      35.9
2025-10-16 09:20:47,315 - WARNING - Warning: "plot_output" switch in module configuration file set to "False". No plots generated.
2025-10-16 09:20:47,315 - WARNING - Warning: "html_output" switch in module configuration file set to "False". No HTML report generated.
2025-10-16 09:20:47,317 - PRINT - Method-specific data are written to 'landing_gear_design_results.xml'...
2025-10-16 09:20:47,319 - WARNING - Warning: "tex_output" switch in module configuration file set to "False". No TeX report file generated.
2025-10-16 09:20:47,319 - PRINT - Landing gear design finished.
2025-10-16 09:21:25,253 - PRINT - Landing gear design started...
2025-10-16 09:21:25,302 - PRINT - Current run of landing gear iteration is: 1
2025-10-16 09:21:25,305 - WARNING - Attention: At least one nacelle mounted to the wing falls below the minimum required nacelle ground clearance.
2025-10-16 09:21:25,305 - PRINT - Repositioning and resizing of landing gear struts started!
2025-10-16 09:21:25,305 - PRINT - Repositioning and resizing of landing gear struts successfully finished!
2025-10-16 09:21:25,305 - PRINT - The resulting wing tip angle conforms the specified clearance angle of: 8.0 degrees!
2025-10-16 09:21:25,305 - PRINT - Total mass of landing gear is: 2858.1662kg!
2025-10-16 09:21:25,305 - PRINT - ----- Nose gear results of current loop -----
2025-10-16 09:21:25,305 - PRINT - Nose gear x-position is: 6.8 meter behind reference point.
2025-10-16 09:21:25,305 - PRINT - Nose gear y-position is: 0.0 meter from reference center line.
2025-10-16 09:21:25,305 - PRINT - Nose gear z-position is: -1.6572 meter below reference center line.
2025-10-16 09:21:25,305 - PRINT - Number of nose gear struts is: 1.
2025-10-16 09:21:25,305 - PRINT - Nose gear strut length is: 1.9458 meter.
2025-10-16 09:21:25,305 - PRINT - Number of nose gear axis per strut is: 1.
2025-10-16 09:21:25,305 - PRINT - Number of nose gear tires per strut is: 2.
2025-10-16 09:21:25,305 - PRINT - Nose gear tires design load is: 12356.6157 pound.
2025-10-16 09:21:25,305 - PRINT - Selected nose gear tire type is: APS01203.
2025-10-16 09:21:25,305 - PRINT - ----- Main gear results of current loop -----
2025-10-16 09:21:25,305 - PRINT - Outer main gear x-position is: 17.7381 meter behind reference point.
2025-10-16 09:21:25,305 - PRINT - Outer main gear strut y-position is: 4.3332 meter from reference center line.
2025-10-16 09:21:25,305 - PRINT - Outer main gear strut z-position is: -0.8668 meter below reference center line.
2025-10-16 09:21:25,305 - PRINT - Number of outer main gear struts is: 2.
2025-10-16 09:21:25,305 - PRINT - Outer main gear strut length is: 2.7362 meter.
2025-10-16 09:21:25,305 - PRINT - Number of main gear axis per outer strut is: 1.
2025-10-16 09:21:25,305 - PRINT - Number of main gear tires per outer strut is: 2.
2025-10-16 09:21:25,305 - PRINT - Main gear tires design load is: 40362.896 pound.
2025-10-16 09:21:25,305 - PRINT - Selected main gear tire type is: APS01347-A.

2025-10-16 09:21:25,306 - PRINT - Current run of landing gear iteration is: 2
2025-10-16 09:21:25,306 - WARNING - Attention: At least one nacelle mounted to the wing falls below the minimum required nacelle ground clearance.
2025-10-16 09:21:25,306 - PRINT - Repositioning and resizing of landing gear struts started!
2025-10-16 09:21:25,307 - PRINT - Repositioning and resizing of landing gear struts successfully finished!
2025-10-16 09:21:25,307 - PRINT - The resulting wing tip angle conforms the specified clearance angle of: 8.0 degrees!
2025-10-16 09:21:25,307 - PRINT - Total mass of landing gear is: 2858.1662kg!
2025-10-16 09:21:25,307 - PRINT - ----- Nose gear results of current loop -----
2025-10-16 09:21:25,307 - PRINT - Nose gear x-position is: 6.8 meter behind reference point.
2025-10-16 09:21:25,307 - PRINT - Nose gear y-position is: 0.0 meter from reference center line.
2025-10-16 09:21:25,307 - PRINT - Nose gear z-position is: -1.6572 meter below reference center line.
2025-10-16 09:21:25,307 - PRINT - Number of nose gear struts is: 1.
2025-10-16 09:21:25,307 - PRINT - Nose gear strut length is: 1.9458 meter.
2025-10-16 09:21:25,307 - PRINT - Number of nose gear axis per strut is: 1.
2025-10-16 09:21:25,307 - PRINT - Number of nose gear tires per strut is: 2.
2025-10-16 09:21:25,307 - PRINT - Nose gear tires design load is: 13587.1747 pound.
2025-10-16 09:21:25,307 - PRINT - Selected nose gear tire type is: APS01203.
2025-10-16 09:21:25,307 - PRINT - ----- Main gear results of current loop -----
2025-10-16 09:21:25,307 - PRINT - Outer main gear x-position is: 17.3119 meter behind reference point.
2025-10-16 09:21:25,307 - PRINT - Outer main gear strut y-position is: 4.3332 meter from reference center line.
2025-10-16 09:21:25,307 - PRINT - Outer main gear strut z-position is: -0.8668 meter below reference center line.
2025-10-16 09:21:25,307 - PRINT - Number of outer main gear struts is: 2.
2025-10-16 09:21:25,307 - PRINT - Outer main gear strut length is: 2.7362 meter.
2025-10-16 09:21:25,307 - PRINT - Number of main gear axis per outer strut is: 1.
2025-10-16 09:21:25,307 - PRINT - Number of main gear tires per outer strut is: 2.
2025-10-16 09:21:25,307 - PRINT - Main gear tires design load is: 39645.168 pound.
2025-10-16 09:21:25,307 - PRINT - Selected main gear tire type is: APS01347-A.

2025-10-16 09:21:25,307 - PRINT - Current run of landing gear iteration is: 3
2025-10-16 09:21:25,308 - WARNING - Attention: At least one nacelle mounted to the wing falls below the minimum required nacelle ground clearance.
2025-10-16 09:21:25,308 - PRINT - Repositioning and resizing of landing gear struts started!
2025-10-16 09:21:25,308 - PRINT - Repositioning and resizing of landing gear struts successfully finished!
2025-10-16 09:21:25,308 - PRINT - The resulting wing tip angle conforms the specified clearance angle of: 8.0 degrees!
2025-10-16 09:21:25,308 - PRINT - Total mass of landing gear is: 2858.1662kg!
2025-10-16 09:21:25,308 - PRINT - ----- Nose gear results of current loop -----
2025-10-16 09:21:25,308 - PRINT - Nose gear x-position is: 6.85 meter behind reference point.
2025-10-16 09:21:25,308 - PRINT - Nose gear y-position is: 0.0 meter from reference center line.
2025-10-16 09:21:25,308 - PRINT - Nose gear z-position is: -1.6572 meter below reference center line.
2025-10-16 09:21:25,308 - PRINT - Number of nose gear struts is: 1.
2025-10-16 09:21:25,308 - PRINT - Nose gear strut length is: 1.9458 meter.
2025-10-16 09:21:25,308 - PRINT - Number of nose gear axis per strut is: 1.
2025-10-16 09:21:25,308 - PRINT - Number of nose gear tires per strut is: 2.
2025-10-16 09:21:25,308 - PRINT - Nose gear tires design load is: 11535.6214 pound.
2025-10-16 09:21:25,308 - PRINT - Selected nose gear tire type is: APS01203.
2025-10-16 09:21:25,308 - PRINT - ----- Main gear results of current loop -----
2025-10-16 09:21:25,308 - PRINT - Outer main gear x-position is: 17.4094 meter behind reference point.
2025-10-16 09:21:25,308 - PRINT - Outer main gear strut y-position is: 4.3332 meter from reference center line.
2025-10-16 09:21:25,308 - PRINT - Outer main gear strut z-position is: -0.8668 meter below reference center line.
2025-10-16 09:21:25,308 - PRINT - Number of outer main gear struts is: 2.
2025-10-16 09:21:25,308 - PRINT - Outer main gear strut length is: 2.7362 meter.
2025-10-16 09:21:25,308 - PRINT - Number of main gear axis per outer strut is: 1.
2025-10-16 09:21:25,308 - PRINT - Number of main gear tires per outer strut is: 2.
2025-10-16 09:21:25,308 - PRINT - Main gear tires design load is: 40860.38 pound.
2025-10-16 09:21:25,309 - PRINT - Selected main gear tire type is: APS01347-A.

2025-10-16 09:21:25,309 - PRINT - Current run of landing gear iteration is: 4
2025-10-16 09:21:25,309 - WARNING - Attention: At least one nacelle mounted to the wing falls below the minimum required nacelle ground clearance.
2025-10-16 09:21:25,309 - PRINT - Repositioning and resizing of landing gear struts started!
2025-10-16 09:21:25,309 - PRINT - Repositioning and resizing of landing gear struts successfully finished!
2025-10-16 09:21:25,309 - PRINT - The resulting wing tip angle conforms the specified clearance angle of: 8.0 degrees!
2025-10-16 09:21:25,309 - PRINT - Total mass of landing gear is: 2858.1662kg!
2025-10-16 09:21:25,309 - PRINT - ----- Nose gear results of current loop -----
2025-10-16 09:21:25,309 - PRINT - Nose gear x-position is: 6.85 meter behind reference point.
2025-10-16 09:21:25,309 - PRINT - Nose gear y-position is: 0.0 meter from reference center line.
2025-10-16 09:21:25,309 - PRINT - Nose gear z-position is: -1.6572 meter below reference center line.
2025-10-16 09:21:25,310 - PRINT - Number of nose gear struts is: 1.
2025-10-16 09:21:25,310 - PRINT - Nose gear strut length is: 1.9458 meter.
2025-10-16 09:21:25,310 - PRINT - Number of nose gear axis per strut is: 1.
2025-10-16 09:21:25,310 - PRINT - Number of nose gear tires per strut is: 2.
2025-10-16 09:21:25,310 - PRINT - Nose gear tires design load is: 11535.6214 pound.
2025-10-16 09:21:25,310 - PRINT - Selected nose gear tire type is: APS01203.
2025-10-16 09:21:25,310 - PRINT - ----- Main gear results of current loop -----
2025-10-16 09:21:25,310 - PRINT - Outer main gear x-position is: 17.4035 meter behind reference point.
2025-10-16 09:21:25,310 - PRINT - Outer main gear strut y-position is: 4.3332 meter from reference center line.
2025-10-16 09:21:25,310 - PRINT - Outer main gear strut z-position is: -0.8668 meter below reference center line.
2025-10-16 09:21:25,310 - PRINT - Number of outer main gear struts is: 2.
2025-10-16 09:21:25,310 - PRINT - Outer main gear strut length is: 2.7362 meter.
2025-10-16 09:21:25,310 - PRINT - Number of main gear axis per outer strut is: 1.
2025-10-16 09:21:25,310 - PRINT - Number of main gear tires per outer strut is: 2.
2025-10-16 09:21:25,310 - PRINT - Main gear tires design load is: 40860.38 pound.
2025-10-16 09:21:25,310 - PRINT - Selected main gear tire type is: APS01347-A.

2025-10-16 09:21:25,310 - PRINT - Landing gear design successful after 4 iterations!
2025-10-16 09:21:25,340 - PRINT - ACN for CBR =  3 (ultra-low) is: 50.2
2025-10-16 09:21:25,340 - PRINT - ACN for CBR =  6 (low) is:       44.4
2025-10-16 09:21:25,340 - PRINT - ACN for CBR = 10 (medium) is:    40.4
2025-10-16 09:21:25,341 - PRINT - ACN for CBR = 15 (high) is:      38.7
2025-10-16 09:21:26,128 - WARNING - Warning: "plot_output" switch in module configuration file set to "False". No plots generated.
2025-10-16 09:21:26,128 - WARNING - Warning: "html_output" switch in module configuration file set to "False". No HTML report generated.
2025-10-16 09:21:26,130 - PRINT - Method-specific data are written to 'landing_gear_design_results.xml'...
2025-10-16 09:21:26,132 - WARNING - Warning: "tex_output" switch in module configuration file set to "False". No TeX report file generated.
2025-10-16 09:21:26,132 - PRINT - Landing gear design finished.
2025-10-16 09:21:57,355 - PRINT - Landing gear design started...
2025-10-16 09:21:57,404 - PRINT - Current run of landing gear iteration is: 1
2025-10-16 09:21:57,407 - WARNING - Attention: At least one nacelle mounted to the wing falls below the minimum required nacelle ground clearance.
2025-10-16 09:21:57,407 - PRINT - Repositioning and resizing of landing gear struts started!
2025-10-16 09:21:57,407 - PRINT - Repositioning and resizing of landing gear struts successfully finished!
2025-10-16 09:21:57,407 - PRINT - The resulting wing tip angle conforms the specified clearance angle of: 8.0 degrees!
2025-10-16 09:21:57,407 - PRINT - Total mass of landing gear is: 2941.0278kg!
2025-10-16 09:21:57,407 - PRINT - ----- Nose gear results of current loop -----
2025-10-16 09:21:57,407 - PRINT - Nose gear x-position is: 6.85 meter behind reference point.
2025-10-16 09:21:57,407 - PRINT - Nose gear y-position is: 0.0 meter from reference center line.
2025-10-16 09:21:57,407 - PRINT - Nose gear z-position is: -1.6572 meter below reference center line.
2025-10-16 09:21:57,407 - PRINT - Number of nose gear struts is: 1.
2025-10-16 09:21:57,407 - PRINT - Nose gear strut length is: 1.9828 meter.
2025-10-16 09:21:57,407 - PRINT - Number of nose gear axis per strut is: 1.
2025-10-16 09:21:57,407 - PRINT - Number of nose gear tires per strut is: 2.
2025-10-16 09:21:57,407 - PRINT - Nose gear tires design load is: 12786.9866 pound.
2025-10-16 09:21:57,407 - PRINT - Selected nose gear tire type is: APS01203.
2025-10-16 09:21:57,407 - PRINT - ----- Main gear results of current loop -----
2025-10-16 09:21:57,407 - PRINT - Outer main gear x-position is: 17.6295 meter behind reference point.
2025-10-16 09:21:57,407 - PRINT - Outer main gear strut y-position is: 4.373 meter from reference center line.
2025-10-16 09:21:57,408 - PRINT - Outer main gear strut z-position is: -0.8641 meter below reference center line.
2025-10-16 09:21:57,408 - PRINT - Number of outer main gear struts is: 2.
2025-10-16 09:21:57,408 - PRINT - Outer main gear strut length is: 2.7759 meter.
2025-10-16 09:21:57,408 - PRINT - Number of main gear axis per outer strut is: 1.
2025-10-16 09:21:57,408 - PRINT - Number of main gear tires per outer strut is: 2.
2025-10-16 09:21:57,408 - PRINT - Main gear tires design load is: 41595.331 pound.
2025-10-16 09:21:57,408 - PRINT - Selected main gear tire type is: APS01347-A.

2025-10-16 09:21:57,408 - PRINT - Current run of landing gear iteration is: 2
2025-10-16 09:21:57,408 - WARNING - Attention: At least one nacelle mounted to the wing falls below the minimum required nacelle ground clearance.
2025-10-16 09:21:57,408 - PRINT - Repositioning and resizing of landing gear struts started!
2025-10-16 09:21:57,408 - PRINT - Repositioning and resizing of landing gear struts successfully finished!
2025-10-16 09:21:57,408 - PRINT - The resulting wing tip angle conforms the specified clearance angle of: 8.0 degrees!
2025-10-16 09:21:57,408 - PRINT - Total mass of landing gear is: 2941.0278kg!
2025-10-16 09:21:57,409 - PRINT - ----- Nose gear results of current loop -----
2025-10-16 09:21:57,409 - PRINT - Nose gear x-position is: 6.85 meter behind reference point.
2025-10-16 09:21:57,409 - PRINT - Nose gear y-position is: 0.0 meter from reference center line.
2025-10-16 09:21:57,409 - PRINT - Nose gear z-position is: -1.6572 meter below reference center line.
2025-10-16 09:21:57,409 - PRINT - Number of nose gear struts is: 1.
2025-10-16 09:21:57,409 - PRINT - Nose gear strut length is: 1.9828 meter.
2025-10-16 09:21:57,409 - PRINT - Number of nose gear axis per strut is: 1.
2025-10-16 09:21:57,409 - PRINT - Number of nose gear tires per strut is: 2.
2025-10-16 09:21:57,409 - PRINT - Nose gear tires design load is: 14277.9576 pound.
2025-10-16 09:21:57,409 - PRINT - Selected nose gear tire type is: APS01203.
2025-10-16 09:21:57,409 - PRINT - ----- Main gear results of current loop -----
2025-10-16 09:21:57,409 - PRINT - Outer main gear x-position is: 17.2126 meter behind reference point.
2025-10-16 09:21:57,409 - PRINT - Outer main gear strut y-position is: 4.373 meter from reference center line.
2025-10-16 09:21:57,409 - PRINT - Outer main gear strut z-position is: -0.8641 meter below reference center line.
2025-10-16 09:21:57,409 - PRINT - Number of outer main gear struts is: 2.
2025-10-16 09:21:57,409 - PRINT - Outer main gear strut length is: 2.7759 meter.
2025-10-16 09:21:57,409 - PRINT - Number of main gear axis per outer strut is: 1.
2025-10-16 09:21:57,409 - PRINT - Number of main gear tires per outer strut is: 2.
2025-10-16 09:21:57,409 - PRINT - Main gear tires design load is: 40723.254 pound.
2025-10-16 09:21:57,409 - PRINT - Selected main gear tire type is: APS01347-A.

2025-10-16 09:21:57,409 - PRINT - Current run of landing gear iteration is: 3
2025-10-16 09:21:57,410 - WARNING - Attention: At least one nacelle mounted to the wing falls below the minimum required nacelle ground clearance.
2025-10-16 09:21:57,410 - PRINT - Repositioning and resizing of landing gear struts started!
2025-10-16 09:21:57,410 - PRINT - Repositioning and resizing of landing gear struts successfully finished!
2025-10-16 09:21:57,410 - PRINT - The resulting wing tip angle conforms the specified clearance angle of: 8.0 degrees!
2025-10-16 09:21:57,410 - PRINT - Total mass of landing gear is: 2941.0278kg!
2025-10-16 09:21:57,410 - PRINT - ----- Nose gear results of current loop -----
2025-10-16 09:21:57,410 - PRINT - Nose gear x-position is: 6.9 meter behind reference point.
2025-10-16 09:21:57,410 - PRINT - Nose gear y-position is: 0.0 meter from reference center line.
2025-10-16 09:21:57,410 - PRINT - Nose gear z-position is: -1.6572 meter below reference center line.
2025-10-16 09:21:57,410 - PRINT - Number of nose gear struts is: 1.
2025-10-16 09:21:57,410 - PRINT - Nose gear strut length is: 1.9828 meter.
2025-10-16 09:21:57,410 - PRINT - Number of nose gear axis per strut is: 1.
2025-10-16 09:21:57,410 - PRINT - Number of nose gear tires per strut is: 2.
2025-10-16 09:21:57,410 - PRINT - Nose gear tires design load is: 12213.1125 pound.
2025-10-16 09:21:57,410 - PRINT - Selected nose gear tire type is: APS01203.
2025-10-16 09:21:57,410 - PRINT - ----- Main gear results of current loop -----
2025-10-16 09:21:57,410 - PRINT - Outer main gear x-position is: 17.3105 meter behind reference point.
2025-10-16 09:21:57,410 - PRINT - Outer main gear strut y-position is: 4.373 meter from reference center line.
2025-10-16 09:21:57,410 - PRINT - Outer main gear strut z-position is: -0.8641 meter below reference center line.
2025-10-16 09:21:57,410 - PRINT - Number of outer main gear struts is: 2.
2025-10-16 09:21:57,410 - PRINT - Outer main gear strut length is: 2.7759 meter.
2025-10-16 09:21:57,410 - PRINT - Number of main gear axis per outer strut is: 1.
2025-10-16 09:21:57,410 - PRINT - Number of main gear tires per outer strut is: 2.
2025-10-16 09:21:57,410 - PRINT - Main gear tires design load is: 41951.102 pound.
2025-10-16 09:21:57,410 - PRINT - Selected main gear tire type is: APS00524-E.

2025-10-16 09:21:57,410 - PRINT - Current run of landing gear iteration is: 4
2025-10-16 09:21:57,411 - WARNING - Attention: At least one nacelle mounted to the wing falls below the minimum required nacelle ground clearance.
2025-10-16 09:21:57,411 - PRINT - Repositioning and resizing of landing gear struts started!
2025-10-16 09:21:57,411 - PRINT - Repositioning and resizing of landing gear struts successfully finished!
2025-10-16 09:21:57,411 - PRINT - The resulting wing tip angle conforms the specified clearance angle of: 8.0 degrees!
2025-10-16 09:21:57,411 - PRINT - Total mass of landing gear is: 2941.0278kg!
2025-10-16 09:21:57,411 - PRINT - ----- Nose gear results of current loop -----
2025-10-16 09:21:57,411 - PRINT - Nose gear x-position is: 6.9 meter behind reference point.
2025-10-16 09:21:57,411 - PRINT - Nose gear y-position is: 0.0 meter from reference center line.
2025-10-16 09:21:57,411 - PRINT - Nose gear z-position is: -1.6572 meter below reference center line.
2025-10-16 09:21:57,411 - PRINT - Number of nose gear struts is: 1.
2025-10-16 09:21:57,411 - PRINT - Nose gear strut length is: 1.9828 meter.
2025-10-16 09:21:57,411 - PRINT - Number of nose gear axis per strut is: 1.
2025-10-16 09:21:57,411 - PRINT - Number of nose gear tires per strut is: 2.
2025-10-16 09:21:57,411 - PRINT - Nose gear tires design load is: 12213.1125 pound.
2025-10-16 09:21:57,411 - PRINT - Selected nose gear tire type is: APS01203.
2025-10-16 09:21:57,411 - PRINT - ----- Main gear results of current loop -----
2025-10-16 09:21:57,411 - PRINT - Outer main gear x-position is: 17.3045 meter behind reference point.
2025-10-16 09:21:57,411 - PRINT - Outer main gear strut y-position is: 4.373 meter from reference center line.
2025-10-16 09:21:57,411 - PRINT - Outer main gear strut z-position is: -0.8641 meter below reference center line.
2025-10-16 09:21:57,411 - PRINT - Number of outer main gear struts is: 2.
2025-10-16 09:21:57,411 - PRINT - Outer main gear strut length is: 2.7759 meter.
2025-10-16 09:21:57,411 - PRINT - Number of main gear axis per outer strut is: 1.
2025-10-16 09:21:57,411 - PRINT - Number of main gear tires per outer strut is: 2.
2025-10-16 09:21:57,411 - PRINT - Main gear tires design load is: 41951.102 pound.
2025-10-16 09:21:57,411 - PRINT - Selected main gear tire type is: APS00524-E.

2025-10-16 09:21:57,411 - PRINT - Landing gear design successful after 4 iterations!
2025-10-16 09:21:57,440 - PRINT - ACN for CBR =  3 (ultra-low) is: 51.8
2025-10-16 09:21:57,440 - PRINT - ACN for CBR =  6 (low) is:       46.0
2025-10-16 09:21:57,440 - PRINT - ACN for CBR = 10 (medium) is:    42.1
2025-10-16 09:21:57,440 - PRINT - ACN for CBR = 15 (high) is:      40.3
2025-10-16 09:21:58,181 - WARNING - Warning: "plot_output" switch in module configuration file set to "False". No plots generated.
2025-10-16 09:21:58,182 - WARNING - Warning: "html_output" switch in module configuration file set to "False". No HTML report generated.
2025-10-16 09:21:58,183 - PRINT - Method-specific data are written to 'landing_gear_design_results.xml'...
2025-10-16 09:21:58,185 - WARNING - Warning: "tex_output" switch in module configuration file set to "False". No TeX report file generated.
2025-10-16 09:21:58,185 - PRINT - Landing gear design finished.
2025-10-16 09:22:40,530 - PRINT - Landing gear design started...
2025-10-16 09:22:40,627 - PRINT - Current run of landing gear iteration is: 1
2025-10-16 09:22:40,632 - WARNING - Attention: At least one nacelle mounted to the wing falls below the minimum required nacelle ground clearance.
2025-10-16 09:22:40,632 - PRINT - Repositioning and resizing of landing gear struts started!
2025-10-16 09:22:40,632 - PRINT - Repositioning and resizing of landing gear struts successfully finished!
2025-10-16 09:22:40,632 - PRINT - The resulting wing tip angle conforms the specified clearance angle of: 8.0 degrees!
2025-10-16 09:22:40,632 - PRINT - Total mass of landing gear is: 2977.3975kg!
2025-10-16 09:22:40,632 - PRINT - ----- Nose gear results of current loop -----
2025-10-16 09:22:40,632 - PRINT - Nose gear x-position is: 6.9 meter behind reference point.
2025-10-16 09:22:40,633 - PRINT - Nose gear y-position is: 0.0 meter from reference center line.
2025-10-16 09:22:40,633 - PRINT - Nose gear z-position is: -1.6572 meter below reference center line.
2025-10-16 09:22:40,633 - PRINT - Number of nose gear struts is: 1.
2025-10-16 09:22:40,633 - PRINT - Nose gear strut length is: 1.9989 meter.
2025-10-16 09:22:40,633 - PRINT - Number of nose gear axis per strut is: 1.
2025-10-16 09:22:40,633 - PRINT - Number of nose gear tires per strut is: 2.
2025-10-16 09:22:40,633 - PRINT - Nose gear tires design load is: 12908.3988 pound.
2025-10-16 09:22:40,633 - PRINT - Selected nose gear tire type is: APS01203.
2025-10-16 09:22:40,633 - PRINT - ----- Main gear results of current loop -----
2025-10-16 09:22:40,633 - PRINT - Outer main gear x-position is: 17.5627 meter behind reference point.
2025-10-16 09:22:40,633 - PRINT - Outer main gear strut y-position is: 4.3903 meter from reference center line.
2025-10-16 09:22:40,634 - PRINT - Outer main gear strut z-position is: -0.8629 meter below reference center line.
2025-10-16 09:22:40,634 - PRINT - Number of outer main gear struts is: 2.
2025-10-16 09:22:40,634 - PRINT - Outer main gear strut length is: 2.7932 meter.
2025-10-16 09:22:40,634 - PRINT - Number of main gear axis per outer strut is: 1.
2025-10-16 09:22:40,634 - PRINT - Number of main gear tires per outer strut is: 2.
2025-10-16 09:22:40,634 - PRINT - Main gear tires design load is: 42197.13 pound.
2025-10-16 09:22:40,634 - PRINT - Selected main gear tire type is: APS00524-E.

2025-10-16 09:22:40,634 - PRINT - Current run of landing gear iteration is: 2
2025-10-16 09:22:40,635 - WARNING - Attention: At least one nacelle mounted to the wing falls below the minimum required nacelle ground clearance.
2025-10-16 09:22:40,635 - PRINT - Repositioning and resizing of landing gear struts started!
2025-10-16 09:22:40,635 - PRINT - Repositioning and resizing of landing gear struts successfully finished!
2025-10-16 09:22:40,635 - PRINT - The resulting wing tip angle conforms the specified clearance angle of: 8.0 degrees!
2025-10-16 09:22:40,636 - PRINT - Total mass of landing gear is: 2977.3975kg!
2025-10-16 09:22:40,636 - PRINT - ----- Nose gear results of current loop -----
2025-10-16 09:22:40,636 - PRINT - Nose gear x-position is: 6.9 meter behind reference point.
2025-10-16 09:22:40,636 - PRINT - Nose gear y-position is: 0.0 meter from reference center line.
2025-10-16 09:22:40,636 - PRINT - Nose gear z-position is: -1.6572 meter below reference center line.
2025-10-16 09:22:40,636 - PRINT - Number of nose gear struts is: 1.
2025-10-16 09:22:40,636 - PRINT - Nose gear strut length is: 1.9989 meter.
2025-10-16 09:22:40,636 - PRINT - Number of nose gear axis per strut is: 1.
2025-10-16 09:22:40,636 - PRINT - Number of nose gear tires per strut is: 2.
2025-10-16 09:22:40,636 - PRINT - Nose gear tires design load is: 14652.3764 pound.
2025-10-16 09:22:40,636 - PRINT - Selected nose gear tire type is: APS00453-C.
2025-10-16 09:22:40,636 - PRINT - ----- Main gear results of current loop -----
2025-10-16 09:22:40,636 - PRINT - Outer main gear x-position is: 17.1508 meter behind reference point.
2025-10-16 09:22:40,636 - PRINT - Outer main gear strut y-position is: 4.3903 meter from reference center line.
2025-10-16 09:22:40,636 - PRINT - Outer main gear strut z-position is: -0.8629 meter below reference center line.
2025-10-16 09:22:40,637 - PRINT - Number of outer main gear struts is: 2.
2025-10-16 09:22:40,637 - PRINT - Outer main gear strut length is: 2.7932 meter.
2025-10-16 09:22:40,637 - PRINT - Number of main gear axis per outer strut is: 1.
2025-10-16 09:22:40,637 - PRINT - Number of main gear tires per outer strut is: 2.
2025-10-16 09:22:40,637 - PRINT - Main gear tires design load is: 41175.316 pound.
2025-10-16 09:22:40,637 - PRINT - Selected main gear tire type is: APS01347-A.

2025-10-16 09:22:40,637 - PRINT - Current run of landing gear iteration is: 3
2025-10-16 09:22:40,638 - WARNING - Attention: At least one nacelle mounted to the wing falls below the minimum required nacelle ground clearance.
2025-10-16 09:22:40,638 - PRINT - Repositioning and resizing of landing gear struts started!
2025-10-16 09:22:40,638 - PRINT - Repositioning and resizing of landing gear struts successfully finished!
2025-10-16 09:22:40,639 - PRINT - The resulting wing tip angle conforms the specified clearance angle of: 8.0 degrees!
2025-10-16 09:22:40,639 - PRINT - Total mass of landing gear is: 2977.3975kg!
2025-10-16 09:22:40,639 - PRINT - ----- Nose gear results of current loop -----
2025-10-16 09:22:40,639 - PRINT - Nose gear x-position is: 6.95 meter behind reference point.
2025-10-16 09:22:40,639 - PRINT - Nose gear y-position is: 0.0 meter from reference center line.
2025-10-16 09:22:40,639 - PRINT - Nose gear z-position is: -1.6572 meter below reference center line.
2025-10-16 09:22:40,639 - PRINT - Number of nose gear struts is: 1.
2025-10-16 09:22:40,639 - PRINT - Nose gear strut length is: 1.9989 meter.
2025-10-16 09:22:40,639 - PRINT - Number of nose gear axis per strut is: 1.
2025-10-16 09:22:40,639 - PRINT - Number of nose gear tires per strut is: 2.
2025-10-16 09:22:40,639 - PRINT - Nose gear tires design load is: 12583.664 pound.
2025-10-16 09:22:40,639 - PRINT - Selected nose gear tire type is: APS01203.
2025-10-16 09:22:40,639 - PRINT - ----- Main gear results of current loop -----
2025-10-16 09:22:40,640 - PRINT - Outer main gear x-position is: 17.2491 meter behind reference point.
2025-10-16 09:22:40,640 - PRINT - Outer main gear strut y-position is: 4.3903 meter from reference center line.
2025-10-16 09:22:40,640 - PRINT - Outer main gear strut z-position is: -0.8629 meter below reference center line.
2025-10-16 09:22:40,640 - PRINT - Number of outer main gear struts is: 2.
2025-10-16 09:22:40,640 - PRINT - Outer main gear strut length is: 2.7932 meter.
2025-10-16 09:22:40,640 - PRINT - Number of main gear axis per outer strut is: 1.
2025-10-16 09:22:40,640 - PRINT - Number of main gear tires per outer strut is: 2.
2025-10-16 09:22:40,640 - PRINT - Main gear tires design load is: 42408.387 pound.
2025-10-16 09:22:40,640 - PRINT - Selected main gear tire type is: APS00524-E.

2025-10-16 09:22:40,640 - PRINT - Current run of landing gear iteration is: 4
2025-10-16 09:22:40,641 - WARNING - Attention: At least one nacelle mounted to the wing falls below the minimum required nacelle ground clearance.
2025-10-16 09:22:40,641 - PRINT - Repositioning and resizing of landing gear struts started!
2025-10-16 09:22:40,642 - PRINT - Repositioning and resizing of landing gear struts successfully finished!
2025-10-16 09:22:40,642 - PRINT - The resulting wing tip angle conforms the specified clearance angle of: 8.0 degrees!
2025-10-16 09:22:40,642 - PRINT - Total mass of landing gear is: 2977.3975kg!
2025-10-16 09:22:40,642 - PRINT - ----- Nose gear results of current loop -----
2025-10-16 09:22:40,642 - PRINT - Nose gear x-position is: 6.95 meter behind reference point.
2025-10-16 09:22:40,643 - PRINT - Nose gear y-position is: 0.0 meter from reference center line.
2025-10-16 09:22:40,643 - PRINT - Nose gear z-position is: -1.6572 meter below reference center line.
2025-10-16 09:22:40,643 - PRINT - Number of nose gear struts is: 1.
2025-10-16 09:22:40,643 - PRINT - Nose gear strut length is: 1.9989 meter.
2025-10-16 09:22:40,643 - PRINT - Number of nose gear axis per strut is: 1.
2025-10-16 09:22:40,643 - PRINT - Number of nose gear tires per strut is: 2.
2025-10-16 09:22:40,644 - PRINT - Nose gear tires design load is: 12583.664 pound.
2025-10-16 09:22:40,644 - PRINT - Selected nose gear tire type is: APS01203.
2025-10-16 09:22:40,644 - PRINT - ----- Main gear results of current loop -----
2025-10-16 09:22:40,644 - PRINT - Outer main gear x-position is: 17.2431 meter behind reference point.
2025-10-16 09:22:40,644 - PRINT - Outer main gear strut y-position is: 4.3903 meter from reference center line.
2025-10-16 09:22:40,644 - PRINT - Outer main gear strut z-position is: -0.8629 meter below reference center line.
2025-10-16 09:22:40,644 - PRINT - Number of outer main gear struts is: 2.
2025-10-16 09:22:40,644 - PRINT - Outer main gear strut length is: 2.7932 meter.
2025-10-16 09:22:40,644 - PRINT - Number of main gear axis per outer strut is: 1.
2025-10-16 09:22:40,644 - PRINT - Number of main gear tires per outer strut is: 2.
2025-10-16 09:22:40,644 - PRINT - Main gear tires design load is: 42408.387 pound.
2025-10-16 09:22:40,644 - PRINT - Selected main gear tire type is: APS00524-E.

2025-10-16 09:22:40,645 - PRINT - Landing gear design successful after 4 iterations!
2025-10-16 09:22:40,715 - PRINT - ACN for CBR =  3 (ultra-low) is: 52.5
2025-10-16 09:22:40,715 - PRINT - ACN for CBR =  6 (low) is:       46.6
2025-10-16 09:22:40,715 - PRINT - ACN for CBR = 10 (medium) is:    42.6
2025-10-16 09:22:40,715 - PRINT - ACN for CBR = 15 (high) is:      40.9
2025-10-16 09:22:42,461 - WARNING - Warning: "plot_output" switch in module configuration file set to "False". No plots generated.
2025-10-16 09:22:42,461 - WARNING - Warning: "html_output" switch in module configuration file set to "False". No HTML report generated.
2025-10-16 09:22:42,462 - PRINT - Method-specific data are written to 'landing_gear_design_results.xml'...
2025-10-16 09:22:42,464 - WARNING - Warning: "tex_output" switch in module configuration file set to "False". No TeX report file generated.
2025-10-16 09:22:42,465 - PRINT - Landing gear design finished.
2025-10-16 09:23:50,674 - PRINT - Landing gear design started...
2025-10-16 09:23:50,767 - PRINT - Current run of landing gear iteration is: 1
2025-10-16 09:23:50,775 - WARNING - Attention: At least one nacelle mounted to the wing falls below the minimum required nacelle ground clearance.
2025-10-16 09:23:50,775 - PRINT - Repositioning and resizing of landing gear struts started!
2025-10-16 09:23:50,775 - PRINT - Repositioning and resizing of landing gear struts successfully finished!
2025-10-16 09:23:50,775 - PRINT - The resulting wing tip angle conforms the specified clearance angle of: 8.0 degrees!
2025-10-16 09:23:50,775 - PRINT - Total mass of landing gear is: 2993.3108kg!
2025-10-16 09:23:50,775 - PRINT - ----- Nose gear results of current loop -----
2025-10-16 09:23:50,776 - PRINT - Nose gear x-position is: 6.95 meter behind reference point.
2025-10-16 09:23:50,776 - PRINT - Nose gear y-position is: 0.0 meter from reference center line.
2025-10-16 09:23:50,776 - PRINT - Nose gear z-position is: -1.6572 meter below reference center line.
2025-10-16 09:23:50,776 - PRINT - Number of nose gear struts is: 1.
2025-10-16 09:23:50,776 - PRINT - Nose gear strut length is: 2.0058 meter.
2025-10-16 09:23:50,776 - PRINT - Number of nose gear axis per strut is: 1.
2025-10-16 09:23:50,776 - PRINT - Number of nose gear tires per strut is: 2.
2025-10-16 09:23:50,776 - PRINT - Nose gear tires design load is: 12946.1957 pound.
2025-10-16 09:23:50,776 - PRINT - Selected nose gear tire type is: APS01203.
2025-10-16 09:23:50,776 - PRINT - ----- Main gear results of current loop -----
2025-10-16 09:23:50,777 - PRINT - Outer main gear x-position is: 17.5241 meter behind reference point.
2025-10-16 09:23:50,777 - PRINT - Outer main gear strut y-position is: 4.3978 meter from reference center line.
2025-10-16 09:23:50,777 - PRINT - Outer main gear strut z-position is: -0.8623 meter below reference center line.
2025-10-16 09:23:50,777 - PRINT - Number of outer main gear struts is: 2.
2025-10-16 09:23:50,777 - PRINT - Outer main gear strut length is: 2.8007 meter.
2025-10-16 09:23:50,777 - PRINT - Number of main gear axis per outer strut is: 1.
2025-10-16 09:23:50,777 - PRINT - Number of main gear tires per outer strut is: 2.
2025-10-16 09:23:50,777 - PRINT - Main gear tires design load is: 42486.079 pound.
2025-10-16 09:23:50,777 - PRINT - Selected main gear tire type is: APS00524-E.

2025-10-16 09:23:50,777 - PRINT - Current run of landing gear iteration is: 2
2025-10-16 09:23:50,779 - WARNING - Attention: At least one nacelle mounted to the wing falls below the minimum required nacelle ground clearance.
2025-10-16 09:23:50,779 - PRINT - Repositioning and resizing of landing gear struts started!
2025-10-16 09:23:50,779 - PRINT - Repositioning and resizing of landing gear struts successfully finished!
2025-10-16 09:23:50,779 - PRINT - The resulting wing tip angle conforms the specified clearance angle of: 8.0 degrees!
2025-10-16 09:23:50,780 - PRINT - Total mass of landing gear is: 2993.3108kg!
2025-10-16 09:23:50,780 - PRINT - ----- Nose gear results of current loop -----
2025-10-16 09:23:50,780 - PRINT - Nose gear x-position is: 6.95 meter behind reference point.
2025-10-16 09:23:50,781 - PRINT - Nose gear y-position is: 0.0 meter from reference center line.
2025-10-16 09:23:50,781 - PRINT - Nose gear z-position is: -1.6572 meter below reference center line.
2025-10-16 09:23:50,781 - PRINT - Number of nose gear struts is: 1.
2025-10-16 09:23:50,781 - PRINT - Nose gear strut length is: 2.0058 meter.
2025-10-16 09:23:50,781 - PRINT - Number of nose gear axis per strut is: 1.
2025-10-16 09:23:50,782 - PRINT - Number of nose gear tires per strut is: 2.
2025-10-16 09:23:50,782 - PRINT - Nose gear tires design load is: 14870.9995 pound.
2025-10-16 09:23:50,782 - PRINT - Selected nose gear tire type is: APS00453-C.
2025-10-16 09:23:50,782 - PRINT - ----- Main gear results of current loop -----
2025-10-16 09:23:50,782 - PRINT - Outer main gear x-position is: 17.1149 meter behind reference point.
2025-10-16 09:23:50,782 - PRINT - Outer main gear strut y-position is: 4.3978 meter from reference center line.
2025-10-16 09:23:50,782 - PRINT - Outer main gear strut z-position is: -0.8623 meter below reference center line.
2025-10-16 09:23:50,782 - PRINT - Number of outer main gear struts is: 2.
2025-10-16 09:23:50,782 - PRINT - Outer main gear strut length is: 2.8007 meter.
2025-10-16 09:23:50,782 - PRINT - Number of main gear axis per outer strut is: 1.
2025-10-16 09:23:50,783 - PRINT - Number of main gear tires per outer strut is: 2.
2025-10-16 09:23:50,783 - PRINT - Main gear tires design load is: 41357.039 pound.
2025-10-16 09:23:50,783 - PRINT - Selected main gear tire type is: APS01347-A.

2025-10-16 09:23:50,783 - PRINT - Current run of landing gear iteration is: 3
2025-10-16 09:23:50,784 - WARNING - Attention: At least one nacelle mounted to the wing falls below the minimum required nacelle ground clearance.
2025-10-16 09:23:50,784 - PRINT - Repositioning and resizing of landing gear struts started!
2025-10-16 09:23:50,784 - PRINT - Repositioning and resizing of landing gear struts successfully finished!
2025-10-16 09:23:50,785 - PRINT - The resulting wing tip angle conforms the specified clearance angle of: 8.0 degrees!
2025-10-16 09:23:50,785 - PRINT - Total mass of landing gear is: 2993.3108kg!
2025-10-16 09:23:50,785 - PRINT - ----- Nose gear results of current loop -----
2025-10-16 09:23:50,785 - PRINT - Nose gear x-position is: 7.0 meter behind reference point.
2025-10-16 09:23:50,785 - PRINT - Nose gear y-position is: 0.0 meter from reference center line.
2025-10-16 09:23:50,785 - PRINT - Nose gear z-position is: -1.6572 meter below reference center line.
2025-10-16 09:23:50,785 - PRINT - Number of nose gear struts is: 1.
2025-10-16 09:23:50,785 - PRINT - Nose gear strut length is: 2.0058 meter.
2025-10-16 09:23:50,785 - PRINT - Number of nose gear axis per strut is: 1.
2025-10-16 09:23:50,785 - PRINT - Number of nose gear tires per strut is: 2.
2025-10-16 09:23:50,786 - PRINT - Nose gear tires design load is: 12798.2387 pound.
2025-10-16 09:23:50,786 - PRINT - Selected nose gear tire type is: APS01203.
2025-10-16 09:23:50,786 - PRINT - ----- Main gear results of current loop -----
2025-10-16 09:23:50,786 - PRINT - Outer main gear x-position is: 17.2133 meter behind reference point.
2025-10-16 09:23:50,786 - PRINT - Outer main gear strut y-position is: 4.3978 meter from reference center line.
2025-10-16 09:23:50,786 - PRINT - Outer main gear strut z-position is: -0.8623 meter below reference center line.
2025-10-16 09:23:50,786 - PRINT - Number of outer main gear struts is: 2.
2025-10-16 09:23:50,786 - PRINT - Outer main gear strut length is: 2.8007 meter.
2025-10-16 09:23:50,786 - PRINT - Number of main gear axis per outer strut is: 1.
2025-10-16 09:23:50,786 - PRINT - Number of main gear tires per outer strut is: 2.
2025-10-16 09:23:50,786 - PRINT - Main gear tires design load is: 42594.424 pound.
2025-10-16 09:23:50,786 - PRINT - Selected main gear tire type is: APS00524-E.

2025-10-16 09:23:50,787 - PRINT - Current run of landing gear iteration is: 4
2025-10-16 09:23:50,788 - WARNING - Attention: At least one nacelle mounted to the wing falls below the minimum required nacelle ground clearance.
2025-10-16 09:23:50,788 - PRINT - Repositioning and resizing of landing gear struts started!
2025-10-16 09:23:50,788 - PRINT - Repositioning and resizing of landing gear struts successfully finished!
2025-10-16 09:23:50,788 - PRINT - The resulting wing tip angle conforms the specified clearance angle of: 8.0 degrees!
2025-10-16 09:23:50,788 - PRINT - Total mass of landing gear is: 2993.3108kg!
2025-10-16 09:23:50,788 - PRINT - ----- Nose gear results of current loop -----
2025-10-16 09:23:50,788 - PRINT - Nose gear x-position is: 7.0 meter behind reference point.
2025-10-16 09:23:50,789 - PRINT - Nose gear y-position is: 0.0 meter from reference center line.
2025-10-16 09:23:50,789 - PRINT - Nose gear z-position is: -1.6572 meter below reference center line.
2025-10-16 09:23:50,789 - PRINT - Number of nose gear struts is: 1.
2025-10-16 09:23:50,789 - PRINT - Nose gear strut length is: 2.0058 meter.
2025-10-16 09:23:50,789 - PRINT - Number of nose gear axis per strut is: 1.
2025-10-16 09:23:50,789 - PRINT - Number of nose gear tires per strut is: 2.
2025-10-16 09:23:50,789 - PRINT - Nose gear tires design load is: 12798.2387 pound.
2025-10-16 09:23:50,789 - PRINT - Selected nose gear tire type is: APS01203.
2025-10-16 09:23:50,789 - PRINT - ----- Main gear results of current loop -----
2025-10-16 09:23:50,789 - PRINT - Outer main gear x-position is: 17.2073 meter behind reference point.
2025-10-16 09:23:50,789 - PRINT - Outer main gear strut y-position is: 4.3978 meter from reference center line.
2025-10-16 09:23:50,790 - PRINT - Outer main gear strut z-position is: -0.8623 meter below reference center line.
2025-10-16 09:23:50,790 - PRINT - Number of outer main gear struts is: 2.
2025-10-16 09:23:50,790 - PRINT - Outer main gear strut length is: 2.8007 meter.
2025-10-16 09:23:50,790 - PRINT - Number of main gear axis per outer strut is: 1.
2025-10-16 09:23:50,790 - PRINT - Number of main gear tires per outer strut is: 2.
2025-10-16 09:23:50,790 - PRINT - Main gear tires design load is: 42594.424 pound.
2025-10-16 09:23:50,790 - PRINT - Selected main gear tire type is: APS00524-E.

2025-10-16 09:23:50,790 - PRINT - Landing gear design successful after 4 iterations!
2025-10-16 09:23:50,853 - PRINT - ACN for CBR =  3 (ultra-low) is: 52.7
2025-10-16 09:23:50,854 - PRINT - ACN for CBR =  6 (low) is:       46.9
2025-10-16 09:23:50,854 - PRINT - ACN for CBR = 10 (medium) is:    42.8
2025-10-16 09:23:50,854 - PRINT - ACN for CBR = 15 (high) is:      41.1
2025-10-16 09:23:52,511 - WARNING - Warning: "plot_output" switch in module configuration file set to "False". No plots generated.
2025-10-16 09:23:52,511 - WARNING - Warning: "html_output" switch in module configuration file set to "False". No HTML report generated.
2025-10-16 09:23:52,513 - PRINT - Method-specific data are written to 'landing_gear_design_results.xml'...
2025-10-16 09:23:52,515 - WARNING - Warning: "tex_output" switch in module configuration file set to "False". No TeX report file generated.
2025-10-16 09:23:52,515 - PRINT - Landing gear design finished.
2025-10-16 09:25:02,094 - PRINT - Landing gear design started...
2025-10-16 09:25:02,186 - PRINT - Current run of landing gear iteration is: 1
2025-10-16 09:25:02,191 - WARNING - Attention: At least one nacelle mounted to the wing falls below the minimum required nacelle ground clearance.
2025-10-16 09:25:02,191 - PRINT - Repositioning and resizing of landing gear struts started!
2025-10-16 09:25:02,191 - PRINT - Repositioning and resizing of landing gear struts successfully finished!
2025-10-16 09:25:02,191 - PRINT - The resulting wing tip angle conforms the specified clearance angle of: 8.0 degrees!
2025-10-16 09:25:02,191 - PRINT - Total mass of landing gear is: 3000.2504kg!
2025-10-16 09:25:02,192 - PRINT - ----- Nose gear results of current loop -----
2025-10-16 09:25:02,192 - PRINT - Nose gear x-position is: 7.0 meter behind reference point.
2025-10-16 09:25:02,192 - PRINT - Nose gear y-position is: 0.0 meter from reference center line.
2025-10-16 09:25:02,192 - PRINT - Nose gear z-position is: -1.6572 meter below reference center line.
2025-10-16 09:25:02,192 - PRINT - Number of nose gear struts is: 1.
2025-10-16 09:25:02,192 - PRINT - Nose gear strut length is: 2.0089 meter.
2025-10-16 09:25:02,192 - PRINT - Number of nose gear axis per strut is: 1.
2025-10-16 09:25:02,193 - PRINT - Number of nose gear tires per strut is: 2.
2025-10-16 09:25:02,193 - PRINT - Nose gear tires design load is: 12970.9252 pound.
2025-10-16 09:25:02,193 - PRINT - Selected nose gear tire type is: APS01203.
2025-10-16 09:25:02,193 - PRINT - ----- Main gear results of current loop -----
2025-10-16 09:25:02,193 - PRINT - Outer main gear x-position is: 17.5029 meter behind reference point.
2025-10-16 09:25:02,193 - PRINT - Outer main gear strut y-position is: 4.4011 meter from reference center line.
2025-10-16 09:25:02,193 - PRINT - Outer main gear strut z-position is: -0.8621 meter below reference center line.
2025-10-16 09:25:02,193 - PRINT - Number of outer main gear struts is: 2.
2025-10-16 09:25:02,194 - PRINT - Outer main gear strut length is: 2.804 meter.
2025-10-16 09:25:02,194 - PRINT - Number of main gear axis per outer strut is: 1.
2025-10-16 09:25:02,194 - PRINT - Number of main gear tires per outer strut is: 2.
2025-10-16 09:25:02,194 - PRINT - Main gear tires design load is: 42622.06 pound.
2025-10-16 09:25:02,194 - PRINT - Selected main gear tire type is: APS00524-E.

2025-10-16 09:25:02,194 - PRINT - Current run of landing gear iteration is: 2
2025-10-16 09:25:02,195 - WARNING - Attention: At least one nacelle mounted to the wing falls below the minimum required nacelle ground clearance.
2025-10-16 09:25:02,196 - PRINT - Repositioning and resizing of landing gear struts started!
2025-10-16 09:25:02,196 - PRINT - Repositioning and resizing of landing gear struts successfully finished!
2025-10-16 09:25:02,196 - PRINT - The resulting wing tip angle conforms the specified clearance angle of: 8.0 degrees!
2025-10-16 09:25:02,196 - PRINT - Total mass of landing gear is: 3000.2504kg!
2025-10-16 09:25:02,196 - PRINT - ----- Nose gear results of current loop -----
2025-10-16 09:25:02,196 - PRINT - Nose gear x-position is: 7.0 meter behind reference point.
2025-10-16 09:25:02,196 - PRINT - Nose gear y-position is: 0.0 meter from reference center line.
2025-10-16 09:25:02,196 - PRINT - Nose gear z-position is: -1.6572 meter below reference center line.
2025-10-16 09:25:02,197 - PRINT - Number of nose gear struts is: 1.
2025-10-16 09:25:02,197 - PRINT - Nose gear strut length is: 2.0089 meter.
2025-10-16 09:25:02,197 - PRINT - Number of nose gear axis per strut is: 1.
2025-10-16 09:25:02,197 - PRINT - Number of nose gear tires per strut is: 2.
2025-10-16 09:25:02,197 - PRINT - Nose gear tires design load is: 15014.2745 pound.
2025-10-16 09:25:02,197 - PRINT - Selected nose gear tire type is: APS00453-C.
2025-10-16 09:25:02,197 - PRINT - ----- Main gear results of current loop -----
2025-10-16 09:25:02,197 - PRINT - Outer main gear x-position is: 17.0951 meter behind reference point.
2025-10-16 09:25:02,197 - PRINT - Outer main gear strut y-position is: 4.4011 meter from reference center line.
2025-10-16 09:25:02,197 - PRINT - Outer main gear strut z-position is: -0.8621 meter below reference center line.
2025-10-16 09:25:02,197 - PRINT - Number of outer main gear struts is: 2.
2025-10-16 09:25:02,197 - PRINT - Outer main gear strut length is: 2.804 meter.
2025-10-16 09:25:02,197 - PRINT - Number of main gear axis per outer strut is: 1.
2025-10-16 09:25:02,197 - PRINT - Number of main gear tires per outer strut is: 2.
2025-10-16 09:25:02,198 - PRINT - Main gear tires design load is: 41422.479 pound.
2025-10-16 09:25:02,198 - PRINT - Selected main gear tire type is: APS01347-A.

2025-10-16 09:25:02,198 - PRINT - Current run of landing gear iteration is: 3
2025-10-16 09:25:02,201 - WARNING - Attention: At least one nacelle mounted to the wing falls below the minimum required nacelle ground clearance.
2025-10-16 09:25:02,201 - PRINT - Repositioning and resizing of landing gear struts started!
2025-10-16 09:25:02,202 - PRINT - Repositioning and resizing of landing gear struts successfully finished!
2025-10-16 09:25:02,202 - PRINT - The resulting wing tip angle conforms the specified clearance angle of: 8.0 degrees!
2025-10-16 09:25:02,202 - PRINT - Total mass of landing gear is: 3000.2504kg!
2025-10-16 09:25:02,203 - PRINT - ----- Nose gear results of current loop -----
2025-10-16 09:25:02,203 - PRINT - Nose gear x-position is: 7.05 meter behind reference point.
2025-10-16 09:25:02,203 - PRINT - Nose gear y-position is: 0.0 meter from reference center line.
2025-10-16 09:25:02,204 - PRINT - Nose gear z-position is: -1.6572 meter below reference center line.
2025-10-16 09:25:02,204 - PRINT - Number of nose gear struts is: 1.
2025-10-16 09:25:02,204 - PRINT - Nose gear strut length is: 2.0089 meter.
2025-10-16 09:25:02,204 - PRINT - Number of nose gear axis per strut is: 1.
2025-10-16 09:25:02,205 - PRINT - Number of nose gear tires per strut is: 2.
2025-10-16 09:25:02,205 - PRINT - Nose gear tires design load is: 12936.8054 pound.
2025-10-16 09:25:02,205 - PRINT - Selected nose gear tire type is: APS01203.
2025-10-16 09:25:02,205 - PRINT - ----- Main gear results of current loop -----
2025-10-16 09:25:02,205 - PRINT - Outer main gear x-position is: 17.1936 meter behind reference point.
2025-10-16 09:25:02,206 - PRINT - Outer main gear strut y-position is: 4.4011 meter from reference center line.
2025-10-16 09:25:02,206 - PRINT - Outer main gear strut z-position is: -0.8621 meter below reference center line.
2025-10-16 09:25:02,206 - PRINT - Number of outer main gear struts is: 2.
2025-10-16 09:25:02,206 - PRINT - Outer main gear strut length is: 2.804 meter.
2025-10-16 09:25:02,206 - PRINT - Number of main gear axis per outer strut is: 1.
2025-10-16 09:25:02,207 - PRINT - Number of main gear tires per outer strut is: 2.
2025-10-16 09:25:02,207 - PRINT - Main gear tires design load is: 42664.053 pound.
2025-10-16 09:25:02,207 - PRINT - Selected main gear tire type is: APS00524-E.

2025-10-16 09:25:02,207 - PRINT - Current run of landing gear iteration is: 4
2025-10-16 09:25:02,209 - WARNING - Attention: At least one nacelle mounted to the wing falls below the minimum required nacelle ground clearance.
2025-10-16 09:25:02,209 - PRINT - Repositioning and resizing of landing gear struts started!
2025-10-16 09:25:02,209 - PRINT - Repositioning and resizing of landing gear struts successfully finished!
2025-10-16 09:25:02,209 - PRINT - The resulting wing tip angle conforms the specified clearance angle of: 8.0 degrees!
2025-10-16 09:25:02,209 - PRINT - Total mass of landing gear is: 3000.2504kg!
2025-10-16 09:25:02,209 - PRINT - ----- Nose gear results of current loop -----
2025-10-16 09:25:02,210 - PRINT - Nose gear x-position is: 7.05 meter behind reference point.
2025-10-16 09:25:02,210 - PRINT - Nose gear y-position is: 0.0 meter from reference center line.
2025-10-16 09:25:02,210 - PRINT - Nose gear z-position is: -1.6572 meter below reference center line.
2025-10-16 09:25:02,210 - PRINT - Number of nose gear struts is: 1.
2025-10-16 09:25:02,210 - PRINT - Nose gear strut length is: 2.0089 meter.
2025-10-16 09:25:02,210 - PRINT - Number of nose gear axis per strut is: 1.
2025-10-16 09:25:02,210 - PRINT - Number of nose gear tires per strut is: 2.
2025-10-16 09:25:02,210 - PRINT - Nose gear tires design load is: 12936.8054 pound.
2025-10-16 09:25:02,210 - PRINT - Selected nose gear tire type is: APS01203.
2025-10-16 09:25:02,210 - PRINT - ----- Main gear results of current loop -----
2025-10-16 09:25:02,210 - PRINT - Outer main gear x-position is: 17.1876 meter behind reference point.
2025-10-16 09:25:02,210 - PRINT - Outer main gear strut y-position is: 4.4011 meter from reference center line.
2025-10-16 09:25:02,210 - PRINT - Outer main gear strut z-position is: -0.8621 meter below reference center line.
2025-10-16 09:25:02,211 - PRINT - Number of outer main gear struts is: 2.
2025-10-16 09:25:02,211 - PRINT - Outer main gear strut length is: 2.804 meter.
2025-10-16 09:25:02,211 - PRINT - Number of main gear axis per outer strut is: 1.
2025-10-16 09:25:02,211 - PRINT - Number of main gear tires per outer strut is: 2.
2025-10-16 09:25:02,211 - PRINT - Main gear tires design load is: 42664.053 pound.
2025-10-16 09:25:02,211 - PRINT - Selected main gear tire type is: APS00524-E.

2025-10-16 09:25:02,211 - PRINT - Landing gear design successful after 4 iterations!
2025-10-16 09:25:02,270 - PRINT - ACN for CBR =  3 (ultra-low) is: 52.8
2025-10-16 09:25:02,270 - PRINT - ACN for CBR =  6 (low) is:       47.0
2025-10-16 09:25:02,270 - PRINT - ACN for CBR = 10 (medium) is:    42.9
2025-10-16 09:25:02,270 - PRINT - ACN for CBR = 15 (high) is:      41.2
2025-10-16 09:25:03,970 - WARNING - Warning: "plot_output" switch in module configuration file set to "False". No plots generated.
2025-10-16 09:25:03,970 - WARNING - Warning: "html_output" switch in module configuration file set to "False". No HTML report generated.
2025-10-16 09:25:03,972 - PRINT - Method-specific data are written to 'landing_gear_design_results.xml'...
2025-10-16 09:25:03,976 - WARNING - Warning: "tex_output" switch in module configuration file set to "False". No TeX report file generated.
2025-10-16 09:25:03,976 - PRINT - Landing gear design finished.
2025-10-16 09:26:19,942 - PRINT - Landing gear design started...
2025-10-16 09:26:20,039 - PRINT - Current run of landing gear iteration is: 1
2025-10-16 09:26:20,045 - WARNING - Attention: At least one nacelle mounted to the wing falls below the minimum required nacelle ground clearance.
2025-10-16 09:26:20,045 - PRINT - Repositioning and resizing of landing gear struts started!
2025-10-16 09:26:20,045 - PRINT - Repositioning and resizing of landing gear struts successfully finished!
2025-10-16 09:26:20,045 - PRINT - The resulting wing tip angle conforms the specified clearance angle of: 8.0 degrees!
2025-10-16 09:26:20,046 - PRINT - Total mass of landing gear is: 3000.2504kg!
2025-10-16 09:26:20,046 - PRINT - ----- Nose gear results of current loop -----
2025-10-16 09:26:20,046 - PRINT - Nose gear x-position is: 7.0 meter behind reference point.
2025-10-16 09:26:20,046 - PRINT - Nose gear y-position is: 0.0 meter from reference center line.
2025-10-16 09:26:20,046 - PRINT - Nose gear z-position is: -1.6572 meter below reference center line.
2025-10-16 09:26:20,046 - PRINT - Number of nose gear struts is: 1.
2025-10-16 09:26:20,046 - PRINT - Nose gear strut length is: 2.0089 meter.
2025-10-16 09:26:20,046 - PRINT - Number of nose gear axis per strut is: 1.
2025-10-16 09:26:20,046 - PRINT - Number of nose gear tires per strut is: 2.
2025-10-16 09:26:20,046 - PRINT - Nose gear tires design load is: 12970.9252 pound.
2025-10-16 09:26:20,047 - PRINT - Selected nose gear tire type is: APS01203.
2025-10-16 09:26:20,047 - PRINT - ----- Main gear results of current loop -----
2025-10-16 09:26:20,047 - PRINT - Outer main gear x-position is: 17.5029 meter behind reference point.
2025-10-16 09:26:20,047 - PRINT - Outer main gear strut y-position is: 4.4011 meter from reference center line.
2025-10-16 09:26:20,047 - PRINT - Outer main gear strut z-position is: -0.8621 meter below reference center line.
2025-10-16 09:26:20,047 - PRINT - Number of outer main gear struts is: 2.
2025-10-16 09:26:20,047 - PRINT - Outer main gear strut length is: 2.804 meter.
2025-10-16 09:26:20,047 - PRINT - Number of main gear axis per outer strut is: 1.
2025-10-16 09:26:20,047 - PRINT - Number of main gear tires per outer strut is: 2.
2025-10-16 09:26:20,047 - PRINT - Main gear tires design load is: 42622.06 pound.
2025-10-16 09:26:20,047 - PRINT - Selected main gear tire type is: APS00524-E.

2025-10-16 09:26:20,048 - PRINT - Current run of landing gear iteration is: 2
2025-10-16 09:26:20,049 - WARNING - Attention: At least one nacelle mounted to the wing falls below the minimum required nacelle ground clearance.
2025-10-16 09:26:20,049 - PRINT - Repositioning and resizing of landing gear struts started!
2025-10-16 09:26:20,049 - PRINT - Repositioning and resizing of landing gear struts successfully finished!
2025-10-16 09:26:20,049 - PRINT - The resulting wing tip angle conforms the specified clearance angle of: 8.0 degrees!
2025-10-16 09:26:20,049 - PRINT - Total mass of landing gear is: 3000.2504kg!
2025-10-16 09:26:20,049 - PRINT - ----- Nose gear results of current loop -----
2025-10-16 09:26:20,049 - PRINT - Nose gear x-position is: 7.0 meter behind reference point.
2025-10-16 09:26:20,049 - PRINT - Nose gear y-position is: 0.0 meter from reference center line.
2025-10-16 09:26:20,050 - PRINT - Nose gear z-position is: -1.6572 meter below reference center line.
2025-10-16 09:26:20,050 - PRINT - Number of nose gear struts is: 1.
2025-10-16 09:26:20,050 - PRINT - Nose gear strut length is: 2.0089 meter.
2025-10-16 09:26:20,050 - PRINT - Number of nose gear axis per strut is: 1.
2025-10-16 09:26:20,050 - PRINT - Number of nose gear tires per strut is: 2.
2025-10-16 09:26:20,050 - PRINT - Nose gear tires design load is: 15014.2745 pound.
2025-10-16 09:26:20,050 - PRINT - Selected nose gear tire type is: APS00453-C.
2025-10-16 09:26:20,050 - PRINT - ----- Main gear results of current loop -----
2025-10-16 09:26:20,050 - PRINT - Outer main gear x-position is: 17.0951 meter behind reference point.
2025-10-16 09:26:20,051 - PRINT - Outer main gear strut y-position is: 4.4011 meter from reference center line.
2025-10-16 09:26:20,051 - PRINT - Outer main gear strut z-position is: -0.8621 meter below reference center line.
2025-10-16 09:26:20,051 - PRINT - Number of outer main gear struts is: 2.
2025-10-16 09:26:20,051 - PRINT - Outer main gear strut length is: 2.804 meter.
2025-10-16 09:26:20,051 - PRINT - Number of main gear axis per outer strut is: 1.
2025-10-16 09:26:20,051 - PRINT - Number of main gear tires per outer strut is: 2.
2025-10-16 09:26:20,051 - PRINT - Main gear tires design load is: 41422.479 pound.
2025-10-16 09:26:20,051 - PRINT - Selected main gear tire type is: APS01347-A.

2025-10-16 09:26:20,051 - PRINT - Current run of landing gear iteration is: 3
2025-10-16 09:26:20,052 - WARNING - Attention: At least one nacelle mounted to the wing falls below the minimum required nacelle ground clearance.
2025-10-16 09:26:20,052 - PRINT - Repositioning and resizing of landing gear struts started!
2025-10-16 09:26:20,053 - PRINT - Repositioning and resizing of landing gear struts successfully finished!
2025-10-16 09:26:20,053 - PRINT - The resulting wing tip angle conforms the specified clearance angle of: 8.0 degrees!
2025-10-16 09:26:20,053 - PRINT - Total mass of landing gear is: 3000.2504kg!
2025-10-16 09:26:20,053 - PRINT - ----- Nose gear results of current loop -----
2025-10-16 09:26:20,053 - PRINT - Nose gear x-position is: 7.05 meter behind reference point.
2025-10-16 09:26:20,053 - PRINT - Nose gear y-position is: 0.0 meter from reference center line.
2025-10-16 09:26:20,053 - PRINT - Nose gear z-position is: -1.6572 meter below reference center line.
2025-10-16 09:26:20,053 - PRINT - Number of nose gear struts is: 1.
2025-10-16 09:26:20,053 - PRINT - Nose gear strut length is: 2.0089 meter.
2025-10-16 09:26:20,053 - PRINT - Number of nose gear axis per strut is: 1.
2025-10-16 09:26:20,053 - PRINT - Number of nose gear tires per strut is: 2.
2025-10-16 09:26:20,053 - PRINT - Nose gear tires design load is: 12936.8054 pound.
2025-10-16 09:26:20,053 - PRINT - Selected nose gear tire type is: APS01203.
2025-10-16 09:26:20,053 - PRINT - ----- Main gear results of current loop -----
2025-10-16 09:26:20,054 - PRINT - Outer main gear x-position is: 17.1936 meter behind reference point.
2025-10-16 09:26:20,054 - PRINT - Outer main gear strut y-position is: 4.4011 meter from reference center line.
2025-10-16 09:26:20,054 - PRINT - Outer main gear strut z-position is: -0.8621 meter below reference center line.
2025-10-16 09:26:20,054 - PRINT - Number of outer main gear struts is: 2.
2025-10-16 09:26:20,054 - PRINT - Outer main gear strut length is: 2.804 meter.
2025-10-16 09:26:20,054 - PRINT - Number of main gear axis per outer strut is: 1.
2025-10-16 09:26:20,054 - PRINT - Number of main gear tires per outer strut is: 2.
2025-10-16 09:26:20,054 - PRINT - Main gear tires design load is: 42664.053 pound.
2025-10-16 09:26:20,054 - PRINT - Selected main gear tire type is: APS00524-E.

2025-10-16 09:26:20,054 - PRINT - Current run of landing gear iteration is: 4
2025-10-16 09:26:20,056 - WARNING - Attention: At least one nacelle mounted to the wing falls below the minimum required nacelle ground clearance.
2025-10-16 09:26:20,056 - PRINT - Repositioning and resizing of landing gear struts started!
2025-10-16 09:26:20,056 - PRINT - Repositioning and resizing of landing gear struts successfully finished!
2025-10-16 09:26:20,056 - PRINT - The resulting wing tip angle conforms the specified clearance angle of: 8.0 degrees!
2025-10-16 09:26:20,056 - PRINT - Total mass of landing gear is: 3000.2504kg!
2025-10-16 09:26:20,056 - PRINT - ----- Nose gear results of current loop -----
2025-10-16 09:26:20,056 - PRINT - Nose gear x-position is: 7.05 meter behind reference point.
2025-10-16 09:26:20,056 - PRINT - Nose gear y-position is: 0.0 meter from reference center line.
2025-10-16 09:26:20,056 - PRINT - Nose gear z-position is: -1.6572 meter below reference center line.
2025-10-16 09:26:20,056 - PRINT - Number of nose gear struts is: 1.
2025-10-16 09:26:20,056 - PRINT - Nose gear strut length is: 2.0089 meter.
2025-10-16 09:26:20,056 - PRINT - Number of nose gear axis per strut is: 1.
2025-10-16 09:26:20,056 - PRINT - Number of nose gear tires per strut is: 2.
2025-10-16 09:26:20,056 - PRINT - Nose gear tires design load is: 12936.8054 pound.
2025-10-16 09:26:20,056 - PRINT - Selected nose gear tire type is: APS01203.
2025-10-16 09:26:20,057 - PRINT - ----- Main gear results of current loop -----
2025-10-16 09:26:20,057 - PRINT - Outer main gear x-position is: 17.1876 meter behind reference point.
2025-10-16 09:26:20,057 - PRINT - Outer main gear strut y-position is: 4.4011 meter from reference center line.
2025-10-16 09:26:20,057 - PRINT - Outer main gear strut z-position is: -0.8621 meter below reference center line.
2025-10-16 09:26:20,057 - PRINT - Number of outer main gear struts is: 2.
2025-10-16 09:26:20,057 - PRINT - Outer main gear strut length is: 2.804 meter.
2025-10-16 09:26:20,057 - PRINT - Number of main gear axis per outer strut is: 1.
2025-10-16 09:26:20,057 - PRINT - Number of main gear tires per outer strut is: 2.
2025-10-16 09:26:20,057 - PRINT - Main gear tires design load is: 42664.053 pound.
2025-10-16 09:26:20,057 - PRINT - Selected main gear tire type is: APS00524-E.

2025-10-16 09:26:20,057 - PRINT - Landing gear design successful after 4 iterations!
2025-10-16 09:26:20,114 - PRINT - ACN for CBR =  3 (ultra-low) is: 52.8
2025-10-16 09:26:20,114 - PRINT - ACN for CBR =  6 (low) is:       47.0
2025-10-16 09:26:20,115 - PRINT - ACN for CBR = 10 (medium) is:    42.9
2025-10-16 09:26:20,115 - PRINT - ACN for CBR = 15 (high) is:      41.2
2025-10-16 09:26:22,183 - PRINT - Plots for landing gear design are successfully generated and saved.
2025-10-16 09:26:22,184 - PRINT - HTML report is generated and saved...
2025-10-16 09:26:22,202 - PRINT - Method-specific data are written to 'landing_gear_design_results.xml'...
2025-10-16 09:26:22,206 - PRINT - Moin! This is the "method_tex_output" function from the landing_gear_design tool speaking... [Imagine fancy reports are generated here (you can find me in the "methodtexoutput.py" file).]
2025-10-16 09:26:22,207 - PRINT - Landing gear design finished.
